GET http://localhost:3002/api/sms/conversations 401 (Unauthorized)
useSMSConversations.useQuery @ useSMS.ts:20
fetchFn @ query.ts:457
run @ retryer.ts:153
start @ retryer.ts:218
fetch @ query.ts:576
#executeFetch @ queryObserver.ts:333
onSubscribe @ queryObserver.ts:104
subscribe @ subscribable.ts:11
useBaseQuery.useSyncExternalStore.useCallback @ useBaseQuery.ts:100
subscribeToStore @ react-dom-client.development.js:7248
react-stack-bottom-frame @ react-dom-client.development.js:23054
runWithFiberInDEV @ react-dom-client.development.js:844
commitHookEffectListMount @ react-dom-client.development.js:11977
commitHookPassiveMountEffects @ react-dom-client.development.js:12098
commitPassiveMountOnFiber @ react-dom-client.development.js:13928
recursivelyTraversePassiveMountEffects @ react-dom-client.development.js:13901
commitPassiveMountOnFiber @ react-dom-client.development.js:14047
recursivelyTraversePassiveMountEffects @ react-dom-client.development.js:13901
commitPassiveMountOnFiber @ react-dom-client.development.js:14047
recursivelyTraversePassiveMountEffects @ react-dom-client.development.js:13901
commitPassiveMountOnFiber @ react-dom-client.development.js:14047
recursivelyTraversePassiveMountEffects @ react-dom-client.development.js:13901
commitPassiveMountOnFiber @ react-dom-client.development.js:14047
recursivelyTraversePassiveMountEffects @ react-dom-client.development.js:13901
commitPassiveMountOnFiber @ react-dom-client.development.js:13921
recursivelyTraversePassiveMountEffects @ react-dom-client.development.js:13901
commitPassiveMountOnFiber @ react-dom-client.development.js:14047
recursivelyTraversePassiveMountEffects @ react-dom-client.development.js:13901
commitPassiveMountOnFiber @ react-dom-client.development.js:13921
recursivelyTraversePassiveMountEffects @ react-dom-client.development.js:13901
commitPassiveMountOnFiber @ react-dom-client.development.js:13921
recursivelyTraversePassiveMountEffects @ react-dom-client.development.js:13901
commitPassiveMountOnFiber @ react-dom-client.development.js:14047
recursivelyTraversePassiveMountEffects @ react-dom-client.development.js:13901
commitPassiveMountOnFiber @ react-dom-client.development.js:14047
recursivelyTraversePassiveMountEffects @ react-dom-client.development.js:13901
commitPassiveMountOnFiber @ react-dom-client.development.js:13921
recursivelyTraversePassiveMountEffects @ react-dom-client.development.js:13901
commitPassiveMountOnFiber @ react-dom-client.development.js:13931
recursivelyTraversePassiveMountEffects @ react-dom-client.development.js:13901
commitPassiveMountOnFiber @ react-dom-client.development.js:13921
recursivelyTraversePassiveMountEffects @ react-dom-client.development.js:13901
commitPassiveMountOnFiber @ react-dom-client.development.js:13921
recursivelyTraversePassiveMountEffects @ react-dom-client.development.js:13901
commitPassiveMountOnFiber @ react-dom-client.development.js:13921
recursivelyTraversePassiveMountEffects @ react-dom-client.development.js:13901
commitPassiveMountOnFiber @ react-dom-client.development.js:13921
recursivelyTraversePassiveMountEffects @ react-dom-client.development.js:13901
commitPassiveMountOnFiber @ react-dom-client.development.js:13931
recursivelyTraversePassiveMountEffects @ react-dom-client.development.js:13901
commitPassiveMountOnFiber @ react-dom-client.development.js:13921
recursivelyTraversePassiveMountEffects @ react-dom-client.development.js:13901
commitPassiveMountOnFiber @ react-dom-client.development.js:13921
recursivelyTraversePassiveMountEffects @ react-dom-client.development.js:13901
commitPassiveMountOnFiber @ react-dom-client.development.js:14047
recursivelyTraversePassiveMountEffects @ react-dom-client.development.js:13901
commitPassiveMountOnFiber @ react-dom-client.development.js:13921
recursivelyTraversePassiveMountEffects @ react-dom-client.development.js:13901
commitPassiveMountOnFiber @ react-dom-client.development.js:14047
recursivelyTraversePassiveMountEffects @ react-dom-client.development.js:13901
commitPassiveMountOnFiber @ react-dom-client.development.js:14047
recursivelyTraversePassiveMountEffects @ react-dom-client.development.js:13901
commitPassiveMountOnFiber @ react-dom-client.development.js:13921
recursivelyTraversePassiveMountEffects @ react-dom-client.development.js:13901
commitPassiveMountOnFiber @ react-dom-client.development.js:13931
recursivelyTraversePassiveMountEffects @ react-dom-client.development.js:13901
commitPassiveMountOnFiber @ react-dom-client.development.js:13921
recursivelyTraversePassiveMountEffects @ react-dom-client.development.js:13901
commitPassiveMountOnFiber @ react-dom-client.development.js:13931
recursivelyTraversePassiveMountEffects @ react-dom-client.development.js:13901
commitPassiveMountOnFiber @ react-dom-client.development.js:13921
recursivelyTraversePassiveMountEffects @ react-dom-client.development.js:13901
commitPassiveMountOnFiber @ react-dom-client.development.js:13921
recursivelyTraversePassiveMountEffects @ react-dom-client.development.js:13901
commitPassiveMountOnFiber @ react-dom-client.development.js:13921
recursivelyTraversePassiveMountEffects @ react-dom-client.development.js:13901
commitPassiveMountOnFiber @ react-dom-client.development.js:13931
recursivelyTraversePassiveMountEffects @ react-dom-client.development.js:13901
commitPassiveMountOnFiber @ react-dom-client.development.js:13921
recursivelyTraversePassiveMountEffects @ react-dom-client.development.js:13901
commitPassiveMountOnFiber @ react-dom-client.development.js:13921
recursivelyTraversePassiveMountEffects @ react-dom-client.development.js:13901
commitPassiveMountOnFiber @ react-dom-client.development.js:14047
recursivelyTraversePassiveMountEffects @ react-dom-client.development.js:13901
commitPassiveMountOnFiber @ react-dom-client.development.js:13921
recursivelyTraversePassiveMountEffects @ react-dom-client.development.js:13901
commitPassiveMountOnFiber @ react-dom-client.development.js:14047
recursivelyTraversePassiveMountEffects @ react-dom-client.development.js:13901
commitPassiveMountOnFiber @ react-dom-client.development.js:14047
recursivelyTraversePassiveMountEffects @ react-dom-client.development.js:13901
commitPassiveMountOnFiber @ react-dom-client.development.js:13921
recursivelyTraversePassiveMountEffects @ react-dom-client.development.js:13901
commitPassiveMountOnFiber @ react-dom-client.development.js:14047
recursivelyTraversePassiveMountEffects @ react-dom-client.development.js:13901
commitPassiveMountOnFiber @ react-dom-client.development.js:14047
recursivelyTraversePassiveMountEffects @ react-dom-client.development.js:13901
commitPassiveMountOnFiber @ react-dom-client.development.js:14047
recursivelyTraversePassiveMountEffects @ react-dom-client.development.js:13901
commitPassiveMountOnFiber @ react-dom-client.development.js:13921
recursivelyTraversePassiveMountEffects @ react-dom-client.development.js:13901
commitPassiveMountOnFiber @ react-dom-client.development.js:13921
recursivelyTraversePassiveMountEffects @ react-dom-client.development.js:13901
commitPassiveMountOnFiber @ react-dom-client.development.js:14047
recursivelyTraversePassiveMountEffects @ react-dom-client.development.js:13901
commitPassiveMountOnFiber @ react-dom-client.development.js:14047
recursivelyTraversePassiveMountEffects @ react-dom-client.development.js:13901
commitPassiveMountOnFiber @ react-dom-client.development.js:13921
recursivelyTraversePassiveMountEffects @ react-dom-client.development.js:13901
commitPassiveMountOnFiber @ react-dom-client.development.js:13931
recursivelyTraversePassiveMountEffects @ react-dom-client.development.js:13901
commitPassiveMountOnFiber @ react-dom-client.development.js:13921
recursivelyTraversePassiveMountEffects @ react-dom-client.development.js:13901
commitPassiveMountOnFiber @ react-dom-client.development.js:13931
recursivelyTraversePassiveMountEffects @ react-dom-client.development.js:13901
commitPassiveMountOnFiber @ react-dom-client.development.js:13921
recursivelyTraversePassiveMountEffects @ react-dom-client.development.js:13901
commitPassiveMountOnFiber @ react-dom-client.development.js:13921
recursivelyTraversePassiveMountEffects @ react-dom-client.development.js:13901
commitPassiveMountOnFiber @ react-dom-client.development.js:13921
recursivelyTraversePassiveMountEffects @ react-dom-client.development.js:13901
commitPassiveMountOnFiber @ react-dom-client.development.js:13931
recursivelyTraversePassiveMountEffects @ react-dom-client.development.js:13901
commitPassiveMountOnFiber @ react-dom-client.development.js:13921
recursivelyTraversePassiveMountEffects @ react-dom-client.development.js:13901
commitPassiveMountOnFiber @ react-dom-client.development.js:13921
recursivelyTraversePassiveMountEffects @ react-dom-client.development.js:13901
commitPassiveMountOnFiber @ react-dom-client.development.js:14047
recursivelyTraversePassiveMountEffects @ react-dom-client.development.js:13901
commitPassiveMountOnFiber @ react-dom-client.development.js:13921
recursivelyTraversePassiveMountEffects @ react-dom-client.development.js:13901
commitPassiveMountOnFiber @ react-dom-client.development.js:14047
recursivelyTraversePassiveMountEffects @ react-dom-client.development.js:13901
commitPassiveMountOnFiber @ react-dom-client.development.js:13921
recursivelyTraversePassiveMountEffects @ react-dom-client.development.js:13901
commitPassiveMountOnFiber @ react-dom-client.development.js:13921
recursivelyTraversePassiveMountEffects @ react-dom-client.development.js:13901
commitPassiveMountOnFiber @ react-dom-client.development.js:14047
recursivelyTraversePassiveMountEffects @ react-dom-client.development.js:13901
commitPassiveMountOnFiber @ react-dom-client.development.js:14047
recursivelyTraversePassiveMountEffects @ react-dom-client.development.js:13901
commitPassiveMountOnFiber @ react-dom-client.development.js:14047
recursivelyTraversePassiveMountEffects @ react-dom-client.development.js:13901
commitPassiveMountOnFiber @ react-dom-client.development.js:13931
recursivelyTraversePassiveMountEffects @ react-dom-client.development.js:13901
commitPassiveMountOnFiber @ react-dom-client.development.js:13921
recursivelyTraversePassiveMountEffects @ react-dom-client.development.js:13901
commitPassiveMountOnFiber @ react-dom-client.development.js:13931
recursivelyTraversePassiveMountEffects @ react-dom-client.development.js:13901
commitPassiveMountOnFiber @ react-dom-client.development.js:13921
recursivelyTraversePassiveMountEffects @ react-dom-client.development.js:13901
commitPassiveMountOnFiber @ react-dom-client.development.js:13921
recursivelyTraversePassiveMountEffects @ react-dom-client.development.js:13901
commitPassiveMountOnFiber @ react-dom-client.development.js:13931
recursivelyTraversePassiveMountEffects @ react-dom-client.development.js:13901
commitPassiveMountOnFiber @ react-dom-client.development.js:13921
recursivelyTraversePassiveMountEffects @ react-dom-client.development.js:13901
commitPassiveMountOnFiber @ react-dom-client.development.js:13921
recursivelyTraversePassiveMountEffects @ react-dom-client.development.js:13901
commitPassiveMountOnFiber @ react-dom-client.development.js:14047
recursivelyTraversePassiveMountEffects @ react-dom-client.development.js:13901
commitPassiveMountOnFiber @ react-dom-client.development.js:14047
recursivelyTraversePassiveMountEffects @ react-dom-client.development.js:13901
commitPassiveMountOnFiber @ react-dom-client.development.js:14047
recursivelyTraversePassiveMountEffects @ react-dom-client.development.js:13901
commitPassiveMountOnFiber @ react-dom-client.development.js:14047
recursivelyTraversePassiveMountEffects @ react-dom-client.development.js:13901
commitPassiveMountOnFiber @ react-dom-client.development.js:14047
recursivelyTraversePassiveMountEffects @ react-dom-client.development.js:13901
commitPassiveMountOnFiber @ react-dom-client.development.js:14047
recursivelyTraversePassiveMountEffects @ react-dom-client.development.js:13901
commitPassiveMountOnFiber @ react-dom-client.development.js:13921
recursivelyTraversePassiveMountEffects @ react-dom-client.development.js:13901
commitPassiveMountOnFiber @ react-dom-client.development.js:13931
recursivelyTraversePassiveMountEffects @ react-dom-client.development.js:13901
commitPassiveMountOnFiber @ react-dom-client.development.js:13921
recursivelyTraversePassiveMountEffects @ react-dom-client.development.js:13901
commitPassiveMountOnFiber @ react-dom-client.development.js:13921
recursivelyTraversePassiveMountEffects @ react-dom-client.development.js:13901
commitPassiveMountOnFiber @ react-dom-client.development.js:14047
recursivelyTraversePassiveMountEffects @ react-dom-client.development.js:13901
commitPassiveMountOnFiber @ react-dom-client.development.js:13921
recursivelyTraversePassiveMountEffects @ react-dom-client.development.js:13901
commitPassiveMountOnFiber @ react-dom-client.development.js:13921
recursivelyTraversePassiveMountEffects @ react-dom-client.development.js:13901
commitPassiveMountOnFiber @ react-dom-client.development.js:14047
recursivelyTraversePassiveMountEffects @ react-dom-client.development.js:13901
commitPassiveMountOnFiber @ react-dom-client.development.js:14047
recursivelyTraversePassiveMountEffects @ react-dom-client.development.js:13901
commitPassiveMountOnFiber @ react-dom-client.development.js:13940
flushPassiveEffects @ react-dom-client.development.js:15868
flushPendingEffects @ react-dom-client.development.js:15829
flushSpawnedWork @ react-dom-client.development.js:15795
commitRoot @ react-dom-client.development.js:15528
commitRootWhenReady @ react-dom-client.development.js:14758
performWorkOnRoot @ react-dom-client.development.js:14681
performSyncWorkOnRoot @ react-dom-client.development.js:16364
flushSyncWorkAcrossRoots_impl @ react-dom-client.development.js:16210
flushPassiveEffects @ react-dom-client.development.js:15880
(anonymous) @ react-dom-client.development.js:15504
performWorkUntilDeadline @ scheduler.development.js:45
<SMSConversations>
exports.jsxDEV @ react-jsx-dev-runtime.development.js:346
ReceptionistPage @ page.tsx:116
react-stack-bottom-frame @ react-dom-client.development.js:22973
renderWithHooksAgain @ react-dom-client.development.js:6766
renderWithHooks @ react-dom-client.development.js:6678
updateFunctionComponent @ react-dom-client.development.js:8930
beginWork @ react-dom-client.development.js:10555
runWithFiberInDEV @ react-dom-client.development.js:844
performUnitOfWork @ react-dom-client.development.js:15257
workLoopSync @ react-dom-client.development.js:15077
renderRootSync @ react-dom-client.development.js:15057
performWorkOnRoot @ react-dom-client.development.js:14525
performSyncWorkOnRoot @ react-dom-client.development.js:16364
flushSyncWorkAcrossRoots_impl @ react-dom-client.development.js:16210
flushPassiveEffects @ react-dom-client.development.js:15880
(anonymous) @ react-dom-client.development.js:15504
performWorkUntilDeadline @ scheduler.development.js:45
<ReceptionistPage>
exports.jsx @ react-jsx-runtime.development.js:339
ClientPageRoot @ client-page.tsx:60
react-stack-bottom-frame @ react-dom-client.development.js:22973
renderWithHooksAgain @ react-dom-client.development.js:6766
renderWithHooks @ react-dom-client.development.js:6678
updateFunctionComponent @ react-dom-client.development.js:8930
beginWork @ react-dom-client.development.js:10504
runWithFiberInDEV @ react-dom-client.development.js:844
performUnitOfWork @ react-dom-client.development.js:15257
workLoopSync @ react-dom-client.development.js:15077
renderRootSync @ react-dom-client.development.js:15057
performWorkOnRoot @ react-dom-client.development.js:14525
performSyncWorkOnRoot @ react-dom-client.development.js:16364
flushSyncWorkAcrossRoots_impl @ react-dom-client.development.js:16210
flushPassiveEffects @ react-dom-client.development.js:15880
(anonymous) @ react-dom-client.development.js:15504
performWorkUntilDeadline @ scheduler.development.js:45
"use client"
(anonymous) @ react-server-dom-turbopack-client.browser.development.js:2347
initializeModelChunk @ react-server-dom-turbopack-client.browser.development.js:1047
resolveModelChunk @ react-server-dom-turbopack-client.browser.development.js:1024
resolveModel @ react-server-dom-turbopack-client.browser.development.js:1592
processFullStringRow @ react-server-dom-turbopack-client.browser.development.js:2281
processFullBinaryRow @ react-server-dom-turbopack-client.browser.development.js:2226
progress @ react-server-dom-turbopack-client.browser.development.js:2472
"use server"
ResponseInstance @ react-server-dom-turbopack-client.browser.development.js:1580
createResponseFromOptions @ react-server-dom-turbopack-client.browser.development.js:2389
exports.createFromReadableStream @ react-server-dom-turbopack-client.browser.development.js:2702
[project]/node_modules/next/dist/client/app-index.js [app-client] (ecmascript) @ app-index.tsx:157
(anonymous) @ dev-base.ts:201
runModuleExecutionHooks @ dev-base.ts:261
instantiateModule @ dev-base.ts:199
getOrInstantiateModuleFromParent @ dev-base.ts:128
commonJsRequire @ runtime-utils.ts:241
(anonymous) @ app-next-turbopack.ts:11
(anonymous) @ app-bootstrap.ts:78
loadScriptsInSequence @ app-bootstrap.ts:20
appBootstrap @ app-bootstrap.ts:60
[project]/node_modules/next/dist/client/app-next-turbopack.js [app-client] (ecmascript) @ app-next-turbopack.ts:10
(anonymous) @ dev-base.ts:201
runModuleExecutionHooks @ dev-base.ts:261
instantiateModule @ dev-base.ts:199
getOrInstantiateRuntimeModule @ dev-base.ts:97
registerChunk @ runtime-backend-dom.ts:85
await in registerChunk
registerChunk @ runtime-base.ts:356
(anonymous) @ dev-backend-dom.ts:127
(anonymous) @ dev-backend-dom.ts:127Understand this error
AppointmentBookingCalendar.tsx:286 
            
            
           GET http://localhost:3002/api/services 401 (Unauthorized)
AppointmentBookingCalendar.useQuery @ AppointmentBookingCalendar.tsx:286
fetchFn @ query.ts:457
run @ retryer.ts:153
start @ retryer.ts:218
fetch @ query.ts:576
#executeFetch @ queryObserver.ts:333
onSubscribe @ queryObserver.ts:104
subscribe @ subscribable.ts:11
useBaseQuery.useSyncExternalStore.useCallback @ useBaseQuery.ts:100
subscribeToStore @ react-dom-client.development.js:7248
react-stack-bottom-frame @ react-dom-client.development.js:23054
runWithFiberInDEV @ react-dom-client.development.js:844
commitHookEffectListMount @ react-dom-client.development.js:11977
commitHookPassiveMountEffects @ react-dom-client.development.js:12098
commitPassiveMountOnFiber @ react-dom-client.development.js:13928
recursivelyTraversePassiveMountEffects @ react-dom-client.development.js:13901
commitPassiveMountOnFiber @ react-dom-client.development.js:14047
recursivelyTraversePassiveMountEffects @ react-dom-client.development.js:13901
commitPassiveMountOnFiber @ react-dom-client.development.js:14047
recursivelyTraversePassiveMountEffects @ react-dom-client.development.js:13901
commitPassiveMountOnFiber @ react-dom-client.development.js:14047
recursivelyTraversePassiveMountEffects @ react-dom-client.development.js:13901
commitPassiveMountOnFiber @ react-dom-client.development.js:13921
recursivelyTraversePassiveMountEffects @ react-dom-client.development.js:13901
commitPassiveMountOnFiber @ react-dom-client.development.js:14047
recursivelyTraversePassiveMountEffects @ react-dom-client.development.js:13901
commitPassiveMountOnFiber @ react-dom-client.development.js:13921
recursivelyTraversePassiveMountEffects @ react-dom-client.development.js:13901
commitPassiveMountOnFiber @ react-dom-client.development.js:13921
recursivelyTraversePassiveMountEffects @ react-dom-client.development.js:13901
commitPassiveMountOnFiber @ react-dom-client.development.js:14047
recursivelyTraversePassiveMountEffects @ react-dom-client.development.js:13901
commitPassiveMountOnFiber @ react-dom-client.development.js:14047
recursivelyTraversePassiveMountEffects @ react-dom-client.development.js:13901
commitPassiveMountOnFiber @ react-dom-client.development.js:13921
recursivelyTraversePassiveMountEffects @ react-dom-client.development.js:13901
commitPassiveMountOnFiber @ react-dom-client.development.js:13931
recursivelyTraversePassiveMountEffects @ react-dom-client.development.js:13901
commitPassiveMountOnFiber @ react-dom-client.development.js:13921
recursivelyTraversePassiveMountEffects @ react-dom-client.development.js:13901
commitPassiveMountOnFiber @ react-dom-client.development.js:13921
recursivelyTraversePassiveMountEffects @ react-dom-client.development.js:13901
commitPassiveMountOnFiber @ react-dom-client.development.js:13921
recursivelyTraversePassiveMountEffects @ react-dom-client.development.js:13901
commitPassiveMountOnFiber @ react-dom-client.development.js:13921
recursivelyTraversePassiveMountEffects @ react-dom-client.development.js:13901
commitPassiveMountOnFiber @ react-dom-client.development.js:13931
recursivelyTraversePassiveMountEffects @ react-dom-client.development.js:13901
commitPassiveMountOnFiber @ react-dom-client.development.js:13921
recursivelyTraversePassiveMountEffects @ react-dom-client.development.js:13901
commitPassiveMountOnFiber @ react-dom-client.development.js:13921
recursivelyTraversePassiveMountEffects @ react-dom-client.development.js:13901
commitPassiveMountOnFiber @ react-dom-client.development.js:14047
recursivelyTraversePassiveMountEffects @ react-dom-client.development.js:13901
commitPassiveMountOnFiber @ react-dom-client.development.js:13921
recursivelyTraversePassiveMountEffects @ react-dom-client.development.js:13901
commitPassiveMountOnFiber @ react-dom-client.development.js:14047
recursivelyTraversePassiveMountEffects @ react-dom-client.development.js:13901
commitPassiveMountOnFiber @ react-dom-client.development.js:14047
recursivelyTraversePassiveMountEffects @ react-dom-client.development.js:13901
commitPassiveMountOnFiber @ react-dom-client.development.js:13921
recursivelyTraversePassiveMountEffects @ react-dom-client.development.js:13901
commitPassiveMountOnFiber @ react-dom-client.development.js:13931
recursivelyTraversePassiveMountEffects @ react-dom-client.development.js:13901
commitPassiveMountOnFiber @ react-dom-client.development.js:13921
recursivelyTraversePassiveMountEffects @ react-dom-client.development.js:13901
commitPassiveMountOnFiber @ react-dom-client.development.js:13931
recursivelyTraversePassiveMountEffects @ react-dom-client.development.js:13901
commitPassiveMountOnFiber @ react-dom-client.development.js:13921
recursivelyTraversePassiveMountEffects @ react-dom-client.development.js:13901
commitPassiveMountOnFiber @ react-dom-client.development.js:13921
recursivelyTraversePassiveMountEffects @ react-dom-client.development.js:13901
commitPassiveMountOnFiber @ react-dom-client.development.js:13921
recursivelyTraversePassiveMountEffects @ react-dom-client.development.js:13901
commitPassiveMountOnFiber @ react-dom-client.development.js:13931
recursivelyTraversePassiveMountEffects @ react-dom-client.development.js:13901
commitPassiveMountOnFiber @ react-dom-client.development.js:13921
recursivelyTraversePassiveMountEffects @ react-dom-client.development.js:13901
commitPassiveMountOnFiber @ react-dom-client.development.js:13921
recursivelyTraversePassiveMountEffects @ react-dom-client.development.js:13901
commitPassiveMountOnFiber @ react-dom-client.development.js:14047
recursivelyTraversePassiveMountEffects @ react-dom-client.development.js:13901
commitPassiveMountOnFiber @ react-dom-client.development.js:13921
recursivelyTraversePassiveMountEffects @ react-dom-client.development.js:13901
commitPassiveMountOnFiber @ react-dom-client.development.js:14047
recursivelyTraversePassiveMountEffects @ react-dom-client.development.js:13901
commitPassiveMountOnFiber @ react-dom-client.development.js:14047
recursivelyTraversePassiveMountEffects @ react-dom-client.development.js:13901
commitPassiveMountOnFiber @ react-dom-client.development.js:13921
recursivelyTraversePassiveMountEffects @ react-dom-client.development.js:13901
commitPassiveMountOnFiber @ react-dom-client.development.js:14047
recursivelyTraversePassiveMountEffects @ react-dom-client.development.js:13901
commitPassiveMountOnFiber @ react-dom-client.development.js:14047
recursivelyTraversePassiveMountEffects @ react-dom-client.development.js:13901
commitPassiveMountOnFiber @ react-dom-client.development.js:14047
recursivelyTraversePassiveMountEffects @ react-dom-client.development.js:13901
commitPassiveMountOnFiber @ react-dom-client.development.js:13921
recursivelyTraversePassiveMountEffects @ react-dom-client.development.js:13901
commitPassiveMountOnFiber @ react-dom-client.development.js:13921
recursivelyTraversePassiveMountEffects @ react-dom-client.development.js:13901
commitPassiveMountOnFiber @ react-dom-client.development.js:14047
recursivelyTraversePassiveMountEffects @ react-dom-client.development.js:13901
commitPassiveMountOnFiber @ react-dom-client.development.js:14047
recursivelyTraversePassiveMountEffects @ react-dom-client.development.js:13901
commitPassiveMountOnFiber @ react-dom-client.development.js:13921
recursivelyTraversePassiveMountEffects @ react-dom-client.development.js:13901
commitPassiveMountOnFiber @ react-dom-client.development.js:13931
recursivelyTraversePassiveMountEffects @ react-dom-client.development.js:13901
commitPassiveMountOnFiber @ react-dom-client.development.js:13921
recursivelyTraversePassiveMountEffects @ react-dom-client.development.js:13901
commitPassiveMountOnFiber @ react-dom-client.development.js:13931
recursivelyTraversePassiveMountEffects @ react-dom-client.development.js:13901
commitPassiveMountOnFiber @ react-dom-client.development.js:13921
recursivelyTraversePassiveMountEffects @ react-dom-client.development.js:13901
commitPassiveMountOnFiber @ react-dom-client.development.js:13921
recursivelyTraversePassiveMountEffects @ react-dom-client.development.js:13901
commitPassiveMountOnFiber @ react-dom-client.development.js:13921
recursivelyTraversePassiveMountEffects @ react-dom-client.development.js:13901
commitPassiveMountOnFiber @ react-dom-client.development.js:13931
recursivelyTraversePassiveMountEffects @ react-dom-client.development.js:13901
commitPassiveMountOnFiber @ react-dom-client.development.js:13921
recursivelyTraversePassiveMountEffects @ react-dom-client.development.js:13901
commitPassiveMountOnFiber @ react-dom-client.development.js:13921
recursivelyTraversePassiveMountEffects @ react-dom-client.development.js:13901
commitPassiveMountOnFiber @ react-dom-client.development.js:14047
recursivelyTraversePassiveMountEffects @ react-dom-client.development.js:13901
commitPassiveMountOnFiber @ react-dom-client.development.js:13921
recursivelyTraversePassiveMountEffects @ react-dom-client.development.js:13901
commitPassiveMountOnFiber @ react-dom-client.development.js:14047
recursivelyTraversePassiveMountEffects @ react-dom-client.development.js:13901
commitPassiveMountOnFiber @ react-dom-client.development.js:13921
recursivelyTraversePassiveMountEffects @ react-dom-client.development.js:13901
commitPassiveMountOnFiber @ react-dom-client.development.js:13921
recursivelyTraversePassiveMountEffects @ react-dom-client.development.js:13901
commitPassiveMountOnFiber @ react-dom-client.development.js:14047
recursivelyTraversePassiveMountEffects @ react-dom-client.development.js:13901
commitPassiveMountOnFiber @ react-dom-client.development.js:14047
recursivelyTraversePassiveMountEffects @ react-dom-client.development.js:13901
commitPassiveMountOnFiber @ react-dom-client.development.js:14047
recursivelyTraversePassiveMountEffects @ react-dom-client.development.js:13901
commitPassiveMountOnFiber @ react-dom-client.development.js:13931
recursivelyTraversePassiveMountEffects @ react-dom-client.development.js:13901
commitPassiveMountOnFiber @ react-dom-client.development.js:13921
recursivelyTraversePassiveMountEffects @ react-dom-client.development.js:13901
commitPassiveMountOnFiber @ react-dom-client.development.js:13931
recursivelyTraversePassiveMountEffects @ react-dom-client.development.js:13901
commitPassiveMountOnFiber @ react-dom-client.development.js:13921
recursivelyTraversePassiveMountEffects @ react-dom-client.development.js:13901
commitPassiveMountOnFiber @ react-dom-client.development.js:13921
recursivelyTraversePassiveMountEffects @ react-dom-client.development.js:13901
commitPassiveMountOnFiber @ react-dom-client.development.js:13931
recursivelyTraversePassiveMountEffects @ react-dom-client.development.js:13901
commitPassiveMountOnFiber @ react-dom-client.development.js:13921
recursivelyTraversePassiveMountEffects @ react-dom-client.development.js:13901
commitPassiveMountOnFiber @ react-dom-client.development.js:13921
recursivelyTraversePassiveMountEffects @ react-dom-client.development.js:13901
commitPassiveMountOnFiber @ react-dom-client.development.js:14047
recursivelyTraversePassiveMountEffects @ react-dom-client.development.js:13901
commitPassiveMountOnFiber @ react-dom-client.development.js:14047
recursivelyTraversePassiveMountEffects @ react-dom-client.development.js:13901
commitPassiveMountOnFiber @ react-dom-client.development.js:14047
recursivelyTraversePassiveMountEffects @ react-dom-client.development.js:13901
commitPassiveMountOnFiber @ react-dom-client.development.js:14047
recursivelyTraversePassiveMountEffects @ react-dom-client.development.js:13901
commitPassiveMountOnFiber @ react-dom-client.development.js:14047
recursivelyTraversePassiveMountEffects @ react-dom-client.development.js:13901
commitPassiveMountOnFiber @ react-dom-client.development.js:14047
recursivelyTraversePassiveMountEffects @ react-dom-client.development.js:13901
commitPassiveMountOnFiber @ react-dom-client.development.js:13921
recursivelyTraversePassiveMountEffects @ react-dom-client.development.js:13901
commitPassiveMountOnFiber @ react-dom-client.development.js:13931
recursivelyTraversePassiveMountEffects @ react-dom-client.development.js:13901
commitPassiveMountOnFiber @ react-dom-client.development.js:13921
recursivelyTraversePassiveMountEffects @ react-dom-client.development.js:13901
commitPassiveMountOnFiber @ react-dom-client.development.js:13921
recursivelyTraversePassiveMountEffects @ react-dom-client.development.js:13901
commitPassiveMountOnFiber @ react-dom-client.development.js:14047
recursivelyTraversePassiveMountEffects @ react-dom-client.development.js:13901
commitPassiveMountOnFiber @ react-dom-client.development.js:13921
recursivelyTraversePassiveMountEffects @ react-dom-client.development.js:13901
commitPassiveMountOnFiber @ react-dom-client.development.js:13921
recursivelyTraversePassiveMountEffects @ react-dom-client.development.js:13901
commitPassiveMountOnFiber @ react-dom-client.development.js:14047
recursivelyTraversePassiveMountEffects @ react-dom-client.development.js:13901
commitPassiveMountOnFiber @ react-dom-client.development.js:14047
recursivelyTraversePassiveMountEffects @ react-dom-client.development.js:13901
commitPassiveMountOnFiber @ react-dom-client.development.js:13940
flushPassiveEffects @ react-dom-client.development.js:15868
flushPendingEffects @ react-dom-client.development.js:15829
flushSpawnedWork @ react-dom-client.development.js:15795
commitRoot @ react-dom-client.development.js:15528
commitRootWhenReady @ react-dom-client.development.js:14758
performWorkOnRoot @ react-dom-client.development.js:14681
performSyncWorkOnRoot @ react-dom-client.development.js:16364
flushSyncWorkAcrossRoots_impl @ react-dom-client.development.js:16210
flushPassiveEffects @ react-dom-client.development.js:15880
(anonymous) @ react-dom-client.development.js:15504
performWorkUntilDeadline @ scheduler.development.js:45
<AppointmentBookingCalendar>
exports.jsxDEV @ react-jsx-dev-runtime.development.js:346
ReceptionistPage @ page.tsx:120
react-stack-bottom-frame @ react-dom-client.development.js:22973
renderWithHooksAgain @ react-dom-client.development.js:6766
renderWithHooks @ react-dom-client.development.js:6678
updateFunctionComponent @ react-dom-client.development.js:8930
beginWork @ react-dom-client.development.js:10555
runWithFiberInDEV @ react-dom-client.development.js:844
performUnitOfWork @ react-dom-client.development.js:15257
workLoopSync @ react-dom-client.development.js:15077
renderRootSync @ react-dom-client.development.js:15057
performWorkOnRoot @ react-dom-client.development.js:14525
performSyncWorkOnRoot @ react-dom-client.development.js:16364
flushSyncWorkAcrossRoots_impl @ react-dom-client.development.js:16210
flushPassiveEffects @ react-dom-client.development.js:15880
(anonymous) @ react-dom-client.development.js:15504
performWorkUntilDeadline @ scheduler.development.js:45
<ReceptionistPage>
exports.jsx @ react-jsx-runtime.development.js:339
ClientPageRoot @ client-page.tsx:60
react-stack-bottom-frame @ react-dom-client.development.js:22973
renderWithHooksAgain @ react-dom-client.development.js:6766
renderWithHooks @ react-dom-client.development.js:6678
updateFunctionComponent @ react-dom-client.development.js:8930
beginWork @ react-dom-client.development.js:10504
runWithFiberInDEV @ react-dom-client.development.js:844
performUnitOfWork @ react-dom-client.development.js:15257
workLoopSync @ react-dom-client.development.js:15077
renderRootSync @ react-dom-client.development.js:15057
performWorkOnRoot @ react-dom-client.development.js:14525
performSyncWorkOnRoot @ react-dom-client.development.js:16364
flushSyncWorkAcrossRoots_impl @ react-dom-client.development.js:16210
flushPassiveEffects @ react-dom-client.development.js:15880
(anonymous) @ react-dom-client.development.js:15504
performWorkUntilDeadline @ scheduler.development.js:45
"use client"
(anonymous) @ react-server-dom-turbopack-client.browser.development.js:2347
initializeModelChunk @ react-server-dom-turbopack-client.browser.development.js:1047
resolveModelChunk @ react-server-dom-turbopack-client.browser.development.js:1024
resolveModel @ react-server-dom-turbopack-client.browser.development.js:1592
processFullStringRow @ react-server-dom-turbopack-client.browser.development.js:2281
processFullBinaryRow @ react-server-dom-turbopack-client.browser.development.js:2226
progress @ react-server-dom-turbopack-client.browser.development.js:2472
"use server"
ResponseInstance @ react-server-dom-turbopack-client.browser.development.js:1580
createResponseFromOptions @ react-server-dom-turbopack-client.browser.development.js:2389
exports.createFromReadableStream @ react-server-dom-turbopack-client.browser.development.js:2702
[project]/node_modules/next/dist/client/app-index.js [app-client] (ecmascript) @ app-index.tsx:157
(anonymous) @ dev-base.ts:201
runModuleExecutionHooks @ dev-base.ts:261
instantiateModule @ dev-base.ts:199
getOrInstantiateModuleFromParent @ dev-base.ts:128
commonJsRequire @ runtime-utils.ts:241
(anonymous) @ app-next-turbopack.ts:11
(anonymous) @ app-bootstrap.ts:78
loadScriptsInSequence @ app-bootstrap.ts:20
appBootstrap @ app-bootstrap.ts:60
[project]/node_modules/next/dist/client/app-next-turbopack.js [app-client] (ecmascript) @ app-next-turbopack.ts:10
(anonymous) @ dev-base.ts:201
runModuleExecutionHooks @ dev-base.ts:261
instantiateModule @ dev-base.ts:199
getOrInstantiateRuntimeModule @ dev-base.ts:97
registerChunk @ runtime-backend-dom.ts:85
await in registerChunk
registerChunk @ runtime-base.ts:356
(anonymous) @ dev-backend-dom.ts:127
(anonymous) @ dev-backend-dom.ts:127Understand this error
AppointmentBookingCalendar.tsx:311 
            
            
           GET http://localhost:3002/api/staff 401 (Unauthorized)
AppointmentBookingCalendar.useQuery @ AppointmentBookingCalendar.tsx:311
fetchFn @ query.ts:457
run @ retryer.ts:153
start @ retryer.ts:218
fetch @ query.ts:576
#executeFetch @ queryObserver.ts:333
onSubscribe @ queryObserver.ts:104
subscribe @ subscribable.ts:11
useBaseQuery.useSyncExternalStore.useCallback @ useBaseQuery.ts:100
subscribeToStore @ react-dom-client.development.js:7248
react-stack-bottom-frame @ react-dom-client.development.js:23054
runWithFiberInDEV @ react-dom-client.development.js:844
commitHookEffectListMount @ react-dom-client.development.js:11977
commitHookPassiveMountEffects @ react-dom-client.development.js:12098
commitPassiveMountOnFiber @ react-dom-client.development.js:13928
recursivelyTraversePassiveMountEffects @ react-dom-client.development.js:13901
commitPassiveMountOnFiber @ react-dom-client.development.js:14047
recursivelyTraversePassiveMountEffects @ react-dom-client.development.js:13901
commitPassiveMountOnFiber @ react-dom-client.development.js:14047
recursivelyTraversePassiveMountEffects @ react-dom-client.development.js:13901
commitPassiveMountOnFiber @ react-dom-client.development.js:14047
recursivelyTraversePassiveMountEffects @ react-dom-client.development.js:13901
commitPassiveMountOnFiber @ react-dom-client.development.js:13921
recursivelyTraversePassiveMountEffects @ react-dom-client.development.js:13901
commitPassiveMountOnFiber @ react-dom-client.development.js:14047
recursivelyTraversePassiveMountEffects @ react-dom-client.development.js:13901
commitPassiveMountOnFiber @ react-dom-client.development.js:13921
recursivelyTraversePassiveMountEffects @ react-dom-client.development.js:13901
commitPassiveMountOnFiber @ react-dom-client.development.js:13921
recursivelyTraversePassiveMountEffects @ react-dom-client.development.js:13901
commitPassiveMountOnFiber @ react-dom-client.development.js:14047
recursivelyTraversePassiveMountEffects @ react-dom-client.development.js:13901
commitPassiveMountOnFiber @ react-dom-client.development.js:14047
recursivelyTraversePassiveMountEffects @ react-dom-client.development.js:13901
commitPassiveMountOnFiber @ react-dom-client.development.js:13921
recursivelyTraversePassiveMountEffects @ react-dom-client.development.js:13901
commitPassiveMountOnFiber @ react-dom-client.development.js:13931
recursivelyTraversePassiveMountEffects @ react-dom-client.development.js:13901
commitPassiveMountOnFiber @ react-dom-client.development.js:13921
recursivelyTraversePassiveMountEffects @ react-dom-client.development.js:13901
commitPassiveMountOnFiber @ react-dom-client.development.js:13921
recursivelyTraversePassiveMountEffects @ react-dom-client.development.js:13901
commitPassiveMountOnFiber @ react-dom-client.development.js:13921
recursivelyTraversePassiveMountEffects @ react-dom-client.development.js:13901
commitPassiveMountOnFiber @ react-dom-client.development.js:13921
recursivelyTraversePassiveMountEffects @ react-dom-client.development.js:13901
commitPassiveMountOnFiber @ react-dom-client.development.js:13931
recursivelyTraversePassiveMountEffects @ react-dom-client.development.js:13901
commitPassiveMountOnFiber @ react-dom-client.development.js:13921
recursivelyTraversePassiveMountEffects @ react-dom-client.development.js:13901
commitPassiveMountOnFiber @ react-dom-client.development.js:13921
recursivelyTraversePassiveMountEffects @ react-dom-client.development.js:13901
commitPassiveMountOnFiber @ react-dom-client.development.js:14047
recursivelyTraversePassiveMountEffects @ react-dom-client.development.js:13901
commitPassiveMountOnFiber @ react-dom-client.development.js:13921
recursivelyTraversePassiveMountEffects @ react-dom-client.development.js:13901
commitPassiveMountOnFiber @ react-dom-client.development.js:14047
recursivelyTraversePassiveMountEffects @ react-dom-client.development.js:13901
commitPassiveMountOnFiber @ react-dom-client.development.js:14047
recursivelyTraversePassiveMountEffects @ react-dom-client.development.js:13901
commitPassiveMountOnFiber @ react-dom-client.development.js:13921
recursivelyTraversePassiveMountEffects @ react-dom-client.development.js:13901
commitPassiveMountOnFiber @ react-dom-client.development.js:13931
recursivelyTraversePassiveMountEffects @ react-dom-client.development.js:13901
commitPassiveMountOnFiber @ react-dom-client.development.js:13921
recursivelyTraversePassiveMountEffects @ react-dom-client.development.js:13901
commitPassiveMountOnFiber @ react-dom-client.development.js:13931
recursivelyTraversePassiveMountEffects @ react-dom-client.development.js:13901
commitPassiveMountOnFiber @ react-dom-client.development.js:13921
recursivelyTraversePassiveMountEffects @ react-dom-client.development.js:13901
commitPassiveMountOnFiber @ react-dom-client.development.js:13921
recursivelyTraversePassiveMountEffects @ react-dom-client.development.js:13901
commitPassiveMountOnFiber @ react-dom-client.development.js:13921
recursivelyTraversePassiveMountEffects @ react-dom-client.development.js:13901
commitPassiveMountOnFiber @ react-dom-client.development.js:13931
recursivelyTraversePassiveMountEffects @ react-dom-client.development.js:13901
commitPassiveMountOnFiber @ react-dom-client.development.js:13921
recursivelyTraversePassiveMountEffects @ react-dom-client.development.js:13901
commitPassiveMountOnFiber @ react-dom-client.development.js:13921
recursivelyTraversePassiveMountEffects @ react-dom-client.development.js:13901
commitPassiveMountOnFiber @ react-dom-client.development.js:14047
recursivelyTraversePassiveMountEffects @ react-dom-client.development.js:13901
commitPassiveMountOnFiber @ react-dom-client.development.js:13921
recursivelyTraversePassiveMountEffects @ react-dom-client.development.js:13901
commitPassiveMountOnFiber @ react-dom-client.development.js:14047
recursivelyTraversePassiveMountEffects @ react-dom-client.development.js:13901
commitPassiveMountOnFiber @ react-dom-client.development.js:14047
recursivelyTraversePassiveMountEffects @ react-dom-client.development.js:13901
commitPassiveMountOnFiber @ react-dom-client.development.js:13921
recursivelyTraversePassiveMountEffects @ react-dom-client.development.js:13901
commitPassiveMountOnFiber @ react-dom-client.development.js:14047
recursivelyTraversePassiveMountEffects @ react-dom-client.development.js:13901
commitPassiveMountOnFiber @ react-dom-client.development.js:14047
recursivelyTraversePassiveMountEffects @ react-dom-client.development.js:13901
commitPassiveMountOnFiber @ react-dom-client.development.js:14047
recursivelyTraversePassiveMountEffects @ react-dom-client.development.js:13901
commitPassiveMountOnFiber @ react-dom-client.development.js:13921
recursivelyTraversePassiveMountEffects @ react-dom-client.development.js:13901
commitPassiveMountOnFiber @ react-dom-client.development.js:13921
recursivelyTraversePassiveMountEffects @ react-dom-client.development.js:13901
commitPassiveMountOnFiber @ react-dom-client.development.js:14047
recursivelyTraversePassiveMountEffects @ react-dom-client.development.js:13901
commitPassiveMountOnFiber @ react-dom-client.development.js:14047
recursivelyTraversePassiveMountEffects @ react-dom-client.development.js:13901
commitPassiveMountOnFiber @ react-dom-client.development.js:13921
recursivelyTraversePassiveMountEffects @ react-dom-client.development.js:13901
commitPassiveMountOnFiber @ react-dom-client.development.js:13931
recursivelyTraversePassiveMountEffects @ react-dom-client.development.js:13901
commitPassiveMountOnFiber @ react-dom-client.development.js:13921
recursivelyTraversePassiveMountEffects @ react-dom-client.development.js:13901
commitPassiveMountOnFiber @ react-dom-client.development.js:13931
recursivelyTraversePassiveMountEffects @ react-dom-client.development.js:13901
commitPassiveMountOnFiber @ react-dom-client.development.js:13921
recursivelyTraversePassiveMountEffects @ react-dom-client.development.js:13901
commitPassiveMountOnFiber @ react-dom-client.development.js:13921
recursivelyTraversePassiveMountEffects @ react-dom-client.development.js:13901
commitPassiveMountOnFiber @ react-dom-client.development.js:13921
recursivelyTraversePassiveMountEffects @ react-dom-client.development.js:13901
commitPassiveMountOnFiber @ react-dom-client.development.js:13931
recursivelyTraversePassiveMountEffects @ react-dom-client.development.js:13901
commitPassiveMountOnFiber @ react-dom-client.development.js:13921
recursivelyTraversePassiveMountEffects @ react-dom-client.development.js:13901
commitPassiveMountOnFiber @ react-dom-client.development.js:13921
recursivelyTraversePassiveMountEffects @ react-dom-client.development.js:13901
commitPassiveMountOnFiber @ react-dom-client.development.js:14047
recursivelyTraversePassiveMountEffects @ react-dom-client.development.js:13901
commitPassiveMountOnFiber @ react-dom-client.development.js:13921
recursivelyTraversePassiveMountEffects @ react-dom-client.development.js:13901
commitPassiveMountOnFiber @ react-dom-client.development.js:14047
recursivelyTraversePassiveMountEffects @ react-dom-client.development.js:13901
commitPassiveMountOnFiber @ react-dom-client.development.js:13921
recursivelyTraversePassiveMountEffects @ react-dom-client.development.js:13901
commitPassiveMountOnFiber @ react-dom-client.development.js:13921
recursivelyTraversePassiveMountEffects @ react-dom-client.development.js:13901
commitPassiveMountOnFiber @ react-dom-client.development.js:14047
recursivelyTraversePassiveMountEffects @ react-dom-client.development.js:13901
commitPassiveMountOnFiber @ react-dom-client.development.js:14047
recursivelyTraversePassiveMountEffects @ react-dom-client.development.js:13901
commitPassiveMountOnFiber @ react-dom-client.development.js:14047
recursivelyTraversePassiveMountEffects @ react-dom-client.development.js:13901
commitPassiveMountOnFiber @ react-dom-client.development.js:13931
recursivelyTraversePassiveMountEffects @ react-dom-client.development.js:13901
commitPassiveMountOnFiber @ react-dom-client.development.js:13921
recursivelyTraversePassiveMountEffects @ react-dom-client.development.js:13901
commitPassiveMountOnFiber @ react-dom-client.development.js:13931
recursivelyTraversePassiveMountEffects @ react-dom-client.development.js:13901
commitPassiveMountOnFiber @ react-dom-client.development.js:13921
recursivelyTraversePassiveMountEffects @ react-dom-client.development.js:13901
commitPassiveMountOnFiber @ react-dom-client.development.js:13921
recursivelyTraversePassiveMountEffects @ react-dom-client.development.js:13901
commitPassiveMountOnFiber @ react-dom-client.development.js:13931
recursivelyTraversePassiveMountEffects @ react-dom-client.development.js:13901
commitPassiveMountOnFiber @ react-dom-client.development.js:13921
recursivelyTraversePassiveMountEffects @ react-dom-client.development.js:13901
commitPassiveMountOnFiber @ react-dom-client.development.js:13921
recursivelyTraversePassiveMountEffects @ react-dom-client.development.js:13901
commitPassiveMountOnFiber @ react-dom-client.development.js:14047
recursivelyTraversePassiveMountEffects @ react-dom-client.development.js:13901
commitPassiveMountOnFiber @ react-dom-client.development.js:14047
recursivelyTraversePassiveMountEffects @ react-dom-client.development.js:13901
commitPassiveMountOnFiber @ react-dom-client.development.js:14047
recursivelyTraversePassiveMountEffects @ react-dom-client.development.js:13901
commitPassiveMountOnFiber @ react-dom-client.development.js:14047
recursivelyTraversePassiveMountEffects @ react-dom-client.development.js:13901
commitPassiveMountOnFiber @ react-dom-client.development.js:14047
recursivelyTraversePassiveMountEffects @ react-dom-client.development.js:13901
commitPassiveMountOnFiber @ react-dom-client.development.js:14047
recursivelyTraversePassiveMountEffects @ react-dom-client.development.js:13901
commitPassiveMountOnFiber @ react-dom-client.development.js:13921
recursivelyTraversePassiveMountEffects @ react-dom-client.development.js:13901
commitPassiveMountOnFiber @ react-dom-client.development.js:13931
recursivelyTraversePassiveMountEffects @ react-dom-client.development.js:13901
commitPassiveMountOnFiber @ react-dom-client.development.js:13921
recursivelyTraversePassiveMountEffects @ react-dom-client.development.js:13901
commitPassiveMountOnFiber @ react-dom-client.development.js:13921
recursivelyTraversePassiveMountEffects @ react-dom-client.development.js:13901
commitPassiveMountOnFiber @ react-dom-client.development.js:14047
recursivelyTraversePassiveMountEffects @ react-dom-client.development.js:13901
commitPassiveMountOnFiber @ react-dom-client.development.js:13921
recursivelyTraversePassiveMountEffects @ react-dom-client.development.js:13901
commitPassiveMountOnFiber @ react-dom-client.development.js:13921
recursivelyTraversePassiveMountEffects @ react-dom-client.development.js:13901
commitPassiveMountOnFiber @ react-dom-client.development.js:14047
recursivelyTraversePassiveMountEffects @ react-dom-client.development.js:13901
commitPassiveMountOnFiber @ react-dom-client.development.js:14047
recursivelyTraversePassiveMountEffects @ react-dom-client.development.js:13901
commitPassiveMountOnFiber @ react-dom-client.development.js:13940
flushPassiveEffects @ react-dom-client.development.js:15868
flushPendingEffects @ react-dom-client.development.js:15829
flushSpawnedWork @ react-dom-client.development.js:15795
commitRoot @ react-dom-client.development.js:15528
commitRootWhenReady @ react-dom-client.development.js:14758
performWorkOnRoot @ react-dom-client.development.js:14681
performSyncWorkOnRoot @ react-dom-client.development.js:16364
flushSyncWorkAcrossRoots_impl @ react-dom-client.development.js:16210
flushPassiveEffects @ react-dom-client.development.js:15880
(anonymous) @ react-dom-client.development.js:15504
performWorkUntilDeadline @ scheduler.development.js:45
<AppointmentBookingCalendar>
exports.jsxDEV @ react-jsx-dev-runtime.development.js:346
ReceptionistPage @ page.tsx:120
react-stack-bottom-frame @ react-dom-client.development.js:22973
renderWithHooksAgain @ react-dom-client.development.js:6766
renderWithHooks @ react-dom-client.development.js:6678
updateFunctionComponent @ react-dom-client.development.js:8930
beginWork @ react-dom-client.development.js:10555
runWithFiberInDEV @ react-dom-client.development.js:844
performUnitOfWork @ react-dom-client.development.js:15257
workLoopSync @ react-dom-client.development.js:15077
renderRootSync @ react-dom-client.development.js:15057
performWorkOnRoot @ react-dom-client.development.js:14525
performSyncWorkOnRoot @ react-dom-client.development.js:16364
flushSyncWorkAcrossRoots_impl @ react-dom-client.development.js:16210
flushPassiveEffects @ react-dom-client.development.js:15880
(anonymous) @ react-dom-client.development.js:15504
performWorkUntilDeadline @ scheduler.development.js:45
<ReceptionistPage>
exports.jsx @ react-jsx-runtime.development.js:339
ClientPageRoot @ client-page.tsx:60
react-stack-bottom-frame @ react-dom-client.development.js:22973
renderWithHooksAgain @ react-dom-client.development.js:6766
renderWithHooks @ react-dom-client.development.js:6678
updateFunctionComponent @ react-dom-client.development.js:8930
beginWork @ react-dom-client.development.js:10504
runWithFiberInDEV @ react-dom-client.development.js:844
performUnitOfWork @ react-dom-client.development.js:15257
workLoopSync @ react-dom-client.development.js:15077
renderRootSync @ react-dom-client.development.js:15057
performWorkOnRoot @ react-dom-client.development.js:14525
performSyncWorkOnRoot @ react-dom-client.development.js:16364
flushSyncWorkAcrossRoots_impl @ react-dom-client.development.js:16210
flushPassiveEffects @ react-dom-client.development.js:15880
(anonymous) @ react-dom-client.development.js:15504
performWorkUntilDeadline @ scheduler.development.js:45
"use client"
(anonymous) @ react-server-dom-turbopack-client.browser.development.js:2347
initializeModelChunk @ react-server-dom-turbopack-client.browser.development.js:1047
resolveModelChunk @ react-server-dom-turbopack-client.browser.development.js:1024
resolveModel @ react-server-dom-turbopack-client.browser.development.js:1592
processFullStringRow @ react-server-dom-turbopack-client.browser.development.js:2281
processFullBinaryRow @ react-server-dom-turbopack-client.browser.development.js:2226
progress @ react-server-dom-turbopack-client.browser.development.js:2472
"use server"
ResponseInstance @ react-server-dom-turbopack-client.browser.development.js:1580
createResponseFromOptions @ react-server-dom-turbopack-client.browser.development.js:2389
exports.createFromReadableStream @ react-server-dom-turbopack-client.browser.development.js:2702
[project]/node_modules/next/dist/client/app-index.js [app-client] (ecmascript) @ app-index.tsx:157
(anonymous) @ dev-base.ts:201
runModuleExecutionHooks @ dev-base.ts:261
instantiateModule @ dev-base.ts:199
getOrInstantiateModuleFromParent @ dev-base.ts:128
commonJsRequire @ runtime-utils.ts:241
(anonymous) @ app-next-turbopack.ts:11
(anonymous) @ app-bootstrap.ts:78
loadScriptsInSequence @ app-bootstrap.ts:20
appBootstrap @ app-bootstrap.ts:60
[project]/node_modules/next/dist/client/app-next-turbopack.js [app-client] (ecmascript) @ app-next-turbopack.ts:10
(anonymous) @ dev-base.ts:201
runModuleExecutionHooks @ dev-base.ts:261
instantiateModule @ dev-base.ts:199
getOrInstantiateRuntimeModule @ dev-base.ts:97
registerChunk @ runtime-backend-dom.ts:85
await in registerChunk
registerChunk @ runtime-base.ts:356
(anonymous) @ dev-backend-dom.ts:127
(anonymous) @ dev-backend-dom.ts:127Understand this error
completion_list.html:12 
            
            
           GET chrome-extension://pejdijmoenmkgeppbflobdenhhabjlaj/utils.js net::ERR_FILE_NOT_FOUNDUnderstand this error
completion_list.html:13 
            
            
           GET chrome-extension://pejdijmoenmkgeppbflobdenhhabjlaj/extensionState.js net::ERR_FILE_NOT_FOUNDUnderstand this error
completion_list.html:14 
            
            
           GET chrome-extension://pejdijmoenmkgeppbflobdenhhabjlaj/heuristicsRedefinitions.js net::ERR_FILE_NOT_FOUNDUnderstand this error
useSMS.ts:20 
            
            
           GET http://localhost:3002/api/sms/conversations 401 (Unauthorized)
useSMSConversations.useQuery @ useSMS.ts:20
fetchFn @ query.ts:457
run @ retryer.ts:153
start @ retryer.ts:218
fetch @ query.ts:576
#executeFetch @ queryObserver.ts:333
onSubscribe @ queryObserver.ts:104
subscribe @ subscribable.ts:11
useBaseQuery.useSyncExternalStore.useCallback @ useBaseQuery.ts:100
subscribeToStore @ react-dom-client.development.js:7248
react-stack-bottom-frame @ react-dom-client.development.js:23054
runWithFiberInDEV @ react-dom-client.development.js:844
commitHookEffectListMount @ react-dom-client.development.js:11977
commitHookPassiveMountEffects @ react-dom-client.development.js:12098
commitPassiveMountOnFiber @ react-dom-client.development.js:13928
recursivelyTraversePassiveMountEffects @ react-dom-client.development.js:13901
commitPassiveMountOnFiber @ react-dom-client.development.js:14047
recursivelyTraversePassiveMountEffects @ react-dom-client.development.js:13901
commitPassiveMountOnFiber @ react-dom-client.development.js:14047
recursivelyTraversePassiveMountEffects @ react-dom-client.development.js:13901
commitPassiveMountOnFiber @ react-dom-client.development.js:14047
recursivelyTraversePassiveMountEffects @ react-dom-client.development.js:13901
commitPassiveMountOnFiber @ react-dom-client.development.js:14047
recursivelyTraversePassiveMountEffects @ react-dom-client.development.js:13901
commitPassiveMountOnFiber @ react-dom-client.development.js:13921
recursivelyTraversePassiveMountEffects @ react-dom-client.development.js:13901
commitPassiveMountOnFiber @ react-dom-client.development.js:14047
recursivelyTraversePassiveMountEffects @ react-dom-client.development.js:13901
commitPassiveMountOnFiber @ react-dom-client.development.js:13921
recursivelyTraversePassiveMountEffects @ react-dom-client.development.js:13901
commitPassiveMountOnFiber @ react-dom-client.development.js:13921
recursivelyTraversePassiveMountEffects @ react-dom-client.development.js:13901
commitPassiveMountOnFiber @ react-dom-client.development.js:14047
recursivelyTraversePassiveMountEffects @ react-dom-client.development.js:13901
commitPassiveMountOnFiber @ react-dom-client.development.js:14047
recursivelyTraversePassiveMountEffects @ react-dom-client.development.js:13901
commitPassiveMountOnFiber @ react-dom-client.development.js:13921
recursivelyTraversePassiveMountEffects @ react-dom-client.development.js:13901
commitPassiveMountOnFiber @ react-dom-client.development.js:13931
recursivelyTraversePassiveMountEffects @ react-dom-client.development.js:13901
commitPassiveMountOnFiber @ react-dom-client.development.js:13921
recursivelyTraversePassiveMountEffects @ react-dom-client.development.js:13901
commitPassiveMountOnFiber @ react-dom-client.development.js:13921
recursivelyTraversePassiveMountEffects @ react-dom-client.development.js:13901
commitPassiveMountOnFiber @ react-dom-client.development.js:13921
recursivelyTraversePassiveMountEffects @ react-dom-client.development.js:13901
commitPassiveMountOnFiber @ react-dom-client.development.js:13921
recursivelyTraversePassiveMountEffects @ react-dom-client.development.js:13901
commitPassiveMountOnFiber @ react-dom-client.development.js:13931
recursivelyTraversePassiveMountEffects @ react-dom-client.development.js:13901
commitPassiveMountOnFiber @ react-dom-client.development.js:13921
recursivelyTraversePassiveMountEffects @ react-dom-client.development.js:13901
commitPassiveMountOnFiber @ react-dom-client.development.js:13921
recursivelyTraversePassiveMountEffects @ react-dom-client.development.js:13901
commitPassiveMountOnFiber @ react-dom-client.development.js:14047
recursivelyTraversePassiveMountEffects @ react-dom-client.development.js:13901
commitPassiveMountOnFiber @ react-dom-client.development.js:13921
recursivelyTraversePassiveMountEffects @ react-dom-client.development.js:13901
commitPassiveMountOnFiber @ react-dom-client.development.js:14047
recursivelyTraversePassiveMountEffects @ react-dom-client.development.js:13901
commitPassiveMountOnFiber @ react-dom-client.development.js:14047
recursivelyTraversePassiveMountEffects @ react-dom-client.development.js:13901
commitPassiveMountOnFiber @ react-dom-client.development.js:13921
recursivelyTraversePassiveMountEffects @ react-dom-client.development.js:13901
commitPassiveMountOnFiber @ react-dom-client.development.js:13931
recursivelyTraversePassiveMountEffects @ react-dom-client.development.js:13901
commitPassiveMountOnFiber @ react-dom-client.development.js:13921
recursivelyTraversePassiveMountEffects @ react-dom-client.development.js:13901
commitPassiveMountOnFiber @ react-dom-client.development.js:13931
recursivelyTraversePassiveMountEffects @ react-dom-client.development.js:13901
commitPassiveMountOnFiber @ react-dom-client.development.js:13921
recursivelyTraversePassiveMountEffects @ react-dom-client.development.js:13901
commitPassiveMountOnFiber @ react-dom-client.development.js:13921
recursivelyTraversePassiveMountEffects @ react-dom-client.development.js:13901
commitPassiveMountOnFiber @ react-dom-client.development.js:13921
recursivelyTraversePassiveMountEffects @ react-dom-client.development.js:13901
commitPassiveMountOnFiber @ react-dom-client.development.js:13931
recursivelyTraversePassiveMountEffects @ react-dom-client.development.js:13901
commitPassiveMountOnFiber @ react-dom-client.development.js:13921
recursivelyTraversePassiveMountEffects @ react-dom-client.development.js:13901
commitPassiveMountOnFiber @ react-dom-client.development.js:13921
recursivelyTraversePassiveMountEffects @ react-dom-client.development.js:13901
commitPassiveMountOnFiber @ react-dom-client.development.js:14047
recursivelyTraversePassiveMountEffects @ react-dom-client.development.js:13901
commitPassiveMountOnFiber @ react-dom-client.development.js:13921
recursivelyTraversePassiveMountEffects @ react-dom-client.development.js:13901
commitPassiveMountOnFiber @ react-dom-client.development.js:14047
recursivelyTraversePassiveMountEffects @ react-dom-client.development.js:13901
commitPassiveMountOnFiber @ react-dom-client.development.js:14047
recursivelyTraversePassiveMountEffects @ react-dom-client.development.js:13901
commitPassiveMountOnFiber @ react-dom-client.development.js:13921
recursivelyTraversePassiveMountEffects @ react-dom-client.development.js:13901
commitPassiveMountOnFiber @ react-dom-client.development.js:14047
recursivelyTraversePassiveMountEffects @ react-dom-client.development.js:13901
commitPassiveMountOnFiber @ react-dom-client.development.js:14047
recursivelyTraversePassiveMountEffects @ react-dom-client.development.js:13901
commitPassiveMountOnFiber @ react-dom-client.development.js:14047
recursivelyTraversePassiveMountEffects @ react-dom-client.development.js:13901
commitPassiveMountOnFiber @ react-dom-client.development.js:13921
recursivelyTraversePassiveMountEffects @ react-dom-client.development.js:13901
commitPassiveMountOnFiber @ react-dom-client.development.js:13921
recursivelyTraversePassiveMountEffects @ react-dom-client.development.js:13901
commitPassiveMountOnFiber @ react-dom-client.development.js:14047
recursivelyTraversePassiveMountEffects @ react-dom-client.development.js:13901
commitPassiveMountOnFiber @ react-dom-client.development.js:14047
recursivelyTraversePassiveMountEffects @ react-dom-client.development.js:13901
commitPassiveMountOnFiber @ react-dom-client.development.js:13921
recursivelyTraversePassiveMountEffects @ react-dom-client.development.js:13901
commitPassiveMountOnFiber @ react-dom-client.development.js:13931
recursivelyTraversePassiveMountEffects @ react-dom-client.development.js:13901
commitPassiveMountOnFiber @ react-dom-client.development.js:13921
recursivelyTraversePassiveMountEffects @ react-dom-client.development.js:13901
commitPassiveMountOnFiber @ react-dom-client.development.js:13931
recursivelyTraversePassiveMountEffects @ react-dom-client.development.js:13901
commitPassiveMountOnFiber @ react-dom-client.development.js:13921
recursivelyTraversePassiveMountEffects @ react-dom-client.development.js:13901
commitPassiveMountOnFiber @ react-dom-client.development.js:13921
recursivelyTraversePassiveMountEffects @ react-dom-client.development.js:13901
commitPassiveMountOnFiber @ react-dom-client.development.js:13921
recursivelyTraversePassiveMountEffects @ react-dom-client.development.js:13901
commitPassiveMountOnFiber @ react-dom-client.development.js:13931
recursivelyTraversePassiveMountEffects @ react-dom-client.development.js:13901
commitPassiveMountOnFiber @ react-dom-client.development.js:13921
recursivelyTraversePassiveMountEffects @ react-dom-client.development.js:13901
commitPassiveMountOnFiber @ react-dom-client.development.js:13921
recursivelyTraversePassiveMountEffects @ react-dom-client.development.js:13901
commitPassiveMountOnFiber @ react-dom-client.development.js:14047
recursivelyTraversePassiveMountEffects @ react-dom-client.development.js:13901
commitPassiveMountOnFiber @ react-dom-client.development.js:13921
recursivelyTraversePassiveMountEffects @ react-dom-client.development.js:13901
commitPassiveMountOnFiber @ react-dom-client.development.js:14047
recursivelyTraversePassiveMountEffects @ react-dom-client.development.js:13901
commitPassiveMountOnFiber @ react-dom-client.development.js:13921
recursivelyTraversePassiveMountEffects @ react-dom-client.development.js:13901
commitPassiveMountOnFiber @ react-dom-client.development.js:13921
recursivelyTraversePassiveMountEffects @ react-dom-client.development.js:13901
commitPassiveMountOnFiber @ react-dom-client.development.js:14047
recursivelyTraversePassiveMountEffects @ react-dom-client.development.js:13901
commitPassiveMountOnFiber @ react-dom-client.development.js:14047
recursivelyTraversePassiveMountEffects @ react-dom-client.development.js:13901
commitPassiveMountOnFiber @ react-dom-client.development.js:14047
recursivelyTraversePassiveMountEffects @ react-dom-client.development.js:13901
commitPassiveMountOnFiber @ react-dom-client.development.js:13931
recursivelyTraversePassiveMountEffects @ react-dom-client.development.js:13901
commitPassiveMountOnFiber @ react-dom-client.development.js:13921
recursivelyTraversePassiveMountEffects @ react-dom-client.development.js:13901
commitPassiveMountOnFiber @ react-dom-client.development.js:13931
recursivelyTraversePassiveMountEffects @ react-dom-client.development.js:13901
commitPassiveMountOnFiber @ react-dom-client.development.js:13921
recursivelyTraversePassiveMountEffects @ react-dom-client.development.js:13901
commitPassiveMountOnFiber @ react-dom-client.development.js:13921
recursivelyTraversePassiveMountEffects @ react-dom-client.development.js:13901
commitPassiveMountOnFiber @ react-dom-client.development.js:13931
recursivelyTraversePassiveMountEffects @ react-dom-client.development.js:13901
commitPassiveMountOnFiber @ react-dom-client.development.js:13921
recursivelyTraversePassiveMountEffects @ react-dom-client.development.js:13901
commitPassiveMountOnFiber @ react-dom-client.development.js:13921
recursivelyTraversePassiveMountEffects @ react-dom-client.development.js:13901
commitPassiveMountOnFiber @ react-dom-client.development.js:14047
recursivelyTraversePassiveMountEffects @ react-dom-client.development.js:13901
commitPassiveMountOnFiber @ react-dom-client.development.js:14047
recursivelyTraversePassiveMountEffects @ react-dom-client.development.js:13901
commitPassiveMountOnFiber @ react-dom-client.development.js:14047
recursivelyTraversePassiveMountEffects @ react-dom-client.development.js:13901
commitPassiveMountOnFiber @ react-dom-client.development.js:14047
recursivelyTraversePassiveMountEffects @ react-dom-client.development.js:13901
commitPassiveMountOnFiber @ react-dom-client.development.js:14047
recursivelyTraversePassiveMountEffects @ react-dom-client.development.js:13901
commitPassiveMountOnFiber @ react-dom-client.development.js:14047
recursivelyTraversePassiveMountEffects @ react-dom-client.development.js:13901
commitPassiveMountOnFiber @ react-dom-client.development.js:13921
recursivelyTraversePassiveMountEffects @ react-dom-client.development.js:13901
commitPassiveMountOnFiber @ react-dom-client.development.js:13931
recursivelyTraversePassiveMountEffects @ react-dom-client.development.js:13901
commitPassiveMountOnFiber @ react-dom-client.development.js:13921
recursivelyTraversePassiveMountEffects @ react-dom-client.development.js:13901
commitPassiveMountOnFiber @ react-dom-client.development.js:13921
recursivelyTraversePassiveMountEffects @ react-dom-client.development.js:13901
commitPassiveMountOnFiber @ react-dom-client.development.js:14047
recursivelyTraversePassiveMountEffects @ react-dom-client.development.js:13901
commitPassiveMountOnFiber @ react-dom-client.development.js:13921
recursivelyTraversePassiveMountEffects @ react-dom-client.development.js:13901
commitPassiveMountOnFiber @ react-dom-client.development.js:13921
recursivelyTraversePassiveMountEffects @ react-dom-client.development.js:13901
commitPassiveMountOnFiber @ react-dom-client.development.js:14047
recursivelyTraversePassiveMountEffects @ react-dom-client.development.js:13901
commitPassiveMountOnFiber @ react-dom-client.development.js:14047
recursivelyTraversePassiveMountEffects @ react-dom-client.development.js:13901
commitPassiveMountOnFiber @ react-dom-client.development.js:13940
flushPassiveEffects @ react-dom-client.development.js:15868
(anonymous) @ react-dom-client.development.js:15504
performWorkUntilDeadline @ scheduler.development.js:45
<SMSConversations>
exports.jsxDEV @ react-jsx-dev-runtime.development.js:346
ReceptionistPage @ page.tsx:116
react-stack-bottom-frame @ react-dom-client.development.js:22973
renderWithHooksAgain @ react-dom-client.development.js:6766
renderWithHooks @ react-dom-client.development.js:6678
updateFunctionComponent @ react-dom-client.development.js:8930
beginWork @ react-dom-client.development.js:10555
runWithFiberInDEV @ react-dom-client.development.js:844
performUnitOfWork @ react-dom-client.development.js:15257
workLoopConcurrentByScheduler @ react-dom-client.development.js:15251
renderRootConcurrent @ react-dom-client.development.js:15226
performWorkOnRoot @ react-dom-client.development.js:14524
performWorkOnRootViaSchedulerTask @ react-dom-client.development.js:16349
performWorkUntilDeadline @ scheduler.development.js:45
<ReceptionistPage>
exports.jsx @ react-jsx-runtime.development.js:339
ClientPageRoot @ client-page.tsx:60
react-stack-bottom-frame @ react-dom-client.development.js:22973
renderWithHooksAgain @ react-dom-client.development.js:6766
renderWithHooks @ react-dom-client.development.js:6678
updateFunctionComponent @ react-dom-client.development.js:8930
beginWork @ react-dom-client.development.js:10504
runWithFiberInDEV @ react-dom-client.development.js:844
performUnitOfWork @ react-dom-client.development.js:15257
workLoopConcurrentByScheduler @ react-dom-client.development.js:15251
renderRootConcurrent @ react-dom-client.development.js:15226
performWorkOnRoot @ react-dom-client.development.js:14524
performWorkOnRootViaSchedulerTask @ react-dom-client.development.js:16349
performWorkUntilDeadline @ scheduler.development.js:45
"use client"
(anonymous) @ react-server-dom-turbopack-client.browser.development.js:2347
initializeModelChunk @ react-server-dom-turbopack-client.browser.development.js:1047
resolveModelChunk @ react-server-dom-turbopack-client.browser.development.js:1024
resolveModel @ react-server-dom-turbopack-client.browser.development.js:1592
processFullStringRow @ react-server-dom-turbopack-client.browser.development.js:2281
processFullBinaryRow @ react-server-dom-turbopack-client.browser.development.js:2226
progress @ react-server-dom-turbopack-client.browser.development.js:2472
"use server"
ResponseInstance @ react-server-dom-turbopack-client.browser.development.js:1580
createResponseFromOptions @ react-server-dom-turbopack-client.browser.development.js:2389
exports.createFromReadableStream @ react-server-dom-turbopack-client.browser.development.js:2702
createFromNextReadableStream @ fetch-server-response.ts:301
fetchServerResponse @ fetch-server-response.ts:230
await in fetchServerResponse
(anonymous) @ prefetch-cache-utils.ts:323
task @ promise-queue.ts:33
processNext @ promise-queue.ts:66
enqueue @ promise-queue.ts:46
createLazyPrefetchEntry @ prefetch-cache-utils.ts:322
getOrCreatePrefetchCacheEntry @ prefetch-cache-utils.ts:227
navigateReducer @ navigate-reducer.ts:216
clientReducer @ router-reducer.ts:32
action @ app-router-instance.ts:211
runAction @ app-router-instance.ts:98
dispatchAction @ app-router-instance.ts:163
dispatch @ app-router-instance.ts:209
(anonymous) @ use-action-queue.ts:46
startTransition @ react-dom-client.development.js:7842
dispatch @ use-action-queue.ts:45
dispatchAppRouterAction @ use-action-queue.ts:22
dispatchNavigateAction @ app-router-instance.ts:280
(anonymous) @ app-router-instance.ts:352
exports.startTransition @ react.development.js:1127
push @ app-router-instance.ts:351
onSubmit @ page.tsx:43
await in onSubmit
(anonymous) @ createFormControl.ts:1254
await in (anonymous)
executeDispatch @ react-dom-client.development.js:16501
runWithFiberInDEV @ react-dom-client.development.js:844
processDispatchQueue @ react-dom-client.development.js:16551
(anonymous) @ react-dom-client.development.js:17149
batchedUpdates$1 @ react-dom-client.development.js:3262
dispatchEventForPluginEventSystem @ react-dom-client.development.js:16705
dispatchEvent @ react-dom-client.development.js:20815
dispatchDiscreteEvent @ react-dom-client.development.js:20783Understand this error
useSMS.ts:20 
            
            
           GET http://localhost:3002/api/sms/conversations 401 (Unauthorized)
useSMSConversations.useQuery @ useSMS.ts:20
fetchFn @ query.ts:457
run @ retryer.ts:153
(anonymous) @ retryer.ts:199
Promise.then
(anonymous) @ retryer.ts:195
Promise.catch
run @ retryer.ts:160
start @ retryer.ts:218
fetch @ query.ts:576
#executeFetch @ queryObserver.ts:333
onSubscribe @ queryObserver.ts:104
subscribe @ subscribable.ts:11
useBaseQuery.useSyncExternalStore.useCallback @ useBaseQuery.ts:100
subscribeToStore @ react-dom-client.development.js:7248
react-stack-bottom-frame @ react-dom-client.development.js:23054
runWithFiberInDEV @ react-dom-client.development.js:844
commitHookEffectListMount @ react-dom-client.development.js:11977
commitHookPassiveMountEffects @ react-dom-client.development.js:12098
commitPassiveMountOnFiber @ react-dom-client.development.js:13928
recursivelyTraversePassiveMountEffects @ react-dom-client.development.js:13901
commitPassiveMountOnFiber @ react-dom-client.development.js:14047
recursivelyTraversePassiveMountEffects @ react-dom-client.development.js:13901
commitPassiveMountOnFiber @ react-dom-client.development.js:14047
recursivelyTraversePassiveMountEffects @ react-dom-client.development.js:13901
commitPassiveMountOnFiber @ react-dom-client.development.js:14047
recursivelyTraversePassiveMountEffects @ react-dom-client.development.js:13901
commitPassiveMountOnFiber @ react-dom-client.development.js:14047
recursivelyTraversePassiveMountEffects @ react-dom-client.development.js:13901
commitPassiveMountOnFiber @ react-dom-client.development.js:13921
recursivelyTraversePassiveMountEffects @ react-dom-client.development.js:13901
commitPassiveMountOnFiber @ react-dom-client.development.js:14047
recursivelyTraversePassiveMountEffects @ react-dom-client.development.js:13901
commitPassiveMountOnFiber @ react-dom-client.development.js:13921
recursivelyTraversePassiveMountEffects @ react-dom-client.development.js:13901
commitPassiveMountOnFiber @ react-dom-client.development.js:13921
recursivelyTraversePassiveMountEffects @ react-dom-client.development.js:13901
commitPassiveMountOnFiber @ react-dom-client.development.js:14047
recursivelyTraversePassiveMountEffects @ react-dom-client.development.js:13901
commitPassiveMountOnFiber @ react-dom-client.development.js:14047
recursivelyTraversePassiveMountEffects @ react-dom-client.development.js:13901
commitPassiveMountOnFiber @ react-dom-client.development.js:13921
recursivelyTraversePassiveMountEffects @ react-dom-client.development.js:13901
commitPassiveMountOnFiber @ react-dom-client.development.js:13931
recursivelyTraversePassiveMountEffects @ react-dom-client.development.js:13901
commitPassiveMountOnFiber @ react-dom-client.development.js:13921
recursivelyTraversePassiveMountEffects @ react-dom-client.development.js:13901
commitPassiveMountOnFiber @ react-dom-client.development.js:13921
recursivelyTraversePassiveMountEffects @ react-dom-client.development.js:13901
commitPassiveMountOnFiber @ react-dom-client.development.js:13921
recursivelyTraversePassiveMountEffects @ react-dom-client.development.js:13901
commitPassiveMountOnFiber @ react-dom-client.development.js:13921
recursivelyTraversePassiveMountEffects @ react-dom-client.development.js:13901
commitPassiveMountOnFiber @ react-dom-client.development.js:13931
recursivelyTraversePassiveMountEffects @ react-dom-client.development.js:13901
commitPassiveMountOnFiber @ react-dom-client.development.js:13921
recursivelyTraversePassiveMountEffects @ react-dom-client.development.js:13901
commitPassiveMountOnFiber @ react-dom-client.development.js:13921
recursivelyTraversePassiveMountEffects @ react-dom-client.development.js:13901
commitPassiveMountOnFiber @ react-dom-client.development.js:14047
recursivelyTraversePassiveMountEffects @ react-dom-client.development.js:13901
commitPassiveMountOnFiber @ react-dom-client.development.js:13921
recursivelyTraversePassiveMountEffects @ react-dom-client.development.js:13901
commitPassiveMountOnFiber @ react-dom-client.development.js:14047
recursivelyTraversePassiveMountEffects @ react-dom-client.development.js:13901
commitPassiveMountOnFiber @ react-dom-client.development.js:14047
recursivelyTraversePassiveMountEffects @ react-dom-client.development.js:13901
commitPassiveMountOnFiber @ react-dom-client.development.js:13921
recursivelyTraversePassiveMountEffects @ react-dom-client.development.js:13901
commitPassiveMountOnFiber @ react-dom-client.development.js:13931
recursivelyTraversePassiveMountEffects @ react-dom-client.development.js:13901
commitPassiveMountOnFiber @ react-dom-client.development.js:13921
recursivelyTraversePassiveMountEffects @ react-dom-client.development.js:13901
commitPassiveMountOnFiber @ react-dom-client.development.js:13931
recursivelyTraversePassiveMountEffects @ react-dom-client.development.js:13901
commitPassiveMountOnFiber @ react-dom-client.development.js:13921
recursivelyTraversePassiveMountEffects @ react-dom-client.development.js:13901
commitPassiveMountOnFiber @ react-dom-client.development.js:13921
recursivelyTraversePassiveMountEffects @ react-dom-client.development.js:13901
commitPassiveMountOnFiber @ react-dom-client.development.js:13921
recursivelyTraversePassiveMountEffects @ react-dom-client.development.js:13901
commitPassiveMountOnFiber @ react-dom-client.development.js:13931
recursivelyTraversePassiveMountEffects @ react-dom-client.development.js:13901
commitPassiveMountOnFiber @ react-dom-client.development.js:13921
recursivelyTraversePassiveMountEffects @ react-dom-client.development.js:13901
commitPassiveMountOnFiber @ react-dom-client.development.js:13921
recursivelyTraversePassiveMountEffects @ react-dom-client.development.js:13901
commitPassiveMountOnFiber @ react-dom-client.development.js:14047
recursivelyTraversePassiveMountEffects @ react-dom-client.development.js:13901
commitPassiveMountOnFiber @ react-dom-client.development.js:13921
recursivelyTraversePassiveMountEffects @ react-dom-client.development.js:13901
commitPassiveMountOnFiber @ react-dom-client.development.js:14047
recursivelyTraversePassiveMountEffects @ react-dom-client.development.js:13901
commitPassiveMountOnFiber @ react-dom-client.development.js:14047
recursivelyTraversePassiveMountEffects @ react-dom-client.development.js:13901
commitPassiveMountOnFiber @ react-dom-client.development.js:13921
recursivelyTraversePassiveMountEffects @ react-dom-client.development.js:13901
commitPassiveMountOnFiber @ react-dom-client.development.js:14047
recursivelyTraversePassiveMountEffects @ react-dom-client.development.js:13901
commitPassiveMountOnFiber @ react-dom-client.development.js:14047
recursivelyTraversePassiveMountEffects @ react-dom-client.development.js:13901
commitPassiveMountOnFiber @ react-dom-client.development.js:14047
recursivelyTraversePassiveMountEffects @ react-dom-client.development.js:13901
commitPassiveMountOnFiber @ react-dom-client.development.js:13921
recursivelyTraversePassiveMountEffects @ react-dom-client.development.js:13901
commitPassiveMountOnFiber @ react-dom-client.development.js:13921
recursivelyTraversePassiveMountEffects @ react-dom-client.development.js:13901
commitPassiveMountOnFiber @ react-dom-client.development.js:14047
recursivelyTraversePassiveMountEffects @ react-dom-client.development.js:13901
commitPassiveMountOnFiber @ react-dom-client.development.js:14047
recursivelyTraversePassiveMountEffects @ react-dom-client.development.js:13901
commitPassiveMountOnFiber @ react-dom-client.development.js:13921
recursivelyTraversePassiveMountEffects @ react-dom-client.development.js:13901
commitPassiveMountOnFiber @ react-dom-client.development.js:13931
recursivelyTraversePassiveMountEffects @ react-dom-client.development.js:13901
commitPassiveMountOnFiber @ react-dom-client.development.js:13921
recursivelyTraversePassiveMountEffects @ react-dom-client.development.js:13901
commitPassiveMountOnFiber @ react-dom-client.development.js:13931
recursivelyTraversePassiveMountEffects @ react-dom-client.development.js:13901
commitPassiveMountOnFiber @ react-dom-client.development.js:13921
recursivelyTraversePassiveMountEffects @ react-dom-client.development.js:13901
commitPassiveMountOnFiber @ react-dom-client.development.js:13921
recursivelyTraversePassiveMountEffects @ react-dom-client.development.js:13901
commitPassiveMountOnFiber @ react-dom-client.development.js:13921
recursivelyTraversePassiveMountEffects @ react-dom-client.development.js:13901
commitPassiveMountOnFiber @ react-dom-client.development.js:13931
recursivelyTraversePassiveMountEffects @ react-dom-client.development.js:13901
commitPassiveMountOnFiber @ react-dom-client.development.js:13921
recursivelyTraversePassiveMountEffects @ react-dom-client.development.js:13901
commitPassiveMountOnFiber @ react-dom-client.development.js:13921
recursivelyTraversePassiveMountEffects @ react-dom-client.development.js:13901
commitPassiveMountOnFiber @ react-dom-client.development.js:14047
recursivelyTraversePassiveMountEffects @ react-dom-client.development.js:13901
commitPassiveMountOnFiber @ react-dom-client.development.js:13921
recursivelyTraversePassiveMountEffects @ react-dom-client.development.js:13901
commitPassiveMountOnFiber @ react-dom-client.development.js:14047
recursivelyTraversePassiveMountEffects @ react-dom-client.development.js:13901
commitPassiveMountOnFiber @ react-dom-client.development.js:13921
recursivelyTraversePassiveMountEffects @ react-dom-client.development.js:13901
commitPassiveMountOnFiber @ react-dom-client.development.js:13921
recursivelyTraversePassiveMountEffects @ react-dom-client.development.js:13901
commitPassiveMountOnFiber @ react-dom-client.development.js:14047
recursivelyTraversePassiveMountEffects @ react-dom-client.development.js:13901
commitPassiveMountOnFiber @ react-dom-client.development.js:14047
recursivelyTraversePassiveMountEffects @ react-dom-client.development.js:13901
commitPassiveMountOnFiber @ react-dom-client.development.js:14047
recursivelyTraversePassiveMountEffects @ react-dom-client.development.js:13901
commitPassiveMountOnFiber @ react-dom-client.development.js:13931
recursivelyTraversePassiveMountEffects @ react-dom-client.development.js:13901
commitPassiveMountOnFiber @ react-dom-client.development.js:13921
recursivelyTraversePassiveMountEffects @ react-dom-client.development.js:13901
commitPassiveMountOnFiber @ react-dom-client.development.js:13931
recursivelyTraversePassiveMountEffects @ react-dom-client.development.js:13901
commitPassiveMountOnFiber @ react-dom-client.development.js:13921
recursivelyTraversePassiveMountEffects @ react-dom-client.development.js:13901
commitPassiveMountOnFiber @ react-dom-client.development.js:13921
recursivelyTraversePassiveMountEffects @ react-dom-client.development.js:13901
commitPassiveMountOnFiber @ react-dom-client.development.js:13931
recursivelyTraversePassiveMountEffects @ react-dom-client.development.js:13901
commitPassiveMountOnFiber @ react-dom-client.development.js:13921
recursivelyTraversePassiveMountEffects @ react-dom-client.development.js:13901
commitPassiveMountOnFiber @ react-dom-client.development.js:13921
recursivelyTraversePassiveMountEffects @ react-dom-client.development.js:13901
commitPassiveMountOnFiber @ react-dom-client.development.js:14047
recursivelyTraversePassiveMountEffects @ react-dom-client.development.js:13901
commitPassiveMountOnFiber @ react-dom-client.development.js:14047
recursivelyTraversePassiveMountEffects @ react-dom-client.development.js:13901
commitPassiveMountOnFiber @ react-dom-client.development.js:14047
recursivelyTraversePassiveMountEffects @ react-dom-client.development.js:13901
commitPassiveMountOnFiber @ react-dom-client.development.js:14047
recursivelyTraversePassiveMountEffects @ react-dom-client.development.js:13901
commitPassiveMountOnFiber @ react-dom-client.development.js:14047
recursivelyTraversePassiveMountEffects @ react-dom-client.development.js:13901
commitPassiveMountOnFiber @ react-dom-client.development.js:14047
recursivelyTraversePassiveMountEffects @ react-dom-client.development.js:13901
commitPassiveMountOnFiber @ react-dom-client.development.js:13921
recursivelyTraversePassiveMountEffects @ react-dom-client.development.js:13901
commitPassiveMountOnFiber @ react-dom-client.development.js:13931
recursivelyTraversePassiveMountEffects @ react-dom-client.development.js:13901
commitPassiveMountOnFiber @ react-dom-client.development.js:13921
recursivelyTraversePassiveMountEffects @ react-dom-client.development.js:13901
commitPassiveMountOnFiber @ react-dom-client.development.js:13921
recursivelyTraversePassiveMountEffects @ react-dom-client.development.js:13901
commitPassiveMountOnFiber @ react-dom-client.development.js:14047
recursivelyTraversePassiveMountEffects @ react-dom-client.development.js:13901
commitPassiveMountOnFiber @ react-dom-client.development.js:13921
recursivelyTraversePassiveMountEffects @ react-dom-client.development.js:13901
commitPassiveMountOnFiber @ react-dom-client.development.js:13921
recursivelyTraversePassiveMountEffects @ react-dom-client.development.js:13901
commitPassiveMountOnFiber @ react-dom-client.development.js:14047
recursivelyTraversePassiveMountEffects @ react-dom-client.development.js:13901
commitPassiveMountOnFiber @ react-dom-client.development.js:14047
recursivelyTraversePassiveMountEffects @ react-dom-client.development.js:13901
commitPassiveMountOnFiber @ react-dom-client.development.js:13940
flushPassiveEffects @ react-dom-client.development.js:15868
(anonymous) @ react-dom-client.development.js:15504
performWorkUntilDeadline @ scheduler.development.js:45
<SMSConversations>
exports.jsxDEV @ react-jsx-dev-runtime.development.js:346
ReceptionistPage @ page.tsx:116
react-stack-bottom-frame @ react-dom-client.development.js:22973
renderWithHooksAgain @ react-dom-client.development.js:6766
renderWithHooks @ react-dom-client.development.js:6678
updateFunctionComponent @ react-dom-client.development.js:8930
beginWork @ react-dom-client.development.js:10555
runWithFiberInDEV @ react-dom-client.development.js:844
performUnitOfWork @ react-dom-client.development.js:15257
workLoopConcurrentByScheduler @ react-dom-client.development.js:15251
renderRootConcurrent @ react-dom-client.development.js:15226
performWorkOnRoot @ react-dom-client.development.js:14524
performWorkOnRootViaSchedulerTask @ react-dom-client.development.js:16349
performWorkUntilDeadline @ scheduler.development.js:45
<ReceptionistPage>
exports.jsx @ react-jsx-runtime.development.js:339
ClientPageRoot @ client-page.tsx:60
react-stack-bottom-frame @ react-dom-client.development.js:22973
renderWithHooksAgain @ react-dom-client.development.js:6766
renderWithHooks @ react-dom-client.development.js:6678
updateFunctionComponent @ react-dom-client.development.js:8930
beginWork @ react-dom-client.development.js:10504
runWithFiberInDEV @ react-dom-client.development.js:844
performUnitOfWork @ react-dom-client.development.js:15257
workLoopConcurrentByScheduler @ react-dom-client.development.js:15251
renderRootConcurrent @ react-dom-client.development.js:15226
performWorkOnRoot @ react-dom-client.development.js:14524
performWorkOnRootViaSchedulerTask @ react-dom-client.development.js:16349
performWorkUntilDeadline @ scheduler.development.js:45
"use client"
(anonymous) @ react-server-dom-turbopack-client.browser.development.js:2347
initializeModelChunk @ react-server-dom-turbopack-client.browser.development.js:1047
resolveModelChunk @ react-server-dom-turbopack-client.browser.development.js:1024
resolveModel @ react-server-dom-turbopack-client.browser.development.js:1592
processFullStringRow @ react-server-dom-turbopack-client.browser.development.js:2281
processFullBinaryRow @ react-server-dom-turbopack-client.browser.development.js:2226
progress @ react-server-dom-turbopack-client.browser.development.js:2472
"use server"
ResponseInstance @ react-server-dom-turbopack-client.browser.development.js:1580
createResponseFromOptions @ react-server-dom-turbopack-client.browser.development.js:2389
exports.createFromReadableStream @ react-server-dom-turbopack-client.browser.development.js:2702
createFromNextReadableStream @ fetch-server-response.ts:301
fetchServerResponse @ fetch-server-response.ts:230
await in fetchServerResponse
(anonymous) @ prefetch-cache-utils.ts:323
task @ promise-queue.ts:33
processNext @ promise-queue.ts:66
enqueue @ promise-queue.ts:46
createLazyPrefetchEntry @ prefetch-cache-utils.ts:322
getOrCreatePrefetchCacheEntry @ prefetch-cache-utils.ts:227
navigateReducer @ navigate-reducer.ts:216
clientReducer @ router-reducer.ts:32
action @ app-router-instance.ts:211
runAction @ app-router-instance.ts:98
dispatchAction @ app-router-instance.ts:163
dispatch @ app-router-instance.ts:209
(anonymous) @ use-action-queue.ts:46
startTransition @ react-dom-client.development.js:7842
dispatch @ use-action-queue.ts:45
dispatchAppRouterAction @ use-action-queue.ts:22
dispatchNavigateAction @ app-router-instance.ts:280
(anonymous) @ app-router-instance.ts:352
exports.startTransition @ react.development.js:1127
push @ app-router-instance.ts:351
onSubmit @ page.tsx:43
await in onSubmit
(anonymous) @ createFormControl.ts:1254
await in (anonymous)
executeDispatch @ react-dom-client.development.js:16501
runWithFiberInDEV @ react-dom-client.development.js:844
processDispatchQueue @ react-dom-client.development.js:16551
(anonymous) @ react-dom-client.development.js:17149
batchedUpdates$1 @ react-dom-client.development.js:3262
dispatchEventForPluginEventSystem @ react-dom-client.development.js:16705
dispatchEvent @ react-dom-client.development.js:20815
dispatchDiscreteEvent @ react-dom-client.development.js:20783Understand this error
useSMS.ts:20 
            
            
           GET http://localhost:3002/api/sms/conversations 401 (Unauthorized)
useSMSConversations.useQuery @ useSMS.ts:20
fetchFn @ query.ts:457
run @ retryer.ts:153
(anonymous) @ retryer.ts:199
Promise.then
(anonymous) @ retryer.ts:195
Promise.catch
run @ retryer.ts:160
(anonymous) @ retryer.ts:199
Promise.then
(anonymous) @ retryer.ts:195
Promise.catch
run @ retryer.ts:160
start @ retryer.ts:218
fetch @ query.ts:576
#executeFetch @ queryObserver.ts:333
onSubscribe @ queryObserver.ts:104
subscribe @ subscribable.ts:11
useBaseQuery.useSyncExternalStore.useCallback @ useBaseQuery.ts:100
subscribeToStore @ react-dom-client.development.js:7248
react-stack-bottom-frame @ react-dom-client.development.js:23054
runWithFiberInDEV @ react-dom-client.development.js:844
commitHookEffectListMount @ react-dom-client.development.js:11977
commitHookPassiveMountEffects @ react-dom-client.development.js:12098
commitPassiveMountOnFiber @ react-dom-client.development.js:13928
recursivelyTraversePassiveMountEffects @ react-dom-client.development.js:13901
commitPassiveMountOnFiber @ react-dom-client.development.js:14047
recursivelyTraversePassiveMountEffects @ react-dom-client.development.js:13901
commitPassiveMountOnFiber @ react-dom-client.development.js:14047
recursivelyTraversePassiveMountEffects @ react-dom-client.development.js:13901
commitPassiveMountOnFiber @ react-dom-client.development.js:14047
recursivelyTraversePassiveMountEffects @ react-dom-client.development.js:13901
commitPassiveMountOnFiber @ react-dom-client.development.js:14047
recursivelyTraversePassiveMountEffects @ react-dom-client.development.js:13901
commitPassiveMountOnFiber @ react-dom-client.development.js:13921
recursivelyTraversePassiveMountEffects @ react-dom-client.development.js:13901
commitPassiveMountOnFiber @ react-dom-client.development.js:14047
recursivelyTraversePassiveMountEffects @ react-dom-client.development.js:13901
commitPassiveMountOnFiber @ react-dom-client.development.js:13921
recursivelyTraversePassiveMountEffects @ react-dom-client.development.js:13901
commitPassiveMountOnFiber @ react-dom-client.development.js:13921
recursivelyTraversePassiveMountEffects @ react-dom-client.development.js:13901
commitPassiveMountOnFiber @ react-dom-client.development.js:14047
recursivelyTraversePassiveMountEffects @ react-dom-client.development.js:13901
commitPassiveMountOnFiber @ react-dom-client.development.js:14047
recursivelyTraversePassiveMountEffects @ react-dom-client.development.js:13901
commitPassiveMountOnFiber @ react-dom-client.development.js:13921
recursivelyTraversePassiveMountEffects @ react-dom-client.development.js:13901
commitPassiveMountOnFiber @ react-dom-client.development.js:13931
recursivelyTraversePassiveMountEffects @ react-dom-client.development.js:13901
commitPassiveMountOnFiber @ react-dom-client.development.js:13921
recursivelyTraversePassiveMountEffects @ react-dom-client.development.js:13901
commitPassiveMountOnFiber @ react-dom-client.development.js:13921
recursivelyTraversePassiveMountEffects @ react-dom-client.development.js:13901
commitPassiveMountOnFiber @ react-dom-client.development.js:13921
recursivelyTraversePassiveMountEffects @ react-dom-client.development.js:13901
commitPassiveMountOnFiber @ react-dom-client.development.js:13921
recursivelyTraversePassiveMountEffects @ react-dom-client.development.js:13901
commitPassiveMountOnFiber @ react-dom-client.development.js:13931
recursivelyTraversePassiveMountEffects @ react-dom-client.development.js:13901
commitPassiveMountOnFiber @ react-dom-client.development.js:13921
recursivelyTraversePassiveMountEffects @ react-dom-client.development.js:13901
commitPassiveMountOnFiber @ react-dom-client.development.js:13921
recursivelyTraversePassiveMountEffects @ react-dom-client.development.js:13901
commitPassiveMountOnFiber @ react-dom-client.development.js:14047
recursivelyTraversePassiveMountEffects @ react-dom-client.development.js:13901
commitPassiveMountOnFiber @ react-dom-client.development.js:13921
recursivelyTraversePassiveMountEffects @ react-dom-client.development.js:13901
commitPassiveMountOnFiber @ react-dom-client.development.js:14047
recursivelyTraversePassiveMountEffects @ react-dom-client.development.js:13901
commitPassiveMountOnFiber @ react-dom-client.development.js:14047
recursivelyTraversePassiveMountEffects @ react-dom-client.development.js:13901
commitPassiveMountOnFiber @ react-dom-client.development.js:13921
recursivelyTraversePassiveMountEffects @ react-dom-client.development.js:13901
commitPassiveMountOnFiber @ react-dom-client.development.js:13931
recursivelyTraversePassiveMountEffects @ react-dom-client.development.js:13901
commitPassiveMountOnFiber @ react-dom-client.development.js:13921
recursivelyTraversePassiveMountEffects @ react-dom-client.development.js:13901
commitPassiveMountOnFiber @ react-dom-client.development.js:13931
recursivelyTraversePassiveMountEffects @ react-dom-client.development.js:13901
commitPassiveMountOnFiber @ react-dom-client.development.js:13921
recursivelyTraversePassiveMountEffects @ react-dom-client.development.js:13901
commitPassiveMountOnFiber @ react-dom-client.development.js:13921
recursivelyTraversePassiveMountEffects @ react-dom-client.development.js:13901
commitPassiveMountOnFiber @ react-dom-client.development.js:13921
recursivelyTraversePassiveMountEffects @ react-dom-client.development.js:13901
commitPassiveMountOnFiber @ react-dom-client.development.js:13931
recursivelyTraversePassiveMountEffects @ react-dom-client.development.js:13901
commitPassiveMountOnFiber @ react-dom-client.development.js:13921
recursivelyTraversePassiveMountEffects @ react-dom-client.development.js:13901
commitPassiveMountOnFiber @ react-dom-client.development.js:13921
recursivelyTraversePassiveMountEffects @ react-dom-client.development.js:13901
commitPassiveMountOnFiber @ react-dom-client.development.js:14047
recursivelyTraversePassiveMountEffects @ react-dom-client.development.js:13901
commitPassiveMountOnFiber @ react-dom-client.development.js:13921
recursivelyTraversePassiveMountEffects @ react-dom-client.development.js:13901
commitPassiveMountOnFiber @ react-dom-client.development.js:14047
recursivelyTraversePassiveMountEffects @ react-dom-client.development.js:13901
commitPassiveMountOnFiber @ react-dom-client.development.js:14047
recursivelyTraversePassiveMountEffects @ react-dom-client.development.js:13901
commitPassiveMountOnFiber @ react-dom-client.development.js:13921
recursivelyTraversePassiveMountEffects @ react-dom-client.development.js:13901
commitPassiveMountOnFiber @ react-dom-client.development.js:14047
recursivelyTraversePassiveMountEffects @ react-dom-client.development.js:13901
commitPassiveMountOnFiber @ react-dom-client.development.js:14047
recursivelyTraversePassiveMountEffects @ react-dom-client.development.js:13901
commitPassiveMountOnFiber @ react-dom-client.development.js:14047
recursivelyTraversePassiveMountEffects @ react-dom-client.development.js:13901
commitPassiveMountOnFiber @ react-dom-client.development.js:13921
recursivelyTraversePassiveMountEffects @ react-dom-client.development.js:13901
commitPassiveMountOnFiber @ react-dom-client.development.js:13921
recursivelyTraversePassiveMountEffects @ react-dom-client.development.js:13901
commitPassiveMountOnFiber @ react-dom-client.development.js:14047
recursivelyTraversePassiveMountEffects @ react-dom-client.development.js:13901
commitPassiveMountOnFiber @ react-dom-client.development.js:14047
recursivelyTraversePassiveMountEffects @ react-dom-client.development.js:13901
commitPassiveMountOnFiber @ react-dom-client.development.js:13921
recursivelyTraversePassiveMountEffects @ react-dom-client.development.js:13901
commitPassiveMountOnFiber @ react-dom-client.development.js:13931
recursivelyTraversePassiveMountEffects @ react-dom-client.development.js:13901
commitPassiveMountOnFiber @ react-dom-client.development.js:13921
recursivelyTraversePassiveMountEffects @ react-dom-client.development.js:13901
commitPassiveMountOnFiber @ react-dom-client.development.js:13931
recursivelyTraversePassiveMountEffects @ react-dom-client.development.js:13901
commitPassiveMountOnFiber @ react-dom-client.development.js:13921
recursivelyTraversePassiveMountEffects @ react-dom-client.development.js:13901
commitPassiveMountOnFiber @ react-dom-client.development.js:13921
recursivelyTraversePassiveMountEffects @ react-dom-client.development.js:13901
commitPassiveMountOnFiber @ react-dom-client.development.js:13921
recursivelyTraversePassiveMountEffects @ react-dom-client.development.js:13901
commitPassiveMountOnFiber @ react-dom-client.development.js:13931
recursivelyTraversePassiveMountEffects @ react-dom-client.development.js:13901
commitPassiveMountOnFiber @ react-dom-client.development.js:13921
recursivelyTraversePassiveMountEffects @ react-dom-client.development.js:13901
commitPassiveMountOnFiber @ react-dom-client.development.js:13921
recursivelyTraversePassiveMountEffects @ react-dom-client.development.js:13901
commitPassiveMountOnFiber @ react-dom-client.development.js:14047
recursivelyTraversePassiveMountEffects @ react-dom-client.development.js:13901
commitPassiveMountOnFiber @ react-dom-client.development.js:13921
recursivelyTraversePassiveMountEffects @ react-dom-client.development.js:13901
commitPassiveMountOnFiber @ react-dom-client.development.js:14047
recursivelyTraversePassiveMountEffects @ react-dom-client.development.js:13901
commitPassiveMountOnFiber @ react-dom-client.development.js:13921
recursivelyTraversePassiveMountEffects @ react-dom-client.development.js:13901
commitPassiveMountOnFiber @ react-dom-client.development.js:13921
recursivelyTraversePassiveMountEffects @ react-dom-client.development.js:13901
commitPassiveMountOnFiber @ react-dom-client.development.js:14047
recursivelyTraversePassiveMountEffects @ react-dom-client.development.js:13901
commitPassiveMountOnFiber @ react-dom-client.development.js:14047
recursivelyTraversePassiveMountEffects @ react-dom-client.development.js:13901
commitPassiveMountOnFiber @ react-dom-client.development.js:14047
recursivelyTraversePassiveMountEffects @ react-dom-client.development.js:13901
commitPassiveMountOnFiber @ react-dom-client.development.js:13931
recursivelyTraversePassiveMountEffects @ react-dom-client.development.js:13901
commitPassiveMountOnFiber @ react-dom-client.development.js:13921
recursivelyTraversePassiveMountEffects @ react-dom-client.development.js:13901
commitPassiveMountOnFiber @ react-dom-client.development.js:13931
recursivelyTraversePassiveMountEffects @ react-dom-client.development.js:13901
commitPassiveMountOnFiber @ react-dom-client.development.js:13921
recursivelyTraversePassiveMountEffects @ react-dom-client.development.js:13901
commitPassiveMountOnFiber @ react-dom-client.development.js:13921
recursivelyTraversePassiveMountEffects @ react-dom-client.development.js:13901
commitPassiveMountOnFiber @ react-dom-client.development.js:13931
recursivelyTraversePassiveMountEffects @ react-dom-client.development.js:13901
commitPassiveMountOnFiber @ react-dom-client.development.js:13921
recursivelyTraversePassiveMountEffects @ react-dom-client.development.js:13901
commitPassiveMountOnFiber @ react-dom-client.development.js:13921
recursivelyTraversePassiveMountEffects @ react-dom-client.development.js:13901
commitPassiveMountOnFiber @ react-dom-client.development.js:14047
recursivelyTraversePassiveMountEffects @ react-dom-client.development.js:13901
commitPassiveMountOnFiber @ react-dom-client.development.js:14047
recursivelyTraversePassiveMountEffects @ react-dom-client.development.js:13901
commitPassiveMountOnFiber @ react-dom-client.development.js:14047
recursivelyTraversePassiveMountEffects @ react-dom-client.development.js:13901
commitPassiveMountOnFiber @ react-dom-client.development.js:14047
recursivelyTraversePassiveMountEffects @ react-dom-client.development.js:13901
commitPassiveMountOnFiber @ react-dom-client.development.js:14047
recursivelyTraversePassiveMountEffects @ react-dom-client.development.js:13901
commitPassiveMountOnFiber @ react-dom-client.development.js:14047
recursivelyTraversePassiveMountEffects @ react-dom-client.development.js:13901
commitPassiveMountOnFiber @ react-dom-client.development.js:13921
recursivelyTraversePassiveMountEffects @ react-dom-client.development.js:13901
commitPassiveMountOnFiber @ react-dom-client.development.js:13931
recursivelyTraversePassiveMountEffects @ react-dom-client.development.js:13901
commitPassiveMountOnFiber @ react-dom-client.development.js:13921
recursivelyTraversePassiveMountEffects @ react-dom-client.development.js:13901
commitPassiveMountOnFiber @ react-dom-client.development.js:13921
recursivelyTraversePassiveMountEffects @ react-dom-client.development.js:13901
commitPassiveMountOnFiber @ react-dom-client.development.js:14047
recursivelyTraversePassiveMountEffects @ react-dom-client.development.js:13901
commitPassiveMountOnFiber @ react-dom-client.development.js:13921
recursivelyTraversePassiveMountEffects @ react-dom-client.development.js:13901
commitPassiveMountOnFiber @ react-dom-client.development.js:13921
recursivelyTraversePassiveMountEffects @ react-dom-client.development.js:13901
commitPassiveMountOnFiber @ react-dom-client.development.js:14047
recursivelyTraversePassiveMountEffects @ react-dom-client.development.js:13901
commitPassiveMountOnFiber @ react-dom-client.development.js:14047
recursivelyTraversePassiveMountEffects @ react-dom-client.development.js:13901
commitPassiveMountOnFiber @ react-dom-client.development.js:13940
flushPassiveEffects @ react-dom-client.development.js:15868
(anonymous) @ react-dom-client.development.js:15504
performWorkUntilDeadline @ scheduler.development.js:45
<SMSConversations>
exports.jsxDEV @ react-jsx-dev-runtime.development.js:346
ReceptionistPage @ page.tsx:116
react-stack-bottom-frame @ react-dom-client.development.js:22973
renderWithHooksAgain @ react-dom-client.development.js:6766
renderWithHooks @ react-dom-client.development.js:6678
updateFunctionComponent @ react-dom-client.development.js:8930
beginWork @ react-dom-client.development.js:10555
runWithFiberInDEV @ react-dom-client.development.js:844
performUnitOfWork @ react-dom-client.development.js:15257
workLoopConcurrentByScheduler @ react-dom-client.development.js:15251
renderRootConcurrent @ react-dom-client.development.js:15226
performWorkOnRoot @ react-dom-client.development.js:14524
performWorkOnRootViaSchedulerTask @ react-dom-client.development.js:16349
performWorkUntilDeadline @ scheduler.development.js:45
<ReceptionistPage>
exports.jsx @ react-jsx-runtime.development.js:339
ClientPageRoot @ client-page.tsx:60
react-stack-bottom-frame @ react-dom-client.development.js:22973
renderWithHooksAgain @ react-dom-client.development.js:6766
renderWithHooks @ react-dom-client.development.js:6678
updateFunctionComponent @ react-dom-client.development.js:8930
beginWork @ react-dom-client.development.js:10504
runWithFiberInDEV @ react-dom-client.development.js:844
performUnitOfWork @ react-dom-client.development.js:15257
workLoopConcurrentByScheduler @ react-dom-client.development.js:15251
renderRootConcurrent @ react-dom-client.development.js:15226
performWorkOnRoot @ react-dom-client.development.js:14524
performWorkOnRootViaSchedulerTask @ react-dom-client.development.js:16349
performWorkUntilDeadline @ scheduler.development.js:45
"use client"
(anonymous) @ react-server-dom-turbopack-client.browser.development.js:2347
initializeModelChunk @ react-server-dom-turbopack-client.browser.development.js:1047
resolveModelChunk @ react-server-dom-turbopack-client.browser.development.js:1024
resolveModel @ react-server-dom-turbopack-client.browser.development.js:1592
processFullStringRow @ react-server-dom-turbopack-client.browser.development.js:2281
processFullBinaryRow @ react-server-dom-turbopack-client.browser.development.js:2226
progress @ react-server-dom-turbopack-client.browser.development.js:2472
"use server"
ResponseInstance @ react-server-dom-turbopack-client.browser.development.js:1580
createResponseFromOptions @ react-server-dom-turbopack-client.browser.development.js:2389
exports.createFromReadableStream @ react-server-dom-turbopack-client.browser.development.js:2702
createFromNextReadableStream @ fetch-server-response.ts:301
fetchServerResponse @ fetch-server-response.ts:230
await in fetchServerResponse
(anonymous) @ prefetch-cache-utils.ts:323
task @ promise-queue.ts:33
processNext @ promise-queue.ts:66
enqueue @ promise-queue.ts:46
createLazyPrefetchEntry @ prefetch-cache-utils.ts:322
getOrCreatePrefetchCacheEntry @ prefetch-cache-utils.ts:227
navigateReducer @ navigate-reducer.ts:216
clientReducer @ router-reducer.ts:32
action @ app-router-instance.ts:211
runAction @ app-router-instance.ts:98
dispatchAction @ app-router-instance.ts:163
dispatch @ app-router-instance.ts:209
(anonymous) @ use-action-queue.ts:46
startTransition @ react-dom-client.development.js:7842
dispatch @ use-action-queue.ts:45
dispatchAppRouterAction @ use-action-queue.ts:22
dispatchNavigateAction @ app-router-instance.ts:280
(anonymous) @ app-router-instance.ts:352
exports.startTransition @ react.development.js:1127
push @ app-router-instance.ts:351
onSubmit @ page.tsx:43
await in onSubmit
(anonymous) @ createFormControl.ts:1254
await in (anonymous)
executeDispatch @ react-dom-client.development.js:16501
runWithFiberInDEV @ react-dom-client.development.js:844
processDispatchQueue @ react-dom-client.development.js:16551
(anonymous) @ react-dom-client.development.js:17149
batchedUpdates$1 @ react-dom-client.development.js:3262
dispatchEventForPluginEventSystem @ react-dom-client.development.js:16705
dispatchEvent @ react-dom-client.development.js:20815
dispatchDiscreteEvent @ react-dom-client.development.js:20783Understand this error
useSMS.ts:20 
            
            
           GET http://localhost:3002/api/sms/conversations 401 (Unauthorized)
useSMSConversations.useQuery @ useSMS.ts:20
fetchFn @ query.ts:457
run @ retryer.ts:153
(anonymous) @ retryer.ts:199
Promise.then
(anonymous) @ retryer.ts:195
Promise.catch
run @ retryer.ts:160
(anonymous) @ retryer.ts:199
Promise.then
(anonymous) @ retryer.ts:195
Promise.catch
run @ retryer.ts:160
(anonymous) @ retryer.ts:199
Promise.then
(anonymous) @ retryer.ts:195
Promise.catch
run @ retryer.ts:160
start @ retryer.ts:218
fetch @ query.ts:576
#executeFetch @ queryObserver.ts:333
onSubscribe @ queryObserver.ts:104
subscribe @ subscribable.ts:11
useBaseQuery.useSyncExternalStore.useCallback @ useBaseQuery.ts:100
subscribeToStore @ react-dom-client.development.js:7248
react-stack-bottom-frame @ react-dom-client.development.js:23054
runWithFiberInDEV @ react-dom-client.development.js:844
commitHookEffectListMount @ react-dom-client.development.js:11977
commitHookPassiveMountEffects @ react-dom-client.development.js:12098
commitPassiveMountOnFiber @ react-dom-client.development.js:13928
recursivelyTraversePassiveMountEffects @ react-dom-client.development.js:13901
commitPassiveMountOnFiber @ react-dom-client.development.js:14047
recursivelyTraversePassiveMountEffects @ react-dom-client.development.js:13901
commitPassiveMountOnFiber @ react-dom-client.development.js:14047
recursivelyTraversePassiveMountEffects @ react-dom-client.development.js:13901
commitPassiveMountOnFiber @ react-dom-client.development.js:14047
recursivelyTraversePassiveMountEffects @ react-dom-client.development.js:13901
commitPassiveMountOnFiber @ react-dom-client.development.js:14047
recursivelyTraversePassiveMountEffects @ react-dom-client.development.js:13901
commitPassiveMountOnFiber @ react-dom-client.development.js:13921
recursivelyTraversePassiveMountEffects @ react-dom-client.development.js:13901
commitPassiveMountOnFiber @ react-dom-client.development.js:14047
recursivelyTraversePassiveMountEffects @ react-dom-client.development.js:13901
commitPassiveMountOnFiber @ react-dom-client.development.js:13921
recursivelyTraversePassiveMountEffects @ react-dom-client.development.js:13901
commitPassiveMountOnFiber @ react-dom-client.development.js:13921
recursivelyTraversePassiveMountEffects @ react-dom-client.development.js:13901
commitPassiveMountOnFiber @ react-dom-client.development.js:14047
recursivelyTraversePassiveMountEffects @ react-dom-client.development.js:13901
commitPassiveMountOnFiber @ react-dom-client.development.js:14047
recursivelyTraversePassiveMountEffects @ react-dom-client.development.js:13901
commitPassiveMountOnFiber @ react-dom-client.development.js:13921
recursivelyTraversePassiveMountEffects @ react-dom-client.development.js:13901
commitPassiveMountOnFiber @ react-dom-client.development.js:13931
recursivelyTraversePassiveMountEffects @ react-dom-client.development.js:13901
commitPassiveMountOnFiber @ react-dom-client.development.js:13921
recursivelyTraversePassiveMountEffects @ react-dom-client.development.js:13901
commitPassiveMountOnFiber @ react-dom-client.development.js:13921
recursivelyTraversePassiveMountEffects @ react-dom-client.development.js:13901
commitPassiveMountOnFiber @ react-dom-client.development.js:13921
recursivelyTraversePassiveMountEffects @ react-dom-client.development.js:13901
commitPassiveMountOnFiber @ react-dom-client.development.js:13921
recursivelyTraversePassiveMountEffects @ react-dom-client.development.js:13901
commitPassiveMountOnFiber @ react-dom-client.development.js:13931
recursivelyTraversePassiveMountEffects @ react-dom-client.development.js:13901
commitPassiveMountOnFiber @ react-dom-client.development.js:13921
recursivelyTraversePassiveMountEffects @ react-dom-client.development.js:13901
commitPassiveMountOnFiber @ react-dom-client.development.js:13921
recursivelyTraversePassiveMountEffects @ react-dom-client.development.js:13901
commitPassiveMountOnFiber @ react-dom-client.development.js:14047
recursivelyTraversePassiveMountEffects @ react-dom-client.development.js:13901
commitPassiveMountOnFiber @ react-dom-client.development.js:13921
recursivelyTraversePassiveMountEffects @ react-dom-client.development.js:13901
commitPassiveMountOnFiber @ react-dom-client.development.js:14047
recursivelyTraversePassiveMountEffects @ react-dom-client.development.js:13901
commitPassiveMountOnFiber @ react-dom-client.development.js:14047
recursivelyTraversePassiveMountEffects @ react-dom-client.development.js:13901
commitPassiveMountOnFiber @ react-dom-client.development.js:13921
recursivelyTraversePassiveMountEffects @ react-dom-client.development.js:13901
commitPassiveMountOnFiber @ react-dom-client.development.js:13931
recursivelyTraversePassiveMountEffects @ react-dom-client.development.js:13901
commitPassiveMountOnFiber @ react-dom-client.development.js:13921
recursivelyTraversePassiveMountEffects @ react-dom-client.development.js:13901
commitPassiveMountOnFiber @ react-dom-client.development.js:13931
recursivelyTraversePassiveMountEffects @ react-dom-client.development.js:13901
commitPassiveMountOnFiber @ react-dom-client.development.js:13921
recursivelyTraversePassiveMountEffects @ react-dom-client.development.js:13901
commitPassiveMountOnFiber @ react-dom-client.development.js:13921
recursivelyTraversePassiveMountEffects @ react-dom-client.development.js:13901
commitPassiveMountOnFiber @ react-dom-client.development.js:13921
recursivelyTraversePassiveMountEffects @ react-dom-client.development.js:13901
commitPassiveMountOnFiber @ react-dom-client.development.js:13931
recursivelyTraversePassiveMountEffects @ react-dom-client.development.js:13901
commitPassiveMountOnFiber @ react-dom-client.development.js:13921
recursivelyTraversePassiveMountEffects @ react-dom-client.development.js:13901
commitPassiveMountOnFiber @ react-dom-client.development.js:13921
recursivelyTraversePassiveMountEffects @ react-dom-client.development.js:13901
commitPassiveMountOnFiber @ react-dom-client.development.js:14047
recursivelyTraversePassiveMountEffects @ react-dom-client.development.js:13901
commitPassiveMountOnFiber @ react-dom-client.development.js:13921
recursivelyTraversePassiveMountEffects @ react-dom-client.development.js:13901
commitPassiveMountOnFiber @ react-dom-client.development.js:14047
recursivelyTraversePassiveMountEffects @ react-dom-client.development.js:13901
commitPassiveMountOnFiber @ react-dom-client.development.js:14047
recursivelyTraversePassiveMountEffects @ react-dom-client.development.js:13901
commitPassiveMountOnFiber @ react-dom-client.development.js:13921
recursivelyTraversePassiveMountEffects @ react-dom-client.development.js:13901
commitPassiveMountOnFiber @ react-dom-client.development.js:14047
recursivelyTraversePassiveMountEffects @ react-dom-client.development.js:13901
commitPassiveMountOnFiber @ react-dom-client.development.js:14047
recursivelyTraversePassiveMountEffects @ react-dom-client.development.js:13901
commitPassiveMountOnFiber @ react-dom-client.development.js:14047
recursivelyTraversePassiveMountEffects @ react-dom-client.development.js:13901
commitPassiveMountOnFiber @ react-dom-client.development.js:13921
recursivelyTraversePassiveMountEffects @ react-dom-client.development.js:13901
commitPassiveMountOnFiber @ react-dom-client.development.js:13921
recursivelyTraversePassiveMountEffects @ react-dom-client.development.js:13901
commitPassiveMountOnFiber @ react-dom-client.development.js:14047
recursivelyTraversePassiveMountEffects @ react-dom-client.development.js:13901
commitPassiveMountOnFiber @ react-dom-client.development.js:14047
recursivelyTraversePassiveMountEffects @ react-dom-client.development.js:13901
commitPassiveMountOnFiber @ react-dom-client.development.js:13921
recursivelyTraversePassiveMountEffects @ react-dom-client.development.js:13901
commitPassiveMountOnFiber @ react-dom-client.development.js:13931
recursivelyTraversePassiveMountEffects @ react-dom-client.development.js:13901
commitPassiveMountOnFiber @ react-dom-client.development.js:13921
recursivelyTraversePassiveMountEffects @ react-dom-client.development.js:13901
commitPassiveMountOnFiber @ react-dom-client.development.js:13931
recursivelyTraversePassiveMountEffects @ react-dom-client.development.js:13901
commitPassiveMountOnFiber @ react-dom-client.development.js:13921
recursivelyTraversePassiveMountEffects @ react-dom-client.development.js:13901
commitPassiveMountOnFiber @ react-dom-client.development.js:13921
recursivelyTraversePassiveMountEffects @ react-dom-client.development.js:13901
commitPassiveMountOnFiber @ react-dom-client.development.js:13921
recursivelyTraversePassiveMountEffects @ react-dom-client.development.js:13901
commitPassiveMountOnFiber @ react-dom-client.development.js:13931
recursivelyTraversePassiveMountEffects @ react-dom-client.development.js:13901
commitPassiveMountOnFiber @ react-dom-client.development.js:13921
recursivelyTraversePassiveMountEffects @ react-dom-client.development.js:13901
commitPassiveMountOnFiber @ react-dom-client.development.js:13921
recursivelyTraversePassiveMountEffects @ react-dom-client.development.js:13901
commitPassiveMountOnFiber @ react-dom-client.development.js:14047
recursivelyTraversePassiveMountEffects @ react-dom-client.development.js:13901
commitPassiveMountOnFiber @ react-dom-client.development.js:13921
recursivelyTraversePassiveMountEffects @ react-dom-client.development.js:13901
commitPassiveMountOnFiber @ react-dom-client.development.js:14047
recursivelyTraversePassiveMountEffects @ react-dom-client.development.js:13901
commitPassiveMountOnFiber @ react-dom-client.development.js:13921
recursivelyTraversePassiveMountEffects @ react-dom-client.development.js:13901
commitPassiveMountOnFiber @ react-dom-client.development.js:13921
recursivelyTraversePassiveMountEffects @ react-dom-client.development.js:13901
commitPassiveMountOnFiber @ react-dom-client.development.js:14047
recursivelyTraversePassiveMountEffects @ react-dom-client.development.js:13901
commitPassiveMountOnFiber @ react-dom-client.development.js:14047
recursivelyTraversePassiveMountEffects @ react-dom-client.development.js:13901
commitPassiveMountOnFiber @ react-dom-client.development.js:14047
recursivelyTraversePassiveMountEffects @ react-dom-client.development.js:13901
commitPassiveMountOnFiber @ react-dom-client.development.js:13931
recursivelyTraversePassiveMountEffects @ react-dom-client.development.js:13901
commitPassiveMountOnFiber @ react-dom-client.development.js:13921
recursivelyTraversePassiveMountEffects @ react-dom-client.development.js:13901
commitPassiveMountOnFiber @ react-dom-client.development.js:13931
recursivelyTraversePassiveMountEffects @ react-dom-client.development.js:13901
commitPassiveMountOnFiber @ react-dom-client.development.js:13921
recursivelyTraversePassiveMountEffects @ react-dom-client.development.js:13901
commitPassiveMountOnFiber @ react-dom-client.development.js:13921
recursivelyTraversePassiveMountEffects @ react-dom-client.development.js:13901
commitPassiveMountOnFiber @ react-dom-client.development.js:13931
recursivelyTraversePassiveMountEffects @ react-dom-client.development.js:13901
commitPassiveMountOnFiber @ react-dom-client.development.js:13921
recursivelyTraversePassiveMountEffects @ react-dom-client.development.js:13901
commitPassiveMountOnFiber @ react-dom-client.development.js:13921
recursivelyTraversePassiveMountEffects @ react-dom-client.development.js:13901
commitPassiveMountOnFiber @ react-dom-client.development.js:14047
recursivelyTraversePassiveMountEffects @ react-dom-client.development.js:13901
commitPassiveMountOnFiber @ react-dom-client.development.js:14047
recursivelyTraversePassiveMountEffects @ react-dom-client.development.js:13901
commitPassiveMountOnFiber @ react-dom-client.development.js:14047
recursivelyTraversePassiveMountEffects @ react-dom-client.development.js:13901
commitPassiveMountOnFiber @ react-dom-client.development.js:14047
recursivelyTraversePassiveMountEffects @ react-dom-client.development.js:13901
commitPassiveMountOnFiber @ react-dom-client.development.js:14047
recursivelyTraversePassiveMountEffects @ react-dom-client.development.js:13901
commitPassiveMountOnFiber @ react-dom-client.development.js:14047
recursivelyTraversePassiveMountEffects @ react-dom-client.development.js:13901
commitPassiveMountOnFiber @ react-dom-client.development.js:13921
recursivelyTraversePassiveMountEffects @ react-dom-client.development.js:13901
commitPassiveMountOnFiber @ react-dom-client.development.js:13931
recursivelyTraversePassiveMountEffects @ react-dom-client.development.js:13901
commitPassiveMountOnFiber @ react-dom-client.development.js:13921
recursivelyTraversePassiveMountEffects @ react-dom-client.development.js:13901
commitPassiveMountOnFiber @ react-dom-client.development.js:13921
recursivelyTraversePassiveMountEffects @ react-dom-client.development.js:13901
commitPassiveMountOnFiber @ react-dom-client.development.js:14047
recursivelyTraversePassiveMountEffects @ react-dom-client.development.js:13901
commitPassiveMountOnFiber @ react-dom-client.development.js:13921
recursivelyTraversePassiveMountEffects @ react-dom-client.development.js:13901
commitPassiveMountOnFiber @ react-dom-client.development.js:13921
recursivelyTraversePassiveMountEffects @ react-dom-client.development.js:13901
commitPassiveMountOnFiber @ react-dom-client.development.js:14047
recursivelyTraversePassiveMountEffects @ react-dom-client.development.js:13901
commitPassiveMountOnFiber @ react-dom-client.development.js:14047
recursivelyTraversePassiveMountEffects @ react-dom-client.development.js:13901
commitPassiveMountOnFiber @ react-dom-client.development.js:13940
flushPassiveEffects @ react-dom-client.development.js:15868
(anonymous) @ react-dom-client.development.js:15504
performWorkUntilDeadline @ scheduler.development.js:45
<SMSConversations>
exports.jsxDEV @ react-jsx-dev-runtime.development.js:346
ReceptionistPage @ page.tsx:116
react-stack-bottom-frame @ react-dom-client.development.js:22973
renderWithHooksAgain @ react-dom-client.development.js:6766
renderWithHooks @ react-dom-client.development.js:6678
updateFunctionComponent @ react-dom-client.development.js:8930
beginWork @ react-dom-client.development.js:10555
runWithFiberInDEV @ react-dom-client.development.js:844
performUnitOfWork @ react-dom-client.development.js:15257
workLoopConcurrentByScheduler @ react-dom-client.development.js:15251
renderRootConcurrent @ react-dom-client.development.js:15226
performWorkOnRoot @ react-dom-client.development.js:14524
performWorkOnRootViaSchedulerTask @ react-dom-client.development.js:16349
performWorkUntilDeadline @ scheduler.development.js:45
<ReceptionistPage>
exports.jsx @ react-jsx-runtime.development.js:339
ClientPageRoot @ client-page.tsx:60
react-stack-bottom-frame @ react-dom-client.development.js:22973
renderWithHooksAgain @ react-dom-client.development.js:6766
renderWithHooks @ react-dom-client.development.js:6678
updateFunctionComponent @ react-dom-client.development.js:8930
beginWork @ react-dom-client.development.js:10504
runWithFiberInDEV @ react-dom-client.development.js:844
performUnitOfWork @ react-dom-client.development.js:15257
workLoopConcurrentByScheduler @ react-dom-client.development.js:15251
renderRootConcurrent @ react-dom-client.development.js:15226
performWorkOnRoot @ react-dom-client.development.js:14524
performWorkOnRootViaSchedulerTask @ react-dom-client.development.js:16349
performWorkUntilDeadline @ scheduler.development.js:45
"use client"
(anonymous) @ react-server-dom-turbopack-client.browser.development.js:2347
initializeModelChunk @ react-server-dom-turbopack-client.browser.development.js:1047
resolveModelChunk @ react-server-dom-turbopack-client.browser.development.js:1024
resolveModel @ react-server-dom-turbopack-client.browser.development.js:1592
processFullStringRow @ react-server-dom-turbopack-client.browser.development.js:2281
processFullBinaryRow @ react-server-dom-turbopack-client.browser.development.js:2226
progress @ react-server-dom-turbopack-client.browser.development.js:2472
"use server"
ResponseInstance @ react-server-dom-turbopack-client.browser.development.js:1580
createResponseFromOptions @ react-server-dom-turbopack-client.browser.development.js:2389
exports.createFromReadableStream @ react-server-dom-turbopack-client.browser.development.js:2702
createFromNextReadableStream @ fetch-server-response.ts:301
fetchServerResponse @ fetch-server-response.ts:230
await in fetchServerResponse
(anonymous) @ prefetch-cache-utils.ts:323
task @ promise-queue.ts:33
processNext @ promise-queue.ts:66
enqueue @ promise-queue.ts:46
createLazyPrefetchEntry @ prefetch-cache-utils.ts:322
getOrCreatePrefetchCacheEntry @ prefetch-cache-utils.ts:227
navigateReducer @ navigate-reducer.ts:216
clientReducer @ router-reducer.ts:32
action @ app-router-instance.ts:211
runAction @ app-router-instance.ts:98
dispatchAction @ app-router-instance.ts:163
dispatch @ app-router-instance.ts:209
(anonymous) @ use-action-queue.ts:46
startTransition @ react-dom-client.development.js:7842
dispatch @ use-action-queue.ts:45
dispatchAppRouterAction @ use-action-queue.ts:22
dispatchNavigateAction @ app-router-instance.ts:280
(anonymous) @ app-router-instance.ts:352
exports.startTransition @ react.development.js:1127
push @ app-router-instance.ts:351
onSubmit @ page.tsx:43
await in onSubmit
(anonymous) @ createFormControl.ts:1254
await in (anonymous)
executeDispatch @ react-dom-client.development.js:16501
runWithFiberInDEV @ react-dom-client.development.js:844
processDispatchQueue @ react-dom-client.development.js:16551
(anonymous) @ react-dom-client.development.js:17149
batchedUpdates$1 @ react-dom-client.development.js:3262
dispatchEventForPluginEventSystem @ react-dom-client.development.js:16705
dispatchEvent @ react-dom-client.development.js:20815
dispatchDiscreteEvent @ react-dom-client.development.js:20783Understand this error
console.log('auth-storage:', localStorage.getItem('auth-storage'));
undefined
console.log('harmony-auth:', localStorage.getItem('harmony-auth'));
undefined
useSMS.ts:20 
            
            
           GET http://localhost:3002/api/sms/conversations 401 (Unauthorized)
useSMSConversations.useQuery @ useSMS.ts:20
fetchFn @ query.ts:457
run @ retryer.ts:153
start @ retryer.ts:218
fetch @ query.ts:576
#executeFetch @ queryObserver.ts:333
(anonymous) @ queryObserver.ts:396
setInterval
#updateRefetchInterval @ queryObserver.ts:391
#updateTimers @ queryObserver.ts:403
onQueryUpdate @ queryObserver.ts:716
(anonymous) @ query.ts:655
(anonymous) @ query.ts:654
batch @ notifyManager.ts:54
#dispatch @ query.ts:653
onError @ query.ts:501
reject @ retryer.ts:116
(anonymous) @ retryer.ts:180
Promise.catch
run @ retryer.ts:160
(anonymous) @ retryer.ts:199
Promise.then
(anonymous) @ retryer.ts:195
Promise.catch
run @ retryer.ts:160
(anonymous) @ retryer.ts:199
Promise.then
(anonymous) @ retryer.ts:195
Promise.catch
run @ retryer.ts:160
(anonymous) @ retryer.ts:199
Promise.then
(anonymous) @ retryer.ts:195
Promise.catch
run @ retryer.ts:160
start @ retryer.ts:218
fetch @ query.ts:576
#executeFetch @ queryObserver.ts:333
onSubscribe @ queryObserver.ts:104
subscribe @ subscribable.ts:11
useBaseQuery.useSyncExternalStore.useCallback @ useBaseQuery.ts:100
subscribeToStore @ react-dom-client.development.js:7248
react-stack-bottom-frame @ react-dom-client.development.js:23054
runWithFiberInDEV @ react-dom-client.development.js:844
commitHookEffectListMount @ react-dom-client.development.js:11977
commitHookPassiveMountEffects @ react-dom-client.development.js:12098
commitPassiveMountOnFiber @ react-dom-client.development.js:13928
recursivelyTraversePassiveMountEffects @ react-dom-client.development.js:13901
commitPassiveMountOnFiber @ react-dom-client.development.js:14047
recursivelyTraversePassiveMountEffects @ react-dom-client.development.js:13901
commitPassiveMountOnFiber @ react-dom-client.development.js:14047
recursivelyTraversePassiveMountEffects @ react-dom-client.development.js:13901
commitPassiveMountOnFiber @ react-dom-client.development.js:14047
recursivelyTraversePassiveMountEffects @ react-dom-client.development.js:13901
commitPassiveMountOnFiber @ react-dom-client.development.js:14047
recursivelyTraversePassiveMountEffects @ react-dom-client.development.js:13901
commitPassiveMountOnFiber @ react-dom-client.development.js:13921
recursivelyTraversePassiveMountEffects @ react-dom-client.development.js:13901
commitPassiveMountOnFiber @ react-dom-client.development.js:14047
recursivelyTraversePassiveMountEffects @ react-dom-client.development.js:13901
commitPassiveMountOnFiber @ react-dom-client.development.js:13921
recursivelyTraversePassiveMountEffects @ react-dom-client.development.js:13901
commitPassiveMountOnFiber @ react-dom-client.development.js:13921
recursivelyTraversePassiveMountEffects @ react-dom-client.development.js:13901
commitPassiveMountOnFiber @ react-dom-client.development.js:14047
recursivelyTraversePassiveMountEffects @ react-dom-client.development.js:13901
commitPassiveMountOnFiber @ react-dom-client.development.js:14047
recursivelyTraversePassiveMountEffects @ react-dom-client.development.js:13901
commitPassiveMountOnFiber @ react-dom-client.development.js:13921
recursivelyTraversePassiveMountEffects @ react-dom-client.development.js:13901
commitPassiveMountOnFiber @ react-dom-client.development.js:13931
recursivelyTraversePassiveMountEffects @ react-dom-client.development.js:13901
commitPassiveMountOnFiber @ react-dom-client.development.js:13921
recursivelyTraversePassiveMountEffects @ react-dom-client.development.js:13901
commitPassiveMountOnFiber @ react-dom-client.development.js:13921
recursivelyTraversePassiveMountEffects @ react-dom-client.development.js:13901
commitPassiveMountOnFiber @ react-dom-client.development.js:13921
recursivelyTraversePassiveMountEffects @ react-dom-client.development.js:13901
commitPassiveMountOnFiber @ react-dom-client.development.js:13921
recursivelyTraversePassiveMountEffects @ react-dom-client.development.js:13901
commitPassiveMountOnFiber @ react-dom-client.development.js:13931
recursivelyTraversePassiveMountEffects @ react-dom-client.development.js:13901
commitPassiveMountOnFiber @ react-dom-client.development.js:13921
recursivelyTraversePassiveMountEffects @ react-dom-client.development.js:13901
commitPassiveMountOnFiber @ react-dom-client.development.js:13921
recursivelyTraversePassiveMountEffects @ react-dom-client.development.js:13901
commitPassiveMountOnFiber @ react-dom-client.development.js:14047
recursivelyTraversePassiveMountEffects @ react-dom-client.development.js:13901
commitPassiveMountOnFiber @ react-dom-client.development.js:13921
recursivelyTraversePassiveMountEffects @ react-dom-client.development.js:13901
commitPassiveMountOnFiber @ react-dom-client.development.js:14047
recursivelyTraversePassiveMountEffects @ react-dom-client.development.js:13901
commitPassiveMountOnFiber @ react-dom-client.development.js:14047
recursivelyTraversePassiveMountEffects @ react-dom-client.development.js:13901
commitPassiveMountOnFiber @ react-dom-client.development.js:13921
recursivelyTraversePassiveMountEffects @ react-dom-client.development.js:13901
commitPassiveMountOnFiber @ react-dom-client.development.js:13931
recursivelyTraversePassiveMountEffects @ react-dom-client.development.js:13901
commitPassiveMountOnFiber @ react-dom-client.development.js:13921
recursivelyTraversePassiveMountEffects @ react-dom-client.development.js:13901
commitPassiveMountOnFiber @ react-dom-client.development.js:13931
recursivelyTraversePassiveMountEffects @ react-dom-client.development.js:13901
commitPassiveMountOnFiber @ react-dom-client.development.js:13921
recursivelyTraversePassiveMountEffects @ react-dom-client.development.js:13901
commitPassiveMountOnFiber @ react-dom-client.development.js:13921
recursivelyTraversePassiveMountEffects @ react-dom-client.development.js:13901
commitPassiveMountOnFiber @ react-dom-client.development.js:13921
recursivelyTraversePassiveMountEffects @ react-dom-client.development.js:13901
commitPassiveMountOnFiber @ react-dom-client.development.js:13931
recursivelyTraversePassiveMountEffects @ react-dom-client.development.js:13901
commitPassiveMountOnFiber @ react-dom-client.development.js:13921
recursivelyTraversePassiveMountEffects @ react-dom-client.development.js:13901
commitPassiveMountOnFiber @ react-dom-client.development.js:13921
recursivelyTraversePassiveMountEffects @ react-dom-client.development.js:13901
commitPassiveMountOnFiber @ react-dom-client.development.js:14047
recursivelyTraversePassiveMountEffects @ react-dom-client.development.js:13901
commitPassiveMountOnFiber @ react-dom-client.development.js:13921
recursivelyTraversePassiveMountEffects @ react-dom-client.development.js:13901
commitPassiveMountOnFiber @ react-dom-client.development.js:14047
recursivelyTraversePassiveMountEffects @ react-dom-client.development.js:13901
commitPassiveMountOnFiber @ react-dom-client.development.js:14047
recursivelyTraversePassiveMountEffects @ react-dom-client.development.js:13901
commitPassiveMountOnFiber @ react-dom-client.development.js:13921
recursivelyTraversePassiveMountEffects @ react-dom-client.development.js:13901
commitPassiveMountOnFiber @ react-dom-client.development.js:14047
recursivelyTraversePassiveMountEffects @ react-dom-client.development.js:13901
commitPassiveMountOnFiber @ react-dom-client.development.js:14047
recursivelyTraversePassiveMountEffects @ react-dom-client.development.js:13901
commitPassiveMountOnFiber @ react-dom-client.development.js:14047
recursivelyTraversePassiveMountEffects @ react-dom-client.development.js:13901
commitPassiveMountOnFiber @ react-dom-client.development.js:13921
recursivelyTraversePassiveMountEffects @ react-dom-client.development.js:13901
commitPassiveMountOnFiber @ react-dom-client.development.js:13921
recursivelyTraversePassiveMountEffects @ react-dom-client.development.js:13901
commitPassiveMountOnFiber @ react-dom-client.development.js:14047
recursivelyTraversePassiveMountEffects @ react-dom-client.development.js:13901
commitPassiveMountOnFiber @ react-dom-client.development.js:14047
recursivelyTraversePassiveMountEffects @ react-dom-client.development.js:13901
commitPassiveMountOnFiber @ react-dom-client.development.js:13921
recursivelyTraversePassiveMountEffects @ react-dom-client.development.js:13901
commitPassiveMountOnFiber @ react-dom-client.development.js:13931
recursivelyTraversePassiveMountEffects @ react-dom-client.development.js:13901
commitPassiveMountOnFiber @ react-dom-client.development.js:13921
recursivelyTraversePassiveMountEffects @ react-dom-client.development.js:13901
commitPassiveMountOnFiber @ react-dom-client.development.js:13931
recursivelyTraversePassiveMountEffects @ react-dom-client.development.js:13901
commitPassiveMountOnFiber @ react-dom-client.development.js:13921
recursivelyTraversePassiveMountEffects @ react-dom-client.development.js:13901
commitPassiveMountOnFiber @ react-dom-client.development.js:13921
recursivelyTraversePassiveMountEffects @ react-dom-client.development.js:13901
commitPassiveMountOnFiber @ react-dom-client.development.js:13921
recursivelyTraversePassiveMountEffects @ react-dom-client.development.js:13901
commitPassiveMountOnFiber @ react-dom-client.development.js:13931
recursivelyTraversePassiveMountEffects @ react-dom-client.development.js:13901
commitPassiveMountOnFiber @ react-dom-client.development.js:13921
recursivelyTraversePassiveMountEffects @ react-dom-client.development.js:13901
commitPassiveMountOnFiber @ react-dom-client.development.js:13921
recursivelyTraversePassiveMountEffects @ react-dom-client.development.js:13901
commitPassiveMountOnFiber @ react-dom-client.development.js:14047
recursivelyTraversePassiveMountEffects @ react-dom-client.development.js:13901
commitPassiveMountOnFiber @ react-dom-client.development.js:13921
recursivelyTraversePassiveMountEffects @ react-dom-client.development.js:13901
commitPassiveMountOnFiber @ react-dom-client.development.js:14047
recursivelyTraversePassiveMountEffects @ react-dom-client.development.js:13901
commitPassiveMountOnFiber @ react-dom-client.development.js:13921
recursivelyTraversePassiveMountEffects @ react-dom-client.development.js:13901
commitPassiveMountOnFiber @ react-dom-client.development.js:13921
recursivelyTraversePassiveMountEffects @ react-dom-client.development.js:13901
commitPassiveMountOnFiber @ react-dom-client.development.js:14047
recursivelyTraversePassiveMountEffects @ react-dom-client.development.js:13901
commitPassiveMountOnFiber @ react-dom-client.development.js:14047
recursivelyTraversePassiveMountEffects @ react-dom-client.development.js:13901
commitPassiveMountOnFiber @ react-dom-client.development.js:14047
recursivelyTraversePassiveMountEffects @ react-dom-client.development.js:13901
commitPassiveMountOnFiber @ react-dom-client.development.js:13931
recursivelyTraversePassiveMountEffects @ react-dom-client.development.js:13901
commitPassiveMountOnFiber @ react-dom-client.development.js:13921
recursivelyTraversePassiveMountEffects @ react-dom-client.development.js:13901
commitPassiveMountOnFiber @ react-dom-client.development.js:13931
recursivelyTraversePassiveMountEffects @ react-dom-client.development.js:13901
commitPassiveMountOnFiber @ react-dom-client.development.js:13921
recursivelyTraversePassiveMountEffects @ react-dom-client.development.js:13901
commitPassiveMountOnFiber @ react-dom-client.development.js:13921
recursivelyTraversePassiveMountEffects @ react-dom-client.development.js:13901
commitPassiveMountOnFiber @ react-dom-client.development.js:13931
recursivelyTraversePassiveMountEffects @ react-dom-client.development.js:13901
commitPassiveMountOnFiber @ react-dom-client.development.js:13921
recursivelyTraversePassiveMountEffects @ react-dom-client.development.js:13901
commitPassiveMountOnFiber @ react-dom-client.development.js:13921
recursivelyTraversePassiveMountEffects @ react-dom-client.development.js:13901
commitPassiveMountOnFiber @ react-dom-client.development.js:14047
recursivelyTraversePassiveMountEffects @ react-dom-client.development.js:13901
commitPassiveMountOnFiber @ react-dom-client.development.js:14047
recursivelyTraversePassiveMountEffects @ react-dom-client.development.js:13901
commitPassiveMountOnFiber @ react-dom-client.development.js:14047
recursivelyTraversePassiveMountEffects @ react-dom-client.development.js:13901
commitPassiveMountOnFiber @ react-dom-client.development.js:14047
recursivelyTraversePassiveMountEffects @ react-dom-client.development.js:13901
commitPassiveMountOnFiber @ react-dom-client.development.js:14047
recursivelyTraversePassiveMountEffects @ react-dom-client.development.js:13901
commitPassiveMountOnFiber @ react-dom-client.development.js:14047
recursivelyTraversePassiveMountEffects @ react-dom-client.development.js:13901
commitPassiveMountOnFiber @ react-dom-client.development.js:13921
recursivelyTraversePassiveMountEffects @ react-dom-client.development.js:13901
commitPassiveMountOnFiber @ react-dom-client.development.js:13931
recursivelyTraversePassiveMountEffects @ react-dom-client.development.js:13901
commitPassiveMountOnFiber @ react-dom-client.development.js:13921
recursivelyTraversePassiveMountEffects @ react-dom-client.development.js:13901
commitPassiveMountOnFiber @ react-dom-client.development.js:13921
recursivelyTraversePassiveMountEffects @ react-dom-client.development.js:13901
commitPassiveMountOnFiber @ react-dom-client.development.js:14047
recursivelyTraversePassiveMountEffects @ react-dom-client.development.js:13901
commitPassiveMountOnFiber @ react-dom-client.development.js:13921
recursivelyTraversePassiveMountEffects @ react-dom-client.development.js:13901
commitPassiveMountOnFiber @ react-dom-client.development.js:13921
recursivelyTraversePassiveMountEffects @ react-dom-client.development.js:13901
commitPassiveMountOnFiber @ react-dom-client.development.js:14047
recursivelyTraversePassiveMountEffects @ react-dom-client.development.js:13901
commitPassiveMountOnFiber @ react-dom-client.development.js:14047
recursivelyTraversePassiveMountEffects @ react-dom-client.development.js:13901
commitPassiveMountOnFiber @ react-dom-client.development.js:13940
flushPassiveEffects @ react-dom-client.development.js:15868
(anonymous) @ react-dom-client.development.js:15504
performWorkUntilDeadline @ scheduler.development.js:45
<SMSConversations>
exports.jsxDEV @ react-jsx-dev-runtime.development.js:346
ReceptionistPage @ page.tsx:116
react-stack-bottom-frame @ react-dom-client.development.js:22973
renderWithHooksAgain @ react-dom-client.development.js:6766
renderWithHooks @ react-dom-client.development.js:6678
updateFunctionComponent @ react-dom-client.development.js:8930
beginWork @ react-dom-client.development.js:10555
runWithFiberInDEV @ react-dom-client.development.js:844
performUnitOfWork @ react-dom-client.development.js:15257
workLoopConcurrentByScheduler @ react-dom-client.development.js:15251
renderRootConcurrent @ react-dom-client.development.js:15226
performWorkOnRoot @ react-dom-client.development.js:14524
performWorkOnRootViaSchedulerTask @ react-dom-client.development.js:16349
performWorkUntilDeadline @ scheduler.development.js:45
<ReceptionistPage>
exports.jsx @ react-jsx-runtime.development.js:339
ClientPageRoot @ client-page.tsx:60
react-stack-bottom-frame @ react-dom-client.development.js:22973
renderWithHooksAgain @ react-dom-client.development.js:6766
renderWithHooks @ react-dom-client.development.js:6678
updateFunctionComponent @ react-dom-client.development.js:8930
beginWork @ react-dom-client.development.js:10504
runWithFiberInDEV @ react-dom-client.development.js:844
performUnitOfWork @ react-dom-client.development.js:15257
workLoopConcurrentByScheduler @ react-dom-client.development.js:15251
renderRootConcurrent @ react-dom-client.development.js:15226
performWorkOnRoot @ react-dom-client.development.js:14524
performWorkOnRootViaSchedulerTask @ react-dom-client.development.js:16349
performWorkUntilDeadline @ scheduler.development.js:45
"use client"
(anonymous) @ react-server-dom-turbopack-client.browser.development.js:2347
initializeModelChunk @ react-server-dom-turbopack-client.browser.development.js:1047
resolveModelChunk @ react-server-dom-turbopack-client.browser.development.js:1024
resolveModel @ react-server-dom-turbopack-client.browser.development.js:1592
processFullStringRow @ react-server-dom-turbopack-client.browser.development.js:2281
processFullBinaryRow @ react-server-dom-turbopack-client.browser.development.js:2226
progress @ react-server-dom-turbopack-client.browser.development.js:2472
"use server"
ResponseInstance @ react-server-dom-turbopack-client.browser.development.js:1580
createResponseFromOptions @ react-server-dom-turbopack-client.browser.development.js:2389
exports.createFromReadableStream @ react-server-dom-turbopack-client.browser.development.js:2702
createFromNextReadableStream @ fetch-server-response.ts:301
fetchServerResponse @ fetch-server-response.ts:230
await in fetchServerResponse
(anonymous) @ prefetch-cache-utils.ts:323
task @ promise-queue.ts:33
processNext @ promise-queue.ts:66
enqueue @ promise-queue.ts:46
createLazyPrefetchEntry @ prefetch-cache-utils.ts:322
getOrCreatePrefetchCacheEntry @ prefetch-cache-utils.ts:227
navigateReducer @ navigate-reducer.ts:216
clientReducer @ router-reducer.ts:32
action @ app-router-instance.ts:211
runAction @ app-router-instance.ts:98
dispatchAction @ app-router-instance.ts:163
dispatch @ app-router-instance.ts:209
(anonymous) @ use-action-queue.ts:46
startTransition @ react-dom-client.development.js:7842
dispatch @ use-action-queue.ts:45
dispatchAppRouterAction @ use-action-queue.ts:22
dispatchNavigateAction @ app-router-instance.ts:280
(anonymous) @ app-router-instance.ts:352
exports.startTransition @ react.development.js:1127
push @ app-router-instance.ts:351
onSubmit @ page.tsx:43
await in onSubmit
(anonymous) @ createFormControl.ts:1254
await in (anonymous)
executeDispatch @ react-dom-client.development.js:16501
runWithFiberInDEV @ react-dom-client.development.js:844
processDispatchQueue @ react-dom-client.development.js:16551
(anonymous) @ react-dom-client.development.js:17149
batchedUpdates$1 @ react-dom-client.development.js:3262
dispatchEventForPluginEventSystem @ react-dom-client.development.js:16705
dispatchEvent @ react-dom-client.development.js:20815
dispatchDiscreteEvent @ react-dom-client.development.js:20783Understand this error
useSMS.ts:20 
            
            
           GET http://localhost:3002/api/sms/conversations 401 (Unauthorized)
useSMSConversations.useQuery @ useSMS.ts:20
fetchFn @ query.ts:457
run @ retryer.ts:153
(anonymous) @ retryer.ts:199
Promise.then
(anonymous) @ retryer.ts:195
Promise.catch
run @ retryer.ts:160
start @ retryer.ts:218
fetch @ query.ts:576
#executeFetch @ queryObserver.ts:333
(anonymous) @ queryObserver.ts:396
setInterval
#updateRefetchInterval @ queryObserver.ts:391
#updateTimers @ queryObserver.ts:403
onQueryUpdate @ queryObserver.ts:716
(anonymous) @ query.ts:655
(anonymous) @ query.ts:654
batch @ notifyManager.ts:54
#dispatch @ query.ts:653
onError @ query.ts:501
reject @ retryer.ts:116
(anonymous) @ retryer.ts:180
Promise.catch
run @ retryer.ts:160
(anonymous) @ retryer.ts:199
Promise.then
(anonymous) @ retryer.ts:195
Promise.catch
run @ retryer.ts:160
(anonymous) @ retryer.ts:199
Promise.then
(anonymous) @ retryer.ts:195
Promise.catch
run @ retryer.ts:160
(anonymous) @ retryer.ts:199
Promise.then
(anonymous) @ retryer.ts:195
Promise.catch
run @ retryer.ts:160
start @ retryer.ts:218
fetch @ query.ts:576
#executeFetch @ queryObserver.ts:333
onSubscribe @ queryObserver.ts:104
subscribe @ subscribable.ts:11
useBaseQuery.useSyncExternalStore.useCallback @ useBaseQuery.ts:100
subscribeToStore @ react-dom-client.development.js:7248
react-stack-bottom-frame @ react-dom-client.development.js:23054
runWithFiberInDEV @ react-dom-client.development.js:844
commitHookEffectListMount @ react-dom-client.development.js:11977
commitHookPassiveMountEffects @ react-dom-client.development.js:12098
commitPassiveMountOnFiber @ react-dom-client.development.js:13928
recursivelyTraversePassiveMountEffects @ react-dom-client.development.js:13901
commitPassiveMountOnFiber @ react-dom-client.development.js:14047
recursivelyTraversePassiveMountEffects @ react-dom-client.development.js:13901
commitPassiveMountOnFiber @ react-dom-client.development.js:14047
recursivelyTraversePassiveMountEffects @ react-dom-client.development.js:13901
commitPassiveMountOnFiber @ react-dom-client.development.js:14047
recursivelyTraversePassiveMountEffects @ react-dom-client.development.js:13901
commitPassiveMountOnFiber @ react-dom-client.development.js:14047
recursivelyTraversePassiveMountEffects @ react-dom-client.development.js:13901
commitPassiveMountOnFiber @ react-dom-client.development.js:13921
recursivelyTraversePassiveMountEffects @ react-dom-client.development.js:13901
commitPassiveMountOnFiber @ react-dom-client.development.js:14047
recursivelyTraversePassiveMountEffects @ react-dom-client.development.js:13901
commitPassiveMountOnFiber @ react-dom-client.development.js:13921
recursivelyTraversePassiveMountEffects @ react-dom-client.development.js:13901
commitPassiveMountOnFiber @ react-dom-client.development.js:13921
recursivelyTraversePassiveMountEffects @ react-dom-client.development.js:13901
commitPassiveMountOnFiber @ react-dom-client.development.js:14047
recursivelyTraversePassiveMountEffects @ react-dom-client.development.js:13901
commitPassiveMountOnFiber @ react-dom-client.development.js:14047
recursivelyTraversePassiveMountEffects @ react-dom-client.development.js:13901
commitPassiveMountOnFiber @ react-dom-client.development.js:13921
recursivelyTraversePassiveMountEffects @ react-dom-client.development.js:13901
commitPassiveMountOnFiber @ react-dom-client.development.js:13931
recursivelyTraversePassiveMountEffects @ react-dom-client.development.js:13901
commitPassiveMountOnFiber @ react-dom-client.development.js:13921
recursivelyTraversePassiveMountEffects @ react-dom-client.development.js:13901
commitPassiveMountOnFiber @ react-dom-client.development.js:13921
recursivelyTraversePassiveMountEffects @ react-dom-client.development.js:13901
commitPassiveMountOnFiber @ react-dom-client.development.js:13921
recursivelyTraversePassiveMountEffects @ react-dom-client.development.js:13901
commitPassiveMountOnFiber @ react-dom-client.development.js:13921
recursivelyTraversePassiveMountEffects @ react-dom-client.development.js:13901
commitPassiveMountOnFiber @ react-dom-client.development.js:13931
recursivelyTraversePassiveMountEffects @ react-dom-client.development.js:13901
commitPassiveMountOnFiber @ react-dom-client.development.js:13921
recursivelyTraversePassiveMountEffects @ react-dom-client.development.js:13901
commitPassiveMountOnFiber @ react-dom-client.development.js:13921
recursivelyTraversePassiveMountEffects @ react-dom-client.development.js:13901
commitPassiveMountOnFiber @ react-dom-client.development.js:14047
recursivelyTraversePassiveMountEffects @ react-dom-client.development.js:13901
commitPassiveMountOnFiber @ react-dom-client.development.js:13921
recursivelyTraversePassiveMountEffects @ react-dom-client.development.js:13901
commitPassiveMountOnFiber @ react-dom-client.development.js:14047
recursivelyTraversePassiveMountEffects @ react-dom-client.development.js:13901
commitPassiveMountOnFiber @ react-dom-client.development.js:14047
recursivelyTraversePassiveMountEffects @ react-dom-client.development.js:13901
commitPassiveMountOnFiber @ react-dom-client.development.js:13921
recursivelyTraversePassiveMountEffects @ react-dom-client.development.js:13901
commitPassiveMountOnFiber @ react-dom-client.development.js:13931
recursivelyTraversePassiveMountEffects @ react-dom-client.development.js:13901
commitPassiveMountOnFiber @ react-dom-client.development.js:13921
recursivelyTraversePassiveMountEffects @ react-dom-client.development.js:13901
commitPassiveMountOnFiber @ react-dom-client.development.js:13931
recursivelyTraversePassiveMountEffects @ react-dom-client.development.js:13901
commitPassiveMountOnFiber @ react-dom-client.development.js:13921
recursivelyTraversePassiveMountEffects @ react-dom-client.development.js:13901
commitPassiveMountOnFiber @ react-dom-client.development.js:13921
recursivelyTraversePassiveMountEffects @ react-dom-client.development.js:13901
commitPassiveMountOnFiber @ react-dom-client.development.js:13921
recursivelyTraversePassiveMountEffects @ react-dom-client.development.js:13901
commitPassiveMountOnFiber @ react-dom-client.development.js:13931
recursivelyTraversePassiveMountEffects @ react-dom-client.development.js:13901
commitPassiveMountOnFiber @ react-dom-client.development.js:13921
recursivelyTraversePassiveMountEffects @ react-dom-client.development.js:13901
commitPassiveMountOnFiber @ react-dom-client.development.js:13921
recursivelyTraversePassiveMountEffects @ react-dom-client.development.js:13901
commitPassiveMountOnFiber @ react-dom-client.development.js:14047
recursivelyTraversePassiveMountEffects @ react-dom-client.development.js:13901
commitPassiveMountOnFiber @ react-dom-client.development.js:13921
recursivelyTraversePassiveMountEffects @ react-dom-client.development.js:13901
commitPassiveMountOnFiber @ react-dom-client.development.js:14047
recursivelyTraversePassiveMountEffects @ react-dom-client.development.js:13901
commitPassiveMountOnFiber @ react-dom-client.development.js:14047
recursivelyTraversePassiveMountEffects @ react-dom-client.development.js:13901
commitPassiveMountOnFiber @ react-dom-client.development.js:13921
recursivelyTraversePassiveMountEffects @ react-dom-client.development.js:13901
commitPassiveMountOnFiber @ react-dom-client.development.js:14047
recursivelyTraversePassiveMountEffects @ react-dom-client.development.js:13901
commitPassiveMountOnFiber @ react-dom-client.development.js:14047
recursivelyTraversePassiveMountEffects @ react-dom-client.development.js:13901
commitPassiveMountOnFiber @ react-dom-client.development.js:14047
recursivelyTraversePassiveMountEffects @ react-dom-client.development.js:13901
commitPassiveMountOnFiber @ react-dom-client.development.js:13921
recursivelyTraversePassiveMountEffects @ react-dom-client.development.js:13901
commitPassiveMountOnFiber @ react-dom-client.development.js:13921
recursivelyTraversePassiveMountEffects @ react-dom-client.development.js:13901
commitPassiveMountOnFiber @ react-dom-client.development.js:14047
recursivelyTraversePassiveMountEffects @ react-dom-client.development.js:13901
commitPassiveMountOnFiber @ react-dom-client.development.js:14047
recursivelyTraversePassiveMountEffects @ react-dom-client.development.js:13901
commitPassiveMountOnFiber @ react-dom-client.development.js:13921
recursivelyTraversePassiveMountEffects @ react-dom-client.development.js:13901
commitPassiveMountOnFiber @ react-dom-client.development.js:13931
recursivelyTraversePassiveMountEffects @ react-dom-client.development.js:13901
commitPassiveMountOnFiber @ react-dom-client.development.js:13921
recursivelyTraversePassiveMountEffects @ react-dom-client.development.js:13901
commitPassiveMountOnFiber @ react-dom-client.development.js:13931
recursivelyTraversePassiveMountEffects @ react-dom-client.development.js:13901
commitPassiveMountOnFiber @ react-dom-client.development.js:13921
recursivelyTraversePassiveMountEffects @ react-dom-client.development.js:13901
commitPassiveMountOnFiber @ react-dom-client.development.js:13921
recursivelyTraversePassiveMountEffects @ react-dom-client.development.js:13901
commitPassiveMountOnFiber @ react-dom-client.development.js:13921
recursivelyTraversePassiveMountEffects @ react-dom-client.development.js:13901
commitPassiveMountOnFiber @ react-dom-client.development.js:13931
recursivelyTraversePassiveMountEffects @ react-dom-client.development.js:13901
commitPassiveMountOnFiber @ react-dom-client.development.js:13921
recursivelyTraversePassiveMountEffects @ react-dom-client.development.js:13901
commitPassiveMountOnFiber @ react-dom-client.development.js:13921
recursivelyTraversePassiveMountEffects @ react-dom-client.development.js:13901
commitPassiveMountOnFiber @ react-dom-client.development.js:14047
recursivelyTraversePassiveMountEffects @ react-dom-client.development.js:13901
commitPassiveMountOnFiber @ react-dom-client.development.js:13921
recursivelyTraversePassiveMountEffects @ react-dom-client.development.js:13901
commitPassiveMountOnFiber @ react-dom-client.development.js:14047
recursivelyTraversePassiveMountEffects @ react-dom-client.development.js:13901
commitPassiveMountOnFiber @ react-dom-client.development.js:13921
recursivelyTraversePassiveMountEffects @ react-dom-client.development.js:13901
commitPassiveMountOnFiber @ react-dom-client.development.js:13921
recursivelyTraversePassiveMountEffects @ react-dom-client.development.js:13901
commitPassiveMountOnFiber @ react-dom-client.development.js:14047
recursivelyTraversePassiveMountEffects @ react-dom-client.development.js:13901
commitPassiveMountOnFiber @ react-dom-client.development.js:14047
recursivelyTraversePassiveMountEffects @ react-dom-client.development.js:13901
commitPassiveMountOnFiber @ react-dom-client.development.js:14047
recursivelyTraversePassiveMountEffects @ react-dom-client.development.js:13901
commitPassiveMountOnFiber @ react-dom-client.development.js:13931
recursivelyTraversePassiveMountEffects @ react-dom-client.development.js:13901
commitPassiveMountOnFiber @ react-dom-client.development.js:13921
recursivelyTraversePassiveMountEffects @ react-dom-client.development.js:13901
commitPassiveMountOnFiber @ react-dom-client.development.js:13931
recursivelyTraversePassiveMountEffects @ react-dom-client.development.js:13901
commitPassiveMountOnFiber @ react-dom-client.development.js:13921
recursivelyTraversePassiveMountEffects @ react-dom-client.development.js:13901
commitPassiveMountOnFiber @ react-dom-client.development.js:13921
recursivelyTraversePassiveMountEffects @ react-dom-client.development.js:13901
commitPassiveMountOnFiber @ react-dom-client.development.js:13931
recursivelyTraversePassiveMountEffects @ react-dom-client.development.js:13901
commitPassiveMountOnFiber @ react-dom-client.development.js:13921
recursivelyTraversePassiveMountEffects @ react-dom-client.development.js:13901
commitPassiveMountOnFiber @ react-dom-client.development.js:13921
recursivelyTraversePassiveMountEffects @ react-dom-client.development.js:13901
commitPassiveMountOnFiber @ react-dom-client.development.js:14047
recursivelyTraversePassiveMountEffects @ react-dom-client.development.js:13901
commitPassiveMountOnFiber @ react-dom-client.development.js:14047
recursivelyTraversePassiveMountEffects @ react-dom-client.development.js:13901
commitPassiveMountOnFiber @ react-dom-client.development.js:14047
recursivelyTraversePassiveMountEffects @ react-dom-client.development.js:13901
commitPassiveMountOnFiber @ react-dom-client.development.js:14047
recursivelyTraversePassiveMountEffects @ react-dom-client.development.js:13901
commitPassiveMountOnFiber @ react-dom-client.development.js:14047
recursivelyTraversePassiveMountEffects @ react-dom-client.development.js:13901
commitPassiveMountOnFiber @ react-dom-client.development.js:14047
recursivelyTraversePassiveMountEffects @ react-dom-client.development.js:13901
commitPassiveMountOnFiber @ react-dom-client.development.js:13921
recursivelyTraversePassiveMountEffects @ react-dom-client.development.js:13901
commitPassiveMountOnFiber @ react-dom-client.development.js:13931
recursivelyTraversePassiveMountEffects @ react-dom-client.development.js:13901
commitPassiveMountOnFiber @ react-dom-client.development.js:13921
recursivelyTraversePassiveMountEffects @ react-dom-client.development.js:13901
commitPassiveMountOnFiber @ react-dom-client.development.js:13921
recursivelyTraversePassiveMountEffects @ react-dom-client.development.js:13901
commitPassiveMountOnFiber @ react-dom-client.development.js:14047
recursivelyTraversePassiveMountEffects @ react-dom-client.development.js:13901
commitPassiveMountOnFiber @ react-dom-client.development.js:13921
recursivelyTraversePassiveMountEffects @ react-dom-client.development.js:13901
commitPassiveMountOnFiber @ react-dom-client.development.js:13921
recursivelyTraversePassiveMountEffects @ react-dom-client.development.js:13901
commitPassiveMountOnFiber @ react-dom-client.development.js:14047
recursivelyTraversePassiveMountEffects @ react-dom-client.development.js:13901
commitPassiveMountOnFiber @ react-dom-client.development.js:14047
recursivelyTraversePassiveMountEffects @ react-dom-client.development.js:13901
commitPassiveMountOnFiber @ react-dom-client.development.js:13940
flushPassiveEffects @ react-dom-client.development.js:15868
(anonymous) @ react-dom-client.development.js:15504
performWorkUntilDeadline @ scheduler.development.js:45
<SMSConversations>
exports.jsxDEV @ react-jsx-dev-runtime.development.js:346
ReceptionistPage @ page.tsx:116
react-stack-bottom-frame @ react-dom-client.development.js:22973
renderWithHooksAgain @ react-dom-client.development.js:6766
renderWithHooks @ react-dom-client.development.js:6678
updateFunctionComponent @ react-dom-client.development.js:8930
beginWork @ react-dom-client.development.js:10555
runWithFiberInDEV @ react-dom-client.development.js:844
performUnitOfWork @ react-dom-client.development.js:15257
workLoopConcurrentByScheduler @ react-dom-client.development.js:15251
renderRootConcurrent @ react-dom-client.development.js:15226
performWorkOnRoot @ react-dom-client.development.js:14524
performWorkOnRootViaSchedulerTask @ react-dom-client.development.js:16349
performWorkUntilDeadline @ scheduler.development.js:45
<ReceptionistPage>
exports.jsx @ react-jsx-runtime.development.js:339
ClientPageRoot @ client-page.tsx:60
react-stack-bottom-frame @ react-dom-client.development.js:22973
renderWithHooksAgain @ react-dom-client.development.js:6766
renderWithHooks @ react-dom-client.development.js:6678
updateFunctionComponent @ react-dom-client.development.js:8930
beginWork @ react-dom-client.development.js:10504
runWithFiberInDEV @ react-dom-client.development.js:844
performUnitOfWork @ react-dom-client.development.js:15257
workLoopConcurrentByScheduler @ react-dom-client.development.js:15251
renderRootConcurrent @ react-dom-client.development.js:15226
performWorkOnRoot @ react-dom-client.development.js:14524
performWorkOnRootViaSchedulerTask @ react-dom-client.development.js:16349
performWorkUntilDeadline @ scheduler.development.js:45
"use client"
(anonymous) @ react-server-dom-turbopack-client.browser.development.js:2347
initializeModelChunk @ react-server-dom-turbopack-client.browser.development.js:1047
resolveModelChunk @ react-server-dom-turbopack-client.browser.development.js:1024
resolveModel @ react-server-dom-turbopack-client.browser.development.js:1592
processFullStringRow @ react-server-dom-turbopack-client.browser.development.js:2281
processFullBinaryRow @ react-server-dom-turbopack-client.browser.development.js:2226
progress @ react-server-dom-turbopack-client.browser.development.js:2472
"use server"
ResponseInstance @ react-server-dom-turbopack-client.browser.development.js:1580
createResponseFromOptions @ react-server-dom-turbopack-client.browser.development.js:2389
exports.createFromReadableStream @ react-server-dom-turbopack-client.browser.development.js:2702
createFromNextReadableStream @ fetch-server-response.ts:301
fetchServerResponse @ fetch-server-response.ts:230
await in fetchServerResponse
(anonymous) @ prefetch-cache-utils.ts:323
task @ promise-queue.ts:33
processNext @ promise-queue.ts:66
enqueue @ promise-queue.ts:46
createLazyPrefetchEntry @ prefetch-cache-utils.ts:322
getOrCreatePrefetchCacheEntry @ prefetch-cache-utils.ts:227
navigateReducer @ navigate-reducer.ts:216
clientReducer @ router-reducer.ts:32
action @ app-router-instance.ts:211
runAction @ app-router-instance.ts:98
dispatchAction @ app-router-instance.ts:163
dispatch @ app-router-instance.ts:209
(anonymous) @ use-action-queue.ts:46
startTransition @ react-dom-client.development.js:7842
dispatch @ use-action-queue.ts:45
dispatchAppRouterAction @ use-action-queue.ts:22
dispatchNavigateAction @ app-router-instance.ts:280
(anonymous) @ app-router-instance.ts:352
exports.startTransition @ react.development.js:1127
push @ app-router-instance.ts:351
onSubmit @ page.tsx:43
await in onSubmit
(anonymous) @ createFormControl.ts:1254
await in (anonymous)
executeDispatch @ react-dom-client.development.js:16501
runWithFiberInDEV @ react-dom-client.development.js:844
processDispatchQueue @ react-dom-client.development.js:16551
(anonymous) @ react-dom-client.development.js:17149
batchedUpdates$1 @ react-dom-client.development.js:3262
dispatchEventForPluginEventSystem @ react-dom-client.development.js:16705
dispatchEvent @ react-dom-client.development.js:20815
dispatchDiscreteEvent @ react-dom-client.development.js:20783Understand this error
useSMS.ts:20 
            
            
           GET http://localhost:3002/api/sms/conversations 401 (Unauthorized)
useSMSConversations.useQuery @ useSMS.ts:20
fetchFn @ query.ts:457
run @ retryer.ts:153
(anonymous) @ retryer.ts:199
Promise.then
(anonymous) @ retryer.ts:195
Promise.catch
run @ retryer.ts:160
(anonymous) @ retryer.ts:199
Promise.then
(anonymous) @ retryer.ts:195
Promise.catch
run @ retryer.ts:160
start @ retryer.ts:218
fetch @ query.ts:576
#executeFetch @ queryObserver.ts:333
(anonymous) @ queryObserver.ts:396
setInterval
#updateRefetchInterval @ queryObserver.ts:391
#updateTimers @ queryObserver.ts:403
onQueryUpdate @ queryObserver.ts:716
(anonymous) @ query.ts:655
(anonymous) @ query.ts:654
batch @ notifyManager.ts:54
#dispatch @ query.ts:653
onError @ query.ts:501
reject @ retryer.ts:116
(anonymous) @ retryer.ts:180
Promise.catch
run @ retryer.ts:160
(anonymous) @ retryer.ts:199
Promise.then
(anonymous) @ retryer.ts:195
Promise.catch
run @ retryer.ts:160
(anonymous) @ retryer.ts:199
Promise.then
(anonymous) @ retryer.ts:195
Promise.catch
run @ retryer.ts:160
(anonymous) @ retryer.ts:199
Promise.then
(anonymous) @ retryer.ts:195
Promise.catch
run @ retryer.ts:160
start @ retryer.ts:218
fetch @ query.ts:576
#executeFetch @ queryObserver.ts:333
onSubscribe @ queryObserver.ts:104
subscribe @ subscribable.ts:11
useBaseQuery.useSyncExternalStore.useCallback @ useBaseQuery.ts:100
subscribeToStore @ react-dom-client.development.js:7248
react-stack-bottom-frame @ react-dom-client.development.js:23054
runWithFiberInDEV @ react-dom-client.development.js:844
commitHookEffectListMount @ react-dom-client.development.js:11977
commitHookPassiveMountEffects @ react-dom-client.development.js:12098
commitPassiveMountOnFiber @ react-dom-client.development.js:13928
recursivelyTraversePassiveMountEffects @ react-dom-client.development.js:13901
commitPassiveMountOnFiber @ react-dom-client.development.js:14047
recursivelyTraversePassiveMountEffects @ react-dom-client.development.js:13901
commitPassiveMountOnFiber @ react-dom-client.development.js:14047
recursivelyTraversePassiveMountEffects @ react-dom-client.development.js:13901
commitPassiveMountOnFiber @ react-dom-client.development.js:14047
recursivelyTraversePassiveMountEffects @ react-dom-client.development.js:13901
commitPassiveMountOnFiber @ react-dom-client.development.js:14047
recursivelyTraversePassiveMountEffects @ react-dom-client.development.js:13901
commitPassiveMountOnFiber @ react-dom-client.development.js:13921
recursivelyTraversePassiveMountEffects @ react-dom-client.development.js:13901
commitPassiveMountOnFiber @ react-dom-client.development.js:14047
recursivelyTraversePassiveMountEffects @ react-dom-client.development.js:13901
commitPassiveMountOnFiber @ react-dom-client.development.js:13921
recursivelyTraversePassiveMountEffects @ react-dom-client.development.js:13901
commitPassiveMountOnFiber @ react-dom-client.development.js:13921
recursivelyTraversePassiveMountEffects @ react-dom-client.development.js:13901
commitPassiveMountOnFiber @ react-dom-client.development.js:14047
recursivelyTraversePassiveMountEffects @ react-dom-client.development.js:13901
commitPassiveMountOnFiber @ react-dom-client.development.js:14047
recursivelyTraversePassiveMountEffects @ react-dom-client.development.js:13901
commitPassiveMountOnFiber @ react-dom-client.development.js:13921
recursivelyTraversePassiveMountEffects @ react-dom-client.development.js:13901
commitPassiveMountOnFiber @ react-dom-client.development.js:13931
recursivelyTraversePassiveMountEffects @ react-dom-client.development.js:13901
commitPassiveMountOnFiber @ react-dom-client.development.js:13921
recursivelyTraversePassiveMountEffects @ react-dom-client.development.js:13901
commitPassiveMountOnFiber @ react-dom-client.development.js:13921
recursivelyTraversePassiveMountEffects @ react-dom-client.development.js:13901
commitPassiveMountOnFiber @ react-dom-client.development.js:13921
recursivelyTraversePassiveMountEffects @ react-dom-client.development.js:13901
commitPassiveMountOnFiber @ react-dom-client.development.js:13921
recursivelyTraversePassiveMountEffects @ react-dom-client.development.js:13901
commitPassiveMountOnFiber @ react-dom-client.development.js:13931
recursivelyTraversePassiveMountEffects @ react-dom-client.development.js:13901
commitPassiveMountOnFiber @ react-dom-client.development.js:13921
recursivelyTraversePassiveMountEffects @ react-dom-client.development.js:13901
commitPassiveMountOnFiber @ react-dom-client.development.js:13921
recursivelyTraversePassiveMountEffects @ react-dom-client.development.js:13901
commitPassiveMountOnFiber @ react-dom-client.development.js:14047
recursivelyTraversePassiveMountEffects @ react-dom-client.development.js:13901
commitPassiveMountOnFiber @ react-dom-client.development.js:13921
recursivelyTraversePassiveMountEffects @ react-dom-client.development.js:13901
commitPassiveMountOnFiber @ react-dom-client.development.js:14047
recursivelyTraversePassiveMountEffects @ react-dom-client.development.js:13901
commitPassiveMountOnFiber @ react-dom-client.development.js:14047
recursivelyTraversePassiveMountEffects @ react-dom-client.development.js:13901
commitPassiveMountOnFiber @ react-dom-client.development.js:13921
recursivelyTraversePassiveMountEffects @ react-dom-client.development.js:13901
commitPassiveMountOnFiber @ react-dom-client.development.js:13931
recursivelyTraversePassiveMountEffects @ react-dom-client.development.js:13901
commitPassiveMountOnFiber @ react-dom-client.development.js:13921
recursivelyTraversePassiveMountEffects @ react-dom-client.development.js:13901
commitPassiveMountOnFiber @ react-dom-client.development.js:13931
recursivelyTraversePassiveMountEffects @ react-dom-client.development.js:13901
commitPassiveMountOnFiber @ react-dom-client.development.js:13921
recursivelyTraversePassiveMountEffects @ react-dom-client.development.js:13901
commitPassiveMountOnFiber @ react-dom-client.development.js:13921
recursivelyTraversePassiveMountEffects @ react-dom-client.development.js:13901
commitPassiveMountOnFiber @ react-dom-client.development.js:13921
recursivelyTraversePassiveMountEffects @ react-dom-client.development.js:13901
commitPassiveMountOnFiber @ react-dom-client.development.js:13931
recursivelyTraversePassiveMountEffects @ react-dom-client.development.js:13901
commitPassiveMountOnFiber @ react-dom-client.development.js:13921
recursivelyTraversePassiveMountEffects @ react-dom-client.development.js:13901
commitPassiveMountOnFiber @ react-dom-client.development.js:13921
recursivelyTraversePassiveMountEffects @ react-dom-client.development.js:13901
commitPassiveMountOnFiber @ react-dom-client.development.js:14047
recursivelyTraversePassiveMountEffects @ react-dom-client.development.js:13901
commitPassiveMountOnFiber @ react-dom-client.development.js:13921
recursivelyTraversePassiveMountEffects @ react-dom-client.development.js:13901
commitPassiveMountOnFiber @ react-dom-client.development.js:14047
recursivelyTraversePassiveMountEffects @ react-dom-client.development.js:13901
commitPassiveMountOnFiber @ react-dom-client.development.js:14047
recursivelyTraversePassiveMountEffects @ react-dom-client.development.js:13901
commitPassiveMountOnFiber @ react-dom-client.development.js:13921
recursivelyTraversePassiveMountEffects @ react-dom-client.development.js:13901
commitPassiveMountOnFiber @ react-dom-client.development.js:14047
recursivelyTraversePassiveMountEffects @ react-dom-client.development.js:13901
commitPassiveMountOnFiber @ react-dom-client.development.js:14047
recursivelyTraversePassiveMountEffects @ react-dom-client.development.js:13901
commitPassiveMountOnFiber @ react-dom-client.development.js:14047
recursivelyTraversePassiveMountEffects @ react-dom-client.development.js:13901
commitPassiveMountOnFiber @ react-dom-client.development.js:13921
recursivelyTraversePassiveMountEffects @ react-dom-client.development.js:13901
commitPassiveMountOnFiber @ react-dom-client.development.js:13921
recursivelyTraversePassiveMountEffects @ react-dom-client.development.js:13901
commitPassiveMountOnFiber @ react-dom-client.development.js:14047
recursivelyTraversePassiveMountEffects @ react-dom-client.development.js:13901
commitPassiveMountOnFiber @ react-dom-client.development.js:14047
recursivelyTraversePassiveMountEffects @ react-dom-client.development.js:13901
commitPassiveMountOnFiber @ react-dom-client.development.js:13921
recursivelyTraversePassiveMountEffects @ react-dom-client.development.js:13901
commitPassiveMountOnFiber @ react-dom-client.development.js:13931
recursivelyTraversePassiveMountEffects @ react-dom-client.development.js:13901
commitPassiveMountOnFiber @ react-dom-client.development.js:13921
recursivelyTraversePassiveMountEffects @ react-dom-client.development.js:13901
commitPassiveMountOnFiber @ react-dom-client.development.js:13931
recursivelyTraversePassiveMountEffects @ react-dom-client.development.js:13901
commitPassiveMountOnFiber @ react-dom-client.development.js:13921
recursivelyTraversePassiveMountEffects @ react-dom-client.development.js:13901
commitPassiveMountOnFiber @ react-dom-client.development.js:13921
recursivelyTraversePassiveMountEffects @ react-dom-client.development.js:13901
commitPassiveMountOnFiber @ react-dom-client.development.js:13921
recursivelyTraversePassiveMountEffects @ react-dom-client.development.js:13901
commitPassiveMountOnFiber @ react-dom-client.development.js:13931
recursivelyTraversePassiveMountEffects @ react-dom-client.development.js:13901
commitPassiveMountOnFiber @ react-dom-client.development.js:13921
recursivelyTraversePassiveMountEffects @ react-dom-client.development.js:13901
commitPassiveMountOnFiber @ react-dom-client.development.js:13921
recursivelyTraversePassiveMountEffects @ react-dom-client.development.js:13901
commitPassiveMountOnFiber @ react-dom-client.development.js:14047
recursivelyTraversePassiveMountEffects @ react-dom-client.development.js:13901
commitPassiveMountOnFiber @ react-dom-client.development.js:13921
recursivelyTraversePassiveMountEffects @ react-dom-client.development.js:13901
commitPassiveMountOnFiber @ react-dom-client.development.js:14047
recursivelyTraversePassiveMountEffects @ react-dom-client.development.js:13901
commitPassiveMountOnFiber @ react-dom-client.development.js:13921
recursivelyTraversePassiveMountEffects @ react-dom-client.development.js:13901
commitPassiveMountOnFiber @ react-dom-client.development.js:13921
recursivelyTraversePassiveMountEffects @ react-dom-client.development.js:13901
commitPassiveMountOnFiber @ react-dom-client.development.js:14047
recursivelyTraversePassiveMountEffects @ react-dom-client.development.js:13901
commitPassiveMountOnFiber @ react-dom-client.development.js:14047
recursivelyTraversePassiveMountEffects @ react-dom-client.development.js:13901
commitPassiveMountOnFiber @ react-dom-client.development.js:14047
recursivelyTraversePassiveMountEffects @ react-dom-client.development.js:13901
commitPassiveMountOnFiber @ react-dom-client.development.js:13931
recursivelyTraversePassiveMountEffects @ react-dom-client.development.js:13901
commitPassiveMountOnFiber @ react-dom-client.development.js:13921
recursivelyTraversePassiveMountEffects @ react-dom-client.development.js:13901
commitPassiveMountOnFiber @ react-dom-client.development.js:13931
recursivelyTraversePassiveMountEffects @ react-dom-client.development.js:13901
commitPassiveMountOnFiber @ react-dom-client.development.js:13921
recursivelyTraversePassiveMountEffects @ react-dom-client.development.js:13901
commitPassiveMountOnFiber @ react-dom-client.development.js:13921
recursivelyTraversePassiveMountEffects @ react-dom-client.development.js:13901
commitPassiveMountOnFiber @ react-dom-client.development.js:13931
recursivelyTraversePassiveMountEffects @ react-dom-client.development.js:13901
commitPassiveMountOnFiber @ react-dom-client.development.js:13921
recursivelyTraversePassiveMountEffects @ react-dom-client.development.js:13901
commitPassiveMountOnFiber @ react-dom-client.development.js:13921
recursivelyTraversePassiveMountEffects @ react-dom-client.development.js:13901
commitPassiveMountOnFiber @ react-dom-client.development.js:14047
recursivelyTraversePassiveMountEffects @ react-dom-client.development.js:13901
commitPassiveMountOnFiber @ react-dom-client.development.js:14047
recursivelyTraversePassiveMountEffects @ react-dom-client.development.js:13901
commitPassiveMountOnFiber @ react-dom-client.development.js:14047
recursivelyTraversePassiveMountEffects @ react-dom-client.development.js:13901
commitPassiveMountOnFiber @ react-dom-client.development.js:14047
recursivelyTraversePassiveMountEffects @ react-dom-client.development.js:13901
commitPassiveMountOnFiber @ react-dom-client.development.js:14047
recursivelyTraversePassiveMountEffects @ react-dom-client.development.js:13901
commitPassiveMountOnFiber @ react-dom-client.development.js:14047
recursivelyTraversePassiveMountEffects @ react-dom-client.development.js:13901
commitPassiveMountOnFiber @ react-dom-client.development.js:13921
recursivelyTraversePassiveMountEffects @ react-dom-client.development.js:13901
commitPassiveMountOnFiber @ react-dom-client.development.js:13931
recursivelyTraversePassiveMountEffects @ react-dom-client.development.js:13901
commitPassiveMountOnFiber @ react-dom-client.development.js:13921
recursivelyTraversePassiveMountEffects @ react-dom-client.development.js:13901
commitPassiveMountOnFiber @ react-dom-client.development.js:13921
recursivelyTraversePassiveMountEffects @ react-dom-client.development.js:13901
commitPassiveMountOnFiber @ react-dom-client.development.js:14047
recursivelyTraversePassiveMountEffects @ react-dom-client.development.js:13901
commitPassiveMountOnFiber @ react-dom-client.development.js:13921
recursivelyTraversePassiveMountEffects @ react-dom-client.development.js:13901
commitPassiveMountOnFiber @ react-dom-client.development.js:13921
recursivelyTraversePassiveMountEffects @ react-dom-client.development.js:13901
commitPassiveMountOnFiber @ react-dom-client.development.js:14047
recursivelyTraversePassiveMountEffects @ react-dom-client.development.js:13901
commitPassiveMountOnFiber @ react-dom-client.development.js:14047
recursivelyTraversePassiveMountEffects @ react-dom-client.development.js:13901
commitPassiveMountOnFiber @ react-dom-client.development.js:13940
flushPassiveEffects @ react-dom-client.development.js:15868
(anonymous) @ react-dom-client.development.js:15504
performWorkUntilDeadline @ scheduler.development.js:45
<SMSConversations>
exports.jsxDEV @ react-jsx-dev-runtime.development.js:346
ReceptionistPage @ page.tsx:116
react-stack-bottom-frame @ react-dom-client.development.js:22973
renderWithHooksAgain @ react-dom-client.development.js:6766
renderWithHooks @ react-dom-client.development.js:6678
updateFunctionComponent @ react-dom-client.development.js:8930
beginWork @ react-dom-client.development.js:10555
runWithFiberInDEV @ react-dom-client.development.js:844
performUnitOfWork @ react-dom-client.development.js:15257
workLoopConcurrentByScheduler @ react-dom-client.development.js:15251
renderRootConcurrent @ react-dom-client.development.js:15226
performWorkOnRoot @ react-dom-client.development.js:14524
performWorkOnRootViaSchedulerTask @ react-dom-client.development.js:16349
performWorkUntilDeadline @ scheduler.development.js:45
<ReceptionistPage>
exports.jsx @ react-jsx-runtime.development.js:339
ClientPageRoot @ client-page.tsx:60
react-stack-bottom-frame @ react-dom-client.development.js:22973
renderWithHooksAgain @ react-dom-client.development.js:6766
renderWithHooks @ react-dom-client.development.js:6678
updateFunctionComponent @ react-dom-client.development.js:8930
beginWork @ react-dom-client.development.js:10504
runWithFiberInDEV @ react-dom-client.development.js:844
performUnitOfWork @ react-dom-client.development.js:15257
workLoopConcurrentByScheduler @ react-dom-client.development.js:15251
renderRootConcurrent @ react-dom-client.development.js:15226
performWorkOnRoot @ react-dom-client.development.js:14524
performWorkOnRootViaSchedulerTask @ react-dom-client.development.js:16349
performWorkUntilDeadline @ scheduler.development.js:45
"use client"
(anonymous) @ react-server-dom-turbopack-client.browser.development.js:2347
initializeModelChunk @ react-server-dom-turbopack-client.browser.development.js:1047
resolveModelChunk @ react-server-dom-turbopack-client.browser.development.js:1024
resolveModel @ react-server-dom-turbopack-client.browser.development.js:1592
processFullStringRow @ react-server-dom-turbopack-client.browser.development.js:2281
processFullBinaryRow @ react-server-dom-turbopack-client.browser.development.js:2226
progress @ react-server-dom-turbopack-client.browser.development.js:2472
"use server"
ResponseInstance @ react-server-dom-turbopack-client.browser.development.js:1580
createResponseFromOptions @ react-server-dom-turbopack-client.browser.development.js:2389
exports.createFromReadableStream @ react-server-dom-turbopack-client.browser.development.js:2702
createFromNextReadableStream @ fetch-server-response.ts:301
fetchServerResponse @ fetch-server-response.ts:230
await in fetchServerResponse
(anonymous) @ prefetch-cache-utils.ts:323
task @ promise-queue.ts:33
processNext @ promise-queue.ts:66
enqueue @ promise-queue.ts:46
createLazyPrefetchEntry @ prefetch-cache-utils.ts:322
getOrCreatePrefetchCacheEntry @ prefetch-cache-utils.ts:227
navigateReducer @ navigate-reducer.ts:216
clientReducer @ router-reducer.ts:32
action @ app-router-instance.ts:211
runAction @ app-router-instance.ts:98
dispatchAction @ app-router-instance.ts:163
dispatch @ app-router-instance.ts:209
(anonymous) @ use-action-queue.ts:46
startTransition @ react-dom-client.development.js:7842
dispatch @ use-action-queue.ts:45
dispatchAppRouterAction @ use-action-queue.ts:22
dispatchNavigateAction @ app-router-instance.ts:280
(anonymous) @ app-router-instance.ts:352
exports.startTransition @ react.development.js:1127
push @ app-router-instance.ts:351
onSubmit @ page.tsx:43
await in onSubmit
(anonymous) @ createFormControl.ts:1254
await in (anonymous)
executeDispatch @ react-dom-client.development.js:16501
runWithFiberInDEV @ react-dom-client.development.js:844
processDispatchQueue @ react-dom-client.development.js:16551
(anonymous) @ react-dom-client.development.js:17149
batchedUpdates$1 @ react-dom-client.development.js:3262
dispatchEventForPluginEventSystem @ react-dom-client.development.js:16705
dispatchEvent @ react-dom-client.development.js:20815
dispatchDiscreteEvent @ react-dom-client.development.js:20783Understand this error
useSMS.ts:20 
            
            
           GET http://localhost:3002/api/sms/conversations 401 (Unauthorized)
useSMSConversations.useQuery @ useSMS.ts:20
fetchFn @ query.ts:457
run @ retryer.ts:153
(anonymous) @ retryer.ts:199
Promise.then
(anonymous) @ retryer.ts:195
Promise.catch
run @ retryer.ts:160
(anonymous) @ retryer.ts:199
Promise.then
(anonymous) @ retryer.ts:195
Promise.catch
run @ retryer.ts:160
(anonymous) @ retryer.ts:199
Promise.then
(anonymous) @ retryer.ts:195
Promise.catch
run @ retryer.ts:160
start @ retryer.ts:218
fetch @ query.ts:576
#executeFetch @ queryObserver.ts:333
(anonymous) @ queryObserver.ts:396
setInterval
#updateRefetchInterval @ queryObserver.ts:391
#updateTimers @ queryObserver.ts:403
onQueryUpdate @ queryObserver.ts:716
(anonymous) @ query.ts:655
(anonymous) @ query.ts:654
batch @ notifyManager.ts:54
#dispatch @ query.ts:653
onError @ query.ts:501
reject @ retryer.ts:116
(anonymous) @ retryer.ts:180
Promise.catch
run @ retryer.ts:160
(anonymous) @ retryer.ts:199
Promise.then
(anonymous) @ retryer.ts:195
Promise.catch
run @ retryer.ts:160
(anonymous) @ retryer.ts:199
Promise.then
(anonymous) @ retryer.ts:195
Promise.catch
run @ retryer.ts:160
(anonymous) @ retryer.ts:199
Promise.then
(anonymous) @ retryer.ts:195
Promise.catch
run @ retryer.ts:160
start @ retryer.ts:218
fetch @ query.ts:576
#executeFetch @ queryObserver.ts:333
onSubscribe @ queryObserver.ts:104
subscribe @ subscribable.ts:11
useBaseQuery.useSyncExternalStore.useCallback @ useBaseQuery.ts:100
subscribeToStore @ react-dom-client.development.js:7248
react-stack-bottom-frame @ react-dom-client.development.js:23054
runWithFiberInDEV @ react-dom-client.development.js:844
commitHookEffectListMount @ react-dom-client.development.js:11977
commitHookPassiveMountEffects @ react-dom-client.development.js:12098
commitPassiveMountOnFiber @ react-dom-client.development.js:13928
recursivelyTraversePassiveMountEffects @ react-dom-client.development.js:13901
commitPassiveMountOnFiber @ react-dom-client.development.js:14047
recursivelyTraversePassiveMountEffects @ react-dom-client.development.js:13901
commitPassiveMountOnFiber @ react-dom-client.development.js:14047
recursivelyTraversePassiveMountEffects @ react-dom-client.development.js:13901
commitPassiveMountOnFiber @ react-dom-client.development.js:14047
recursivelyTraversePassiveMountEffects @ react-dom-client.development.js:13901
commitPassiveMountOnFiber @ react-dom-client.development.js:14047
recursivelyTraversePassiveMountEffects @ react-dom-client.development.js:13901
commitPassiveMountOnFiber @ react-dom-client.development.js:13921
recursivelyTraversePassiveMountEffects @ react-dom-client.development.js:13901
commitPassiveMountOnFiber @ react-dom-client.development.js:14047
recursivelyTraversePassiveMountEffects @ react-dom-client.development.js:13901
commitPassiveMountOnFiber @ react-dom-client.development.js:13921
recursivelyTraversePassiveMountEffects @ react-dom-client.development.js:13901
commitPassiveMountOnFiber @ react-dom-client.development.js:13921
recursivelyTraversePassiveMountEffects @ react-dom-client.development.js:13901
commitPassiveMountOnFiber @ react-dom-client.development.js:14047
recursivelyTraversePassiveMountEffects @ react-dom-client.development.js:13901
commitPassiveMountOnFiber @ react-dom-client.development.js:14047
recursivelyTraversePassiveMountEffects @ react-dom-client.development.js:13901
commitPassiveMountOnFiber @ react-dom-client.development.js:13921
recursivelyTraversePassiveMountEffects @ react-dom-client.development.js:13901
commitPassiveMountOnFiber @ react-dom-client.development.js:13931
recursivelyTraversePassiveMountEffects @ react-dom-client.development.js:13901
commitPassiveMountOnFiber @ react-dom-client.development.js:13921
recursivelyTraversePassiveMountEffects @ react-dom-client.development.js:13901
commitPassiveMountOnFiber @ react-dom-client.development.js:13921
recursivelyTraversePassiveMountEffects @ react-dom-client.development.js:13901
commitPassiveMountOnFiber @ react-dom-client.development.js:13921
recursivelyTraversePassiveMountEffects @ react-dom-client.development.js:13901
commitPassiveMountOnFiber @ react-dom-client.development.js:13921
recursivelyTraversePassiveMountEffects @ react-dom-client.development.js:13901
commitPassiveMountOnFiber @ react-dom-client.development.js:13931
recursivelyTraversePassiveMountEffects @ react-dom-client.development.js:13901
commitPassiveMountOnFiber @ react-dom-client.development.js:13921
recursivelyTraversePassiveMountEffects @ react-dom-client.development.js:13901
commitPassiveMountOnFiber @ react-dom-client.development.js:13921
recursivelyTraversePassiveMountEffects @ react-dom-client.development.js:13901
commitPassiveMountOnFiber @ react-dom-client.development.js:14047
recursivelyTraversePassiveMountEffects @ react-dom-client.development.js:13901
commitPassiveMountOnFiber @ react-dom-client.development.js:13921
recursivelyTraversePassiveMountEffects @ react-dom-client.development.js:13901
commitPassiveMountOnFiber @ react-dom-client.development.js:14047
recursivelyTraversePassiveMountEffects @ react-dom-client.development.js:13901
commitPassiveMountOnFiber @ react-dom-client.development.js:14047
recursivelyTraversePassiveMountEffects @ react-dom-client.development.js:13901
commitPassiveMountOnFiber @ react-dom-client.development.js:13921
recursivelyTraversePassiveMountEffects @ react-dom-client.development.js:13901
commitPassiveMountOnFiber @ react-dom-client.development.js:13931
recursivelyTraversePassiveMountEffects @ react-dom-client.development.js:13901
commitPassiveMountOnFiber @ react-dom-client.development.js:13921
recursivelyTraversePassiveMountEffects @ react-dom-client.development.js:13901
commitPassiveMountOnFiber @ react-dom-client.development.js:13931
recursivelyTraversePassiveMountEffects @ react-dom-client.development.js:13901
commitPassiveMountOnFiber @ react-dom-client.development.js:13921
recursivelyTraversePassiveMountEffects @ react-dom-client.development.js:13901
commitPassiveMountOnFiber @ react-dom-client.development.js:13921
recursivelyTraversePassiveMountEffects @ react-dom-client.development.js:13901
commitPassiveMountOnFiber @ react-dom-client.development.js:13921
recursivelyTraversePassiveMountEffects @ react-dom-client.development.js:13901
commitPassiveMountOnFiber @ react-dom-client.development.js:13931
recursivelyTraversePassiveMountEffects @ react-dom-client.development.js:13901
commitPassiveMountOnFiber @ react-dom-client.development.js:13921
recursivelyTraversePassiveMountEffects @ react-dom-client.development.js:13901
commitPassiveMountOnFiber @ react-dom-client.development.js:13921
recursivelyTraversePassiveMountEffects @ react-dom-client.development.js:13901
commitPassiveMountOnFiber @ react-dom-client.development.js:14047
recursivelyTraversePassiveMountEffects @ react-dom-client.development.js:13901
commitPassiveMountOnFiber @ react-dom-client.development.js:13921
recursivelyTraversePassiveMountEffects @ react-dom-client.development.js:13901
commitPassiveMountOnFiber @ react-dom-client.development.js:14047
recursivelyTraversePassiveMountEffects @ react-dom-client.development.js:13901
commitPassiveMountOnFiber @ react-dom-client.development.js:14047
recursivelyTraversePassiveMountEffects @ react-dom-client.development.js:13901
commitPassiveMountOnFiber @ react-dom-client.development.js:13921
recursivelyTraversePassiveMountEffects @ react-dom-client.development.js:13901
commitPassiveMountOnFiber @ react-dom-client.development.js:14047
recursivelyTraversePassiveMountEffects @ react-dom-client.development.js:13901
commitPassiveMountOnFiber @ react-dom-client.development.js:14047
recursivelyTraversePassiveMountEffects @ react-dom-client.development.js:13901
commitPassiveMountOnFiber @ react-dom-client.development.js:14047
recursivelyTraversePassiveMountEffects @ react-dom-client.development.js:13901
commitPassiveMountOnFiber @ react-dom-client.development.js:13921
recursivelyTraversePassiveMountEffects @ react-dom-client.development.js:13901
commitPassiveMountOnFiber @ react-dom-client.development.js:13921
recursivelyTraversePassiveMountEffects @ react-dom-client.development.js:13901
commitPassiveMountOnFiber @ react-dom-client.development.js:14047
recursivelyTraversePassiveMountEffects @ react-dom-client.development.js:13901
commitPassiveMountOnFiber @ react-dom-client.development.js:14047
recursivelyTraversePassiveMountEffects @ react-dom-client.development.js:13901
commitPassiveMountOnFiber @ react-dom-client.development.js:13921
recursivelyTraversePassiveMountEffects @ react-dom-client.development.js:13901
commitPassiveMountOnFiber @ react-dom-client.development.js:13931
recursivelyTraversePassiveMountEffects @ react-dom-client.development.js:13901
commitPassiveMountOnFiber @ react-dom-client.development.js:13921
recursivelyTraversePassiveMountEffects @ react-dom-client.development.js:13901
commitPassiveMountOnFiber @ react-dom-client.development.js:13931
recursivelyTraversePassiveMountEffects @ react-dom-client.development.js:13901
commitPassiveMountOnFiber @ react-dom-client.development.js:13921
recursivelyTraversePassiveMountEffects @ react-dom-client.development.js:13901
commitPassiveMountOnFiber @ react-dom-client.development.js:13921
recursivelyTraversePassiveMountEffects @ react-dom-client.development.js:13901
commitPassiveMountOnFiber @ react-dom-client.development.js:13921
recursivelyTraversePassiveMountEffects @ react-dom-client.development.js:13901
commitPassiveMountOnFiber @ react-dom-client.development.js:13931
recursivelyTraversePassiveMountEffects @ react-dom-client.development.js:13901
commitPassiveMountOnFiber @ react-dom-client.development.js:13921
recursivelyTraversePassiveMountEffects @ react-dom-client.development.js:13901
commitPassiveMountOnFiber @ react-dom-client.development.js:13921
recursivelyTraversePassiveMountEffects @ react-dom-client.development.js:13901
commitPassiveMountOnFiber @ react-dom-client.development.js:14047
recursivelyTraversePassiveMountEffects @ react-dom-client.development.js:13901
commitPassiveMountOnFiber @ react-dom-client.development.js:13921
recursivelyTraversePassiveMountEffects @ react-dom-client.development.js:13901
commitPassiveMountOnFiber @ react-dom-client.development.js:14047
recursivelyTraversePassiveMountEffects @ react-dom-client.development.js:13901
commitPassiveMountOnFiber @ react-dom-client.development.js:13921
recursivelyTraversePassiveMountEffects @ react-dom-client.development.js:13901
commitPassiveMountOnFiber @ react-dom-client.development.js:13921
recursivelyTraversePassiveMountEffects @ react-dom-client.development.js:13901
commitPassiveMountOnFiber @ react-dom-client.development.js:14047
recursivelyTraversePassiveMountEffects @ react-dom-client.development.js:13901
commitPassiveMountOnFiber @ react-dom-client.development.js:14047
recursivelyTraversePassiveMountEffects @ react-dom-client.development.js:13901
commitPassiveMountOnFiber @ react-dom-client.development.js:14047
recursivelyTraversePassiveMountEffects @ react-dom-client.development.js:13901
commitPassiveMountOnFiber @ react-dom-client.development.js:13931
recursivelyTraversePassiveMountEffects @ react-dom-client.development.js:13901
commitPassiveMountOnFiber @ react-dom-client.development.js:13921
recursivelyTraversePassiveMountEffects @ react-dom-client.development.js:13901
commitPassiveMountOnFiber @ react-dom-client.development.js:13931
recursivelyTraversePassiveMountEffects @ react-dom-client.development.js:13901
commitPassiveMountOnFiber @ react-dom-client.development.js:13921
recursivelyTraversePassiveMountEffects @ react-dom-client.development.js:13901
commitPassiveMountOnFiber @ react-dom-client.development.js:13921
recursivelyTraversePassiveMountEffects @ react-dom-client.development.js:13901
commitPassiveMountOnFiber @ react-dom-client.development.js:13931
recursivelyTraversePassiveMountEffects @ react-dom-client.development.js:13901
commitPassiveMountOnFiber @ react-dom-client.development.js:13921
recursivelyTraversePassiveMountEffects @ react-dom-client.development.js:13901
commitPassiveMountOnFiber @ react-dom-client.development.js:13921
recursivelyTraversePassiveMountEffects @ react-dom-client.development.js:13901
commitPassiveMountOnFiber @ react-dom-client.development.js:14047
recursivelyTraversePassiveMountEffects @ react-dom-client.development.js:13901
commitPassiveMountOnFiber @ react-dom-client.development.js:14047
recursivelyTraversePassiveMountEffects @ react-dom-client.development.js:13901
commitPassiveMountOnFiber @ react-dom-client.development.js:14047
recursivelyTraversePassiveMountEffects @ react-dom-client.development.js:13901
commitPassiveMountOnFiber @ react-dom-client.development.js:14047
recursivelyTraversePassiveMountEffects @ react-dom-client.development.js:13901
commitPassiveMountOnFiber @ react-dom-client.development.js:14047
recursivelyTraversePassiveMountEffects @ react-dom-client.development.js:13901
commitPassiveMountOnFiber @ react-dom-client.development.js:14047
recursivelyTraversePassiveMountEffects @ react-dom-client.development.js:13901
commitPassiveMountOnFiber @ react-dom-client.development.js:13921
recursivelyTraversePassiveMountEffects @ react-dom-client.development.js:13901
commitPassiveMountOnFiber @ react-dom-client.development.js:13931
recursivelyTraversePassiveMountEffects @ react-dom-client.development.js:13901
commitPassiveMountOnFiber @ react-dom-client.development.js:13921
recursivelyTraversePassiveMountEffects @ react-dom-client.development.js:13901
commitPassiveMountOnFiber @ react-dom-client.development.js:13921
recursivelyTraversePassiveMountEffects @ react-dom-client.development.js:13901
commitPassiveMountOnFiber @ react-dom-client.development.js:14047
recursivelyTraversePassiveMountEffects @ react-dom-client.development.js:13901
commitPassiveMountOnFiber @ react-dom-client.development.js:13921
recursivelyTraversePassiveMountEffects @ react-dom-client.development.js:13901
commitPassiveMountOnFiber @ react-dom-client.development.js:13921
recursivelyTraversePassiveMountEffects @ react-dom-client.development.js:13901
commitPassiveMountOnFiber @ react-dom-client.development.js:14047
recursivelyTraversePassiveMountEffects @ react-dom-client.development.js:13901
commitPassiveMountOnFiber @ react-dom-client.development.js:14047
recursivelyTraversePassiveMountEffects @ react-dom-client.development.js:13901
commitPassiveMountOnFiber @ react-dom-client.development.js:13940
flushPassiveEffects @ react-dom-client.development.js:15868
(anonymous) @ react-dom-client.development.js:15504
performWorkUntilDeadline @ scheduler.development.js:45
<SMSConversations>
exports.jsxDEV @ react-jsx-dev-runtime.development.js:346
ReceptionistPage @ page.tsx:116
react-stack-bottom-frame @ react-dom-client.development.js:22973
renderWithHooksAgain @ react-dom-client.development.js:6766
renderWithHooks @ react-dom-client.development.js:6678
updateFunctionComponent @ react-dom-client.development.js:8930
beginWork @ react-dom-client.development.js:10555
runWithFiberInDEV @ react-dom-client.development.js:844
performUnitOfWork @ react-dom-client.development.js:15257
workLoopConcurrentByScheduler @ react-dom-client.development.js:15251
renderRootConcurrent @ react-dom-client.development.js:15226
performWorkOnRoot @ react-dom-client.development.js:14524
performWorkOnRootViaSchedulerTask @ react-dom-client.development.js:16349
performWorkUntilDeadline @ scheduler.development.js:45
<ReceptionistPage>
exports.jsx @ react-jsx-runtime.development.js:339
ClientPageRoot @ client-page.tsx:60
react-stack-bottom-frame @ react-dom-client.development.js:22973
renderWithHooksAgain @ react-dom-client.development.js:6766
renderWithHooks @ react-dom-client.development.js:6678
updateFunctionComponent @ react-dom-client.development.js:8930
beginWork @ react-dom-client.development.js:10504
runWithFiberInDEV @ react-dom-client.development.js:844
performUnitOfWork @ react-dom-client.development.js:15257
workLoopConcurrentByScheduler @ react-dom-client.development.js:15251
renderRootConcurrent @ react-dom-client.development.js:15226
performWorkOnRoot @ react-dom-client.development.js:14524
performWorkOnRootViaSchedulerTask @ react-dom-client.development.js:16349
performWorkUntilDeadline @ scheduler.development.js:45
"use client"
(anonymous) @ react-server-dom-turbopack-client.browser.development.js:2347
initializeModelChunk @ react-server-dom-turbopack-client.browser.development.js:1047
resolveModelChunk @ react-server-dom-turbopack-client.browser.development.js:1024
resolveModel @ react-server-dom-turbopack-client.browser.development.js:1592
processFullStringRow @ react-server-dom-turbopack-client.browser.development.js:2281
processFullBinaryRow @ react-server-dom-turbopack-client.browser.development.js:2226
progress @ react-server-dom-turbopack-client.browser.development.js:2472
"use server"
ResponseInstance @ react-server-dom-turbopack-client.browser.development.js:1580
createResponseFromOptions @ react-server-dom-turbopack-client.browser.development.js:2389
exports.createFromReadableStream @ react-server-dom-turbopack-client.browser.development.js:2702
createFromNextReadableStream @ fetch-server-response.ts:301
fetchServerResponse @ fetch-server-response.ts:230
await in fetchServerResponse
(anonymous) @ prefetch-cache-utils.ts:323
task @ promise-queue.ts:33
processNext @ promise-queue.ts:66
enqueue @ promise-queue.ts:46
createLazyPrefetchEntry @ prefetch-cache-utils.ts:322
getOrCreatePrefetchCacheEntry @ prefetch-cache-utils.ts:227
navigateReducer @ navigate-reducer.ts:216
clientReducer @ router-reducer.ts:32
action @ app-router-instance.ts:211
runAction @ app-router-instance.ts:98
dispatchAction @ app-router-instance.ts:163
dispatch @ app-router-instance.ts:209
(anonymous) @ use-action-queue.ts:46
startTransition @ react-dom-client.development.js:7842
dispatch @ use-action-queue.ts:45
dispatchAppRouterAction @ use-action-queue.ts:22
dispatchNavigateAction @ app-router-instance.ts:280
(anonymous) @ app-router-instance.ts:352
exports.startTransition @ react.development.js:1127
push @ app-router-instance.ts:351
onSubmit @ page.tsx:43
await in onSubmit
(anonymous) @ createFormControl.ts:1254
await in (anonymous)
executeDispatch @ react-dom-client.development.js:16501
runWithFiberInDEV @ react-dom-client.development.js:844
processDispatchQueue @ react-dom-client.development.js:16551
(anonymous) @ react-dom-client.development.js:17149
batchedUpdates$1 @ react-dom-client.development.js:3262
dispatchEventForPluginEventSystem @ react-dom-client.development.js:16705
dispatchEvent @ react-dom-client.development.js:20815
dispatchDiscreteEvent @ react-dom-client.development.js:20783Understand this error